{
  "ok": true,
  "workflow_id": "tg-init",
  "run_id": "RUN_20260810_122145_d11b202c",
  "phase": "intent",
  "phase_label_zh": "意图确认",
  "status": "running",
  "open_items": [
    {
      "id": "uo_ready",
      "kind": "static",
      "label_zh": "UO KB 就绪",
      "status": "open",
      "settled_by_gate": "uo_ready"
    },
    {
      "id": "init_confirmed",
      "kind": "static",
      "label_zh": "Init 已确认",
      "status": "open",
      "settled_by_gate": "init_confirmed"
    }
  ],
  "allowed_actions": [
    {
      "id": "init_intent",
      "label_zh": "确认 TG 模式意图",
      "phases": [
        "intent"
      ],
      "checker_required": true,
      "referee_required": false,
      "gates": [],
      "agent_id": "deterministic-tg-engine",
      "role_id": "deterministic_engine",
      "execution_mode": "deterministic",
      "policy_ids": [
        "source-authority",
        "code-access",
        "evidence",
        "language",
        "pilot-control",
        "output-quality"
      ],
      "capability_ids": [],
      "action_method_id": "tg-init/init-intent",
      "task_prompt_id": null,
      "context_profile_id": "tg-init-init-intent",
      "output_contract_id": "tg-init-intent-v1",
      "allowed_write_paths": [
        "tg/init/init_intent.yaml"
      ],
      "allowed_read_paths": [
        "context/**"
      ],
      "forbidden_write_paths": [],
      "forbidden_read_paths": [],
      "actors": [
        "deterministic-tg-engine"
      ]
    }
  ],
  "recommended_next_action": {
    "id": "init_intent",
    "label_zh": "确认 TG 模式意图",
    "reason": "pipeline_incomplete",
    "pipeline": [
      "init_intent"
    ],
    "missing_actions": [
      "init_intent"
    ]
  },
  "rework_targets": [],
  "last_failure": null,
  "no_progress_streak": 0,
  "retry_budget": 3,
  "message_zh": "下一步必须执行 recommended_next_action=`init_intent`；禁止从 allowed_actions 任意跳步；完成后再次 `acp next`。",
  "todo": {
    "workflow_id": "tg-init",
    "run_id": "RUN_20260810_122145_d11b202c",
    "phase": "intent",
    "phase_label_zh": "意图确认",
    "status": "running",
    "sync": "opencode_native_todowrite",
    "phases": [
      {
        "id": "intent",
        "label_zh": "意图确认",
        "status": "current"
      },
      {
        "id": "kb_ready",
        "label_zh": "KB 检查",
        "status": "pending"
      },
      {
        "id": "contract",
        "label_zh": "合同构建",
        "status": "pending"
      },
      {
        "id": "bind",
        "label_zh": "Host 视图绑定",
        "status": "pending"
      },
      {
        "id": "gate",
        "label_zh": "完整性校验",
        "status": "pending"
      },
      {
        "id": "confirm",
        "label_zh": "人工确认",
        "status": "pending"
      }
    ],
    "native_items": [
      {
        "id": "intent",
        "content": "意图确认",
        "status": "in_progress",
        "priority": "high"
      },
      {
        "id": "kb_ready",
        "content": "KB 检查",
        "status": "pending",
        "priority": "medium"
      },
      {
        "id": "contract",
        "content": "合同构建",
        "status": "pending",
        "priority": "medium"
      },
      {
        "id": "bind",
        "content": "Host 视图绑定",
        "status": "pending",
        "priority": "medium"
      },
      {
        "id": "gate",
        "content": "完整性校验",
        "status": "pending",
        "priority": "medium"
      },
      {
        "id": "confirm",
        "content": "人工确认",
        "status": "pending",
        "priority": "medium"
      }
    ],
    "open_items": [
      {
        "id": "uo_ready",
        "label_zh": "UO KB 就绪",
        "status": "open"
      },
      {
        "id": "init_confirmed",
        "label_zh": "Init 已确认",
        "status": "open"
      }
    ],
    "next_actions": [
      {
        "id": "init_intent",
        "label_zh": "确认 TG 模式意图"
      }
    ],
    "todo_sync": {
      "tool": "todowrite",
      "merge": true,
      "require_full_list": true,
      "require_ids": true,
      "forbid_partial_overwrite": true,
      "items": [
        {
          "id": "intent",
          "content": "意图确认",
          "status": "in_progress",
          "priority": "high"
        },
        {
          "id": "kb_ready",
          "content": "KB 检查",
          "status": "pending",
          "priority": "medium"
        },
        {
          "id": "contract",
          "content": "合同构建",
          "status": "pending",
          "priority": "medium"
        },
        {
          "id": "bind",
          "content": "Host 视图绑定",
          "status": "pending",
          "priority": "medium"
        },
        {
          "id": "gate",
          "content": "完整性校验",
          "status": "pending",
          "priority": "medium"
        },
        {
          "id": "confirm",
          "content": "人工确认",
          "status": "pending",
          "priority": "medium"
        }
      ],
      "instruction_zh": "有变化才 todowrite（merge=true）；items 与上次同步完全相同则跳过；一旦调用必须全量等于 todo.todo_sync.items（含全部 id/content/status/priority）；禁止子集；禁止在回复里讨论要不要同步；与下一步 acp 同轮并行。"
    }
  }
}
