{
  "ok": false,
  "error": "not_human_required",
  "status": "rework_required",
  "message_zh": "仅 human_required/blocked 可在环境修复后重试；rework_required 请直接按 acp next 的 retry_command 重试"
}
{
  "ok": true,
  "phase_runtime": "prepare",
  "action_id": "plan_approve",
  "actor_id": "ascendc-pilot",
  "role_id": "controller",
  "execution_mode": "primary_interactive",
  "action_session_id": "ACTION_SESSION_d094a3b3e8e2822b",
  "run_id": "RUN_20260810_122900_4b97a2e5",
  "session_dir": "/work/ops-transformer/attention/flash_attention_score_grad/.ascendc-pilot/arch35/runs/RUN_20260810_122900_4b97a2e5/actions/plan_approve",
  "bundle_path": "/work/ops-transformer/attention/flash_attention_score_grad/.ascendc-pilot/arch35/runs/RUN_20260810_122900_4b97a2e5/actions/plan_approve/bundle.yaml",
  "prompt_path": "/work/ops-transformer/attention/flash_attention_score_grad/.ascendc-pilot/arch35/runs/RUN_20260810_122900_4b97a2e5/actions/plan_approve/prompt.md",
  "method_path": "/work/ops-transformer/attention/flash_attention_score_grad/.ascendc-pilot/arch35/runs/RUN_20260810_122900_4b97a2e5/actions/plan_approve/method.md",
  "primary_instructions_path": "/work/ops-transformer/attention/flash_attention_score_grad/.ascendc-pilot/arch35/runs/RUN_20260810_122900_4b97a2e5/actions/plan_approve/prompt.md",
  "lease_id": "LEASE_7d15704bfe48",
  "prepare_nonce": "4f680f266337551d88cf6c6be2e8f190",
  "auto_finalize": false,
  "identity": {
    "run_id": "RUN_20260810_122900_4b97a2e5",
    "workflow_id": "tg-plan",
    "phase": "approve",
    "action_id": "plan_approve",
    "actor_id": "ascendc-pilot",
    "role_id": "controller",
    "action_session_id": "ACTION_SESSION_d094a3b3e8e2822b",
    "prepare_nonce_hash": "1739a7cef57e3633e5cd2036f0e3ec6c1f680194c19ad250965a2e0f489380bb",
    "lease_id": "LEASE_7d15704bfe48",
    "execution_mode": "primary_interactive"
  },
  "interactive_steps": [
    "Review the current level under /work/ops-transformer/attention/flash_attention_score_grad/.ascendc-pilot/tg/plan/levels/.",
    "Check coverage_obligations.yaml, unresolved.yaml, and any human-required items.",
    "AskQuestion: approve | rework | stop.",
    "Only after `approve`, run: acp run-action plan_approve --finalize --project /work/ops-transformer/attention/flash_attention_score_grad",
    "For `rework` or `stop`, do not finalize and report the blocking reason."
  ],
  "message_zh": "已准备 TG primary_interactive Action `plan_approve`。请先审阅合同与 unresolved，并通过 AskQuestion 获取明确决定；只有确认/批准分支才能调用 --finalize。",
  "dispatch_task": false
}
{
  "ok": false,
  "phase_runtime": "finalize",
  "action_id": "plan_approve",
  "actor_id": "ascendc-pilot",
  "run_id": "RUN_20260810_122900_4b97a2e5",
  "receipt": null,
  "checker_result": {
    "ok": false,
    "producer_identity": {
      "ok": true,
      "skipped": true
    },
    "identity_injection": {
      "ok": true,
      "skipped": true
    },
    "gates": [
      {
        "gate": "plan_approved",
        "ok": false,
        "ask": "",
        "detail": {},
        "message": "PLAN_BLOCKED: unresolved hard blockers must be cleared before tg-solve"
      }
    ],
    "output_contract": {
      "ok": true,
      "contract_id": "plan-approved-v1",
      "missing": [],
      "empty": [],
      "missing_globs": [],
      "identity_errors": [],
      "message": "ok"
    },
    "engine": {},
    "apply": {},
    "target_violation": {}
  },
  "message_zh": "Finalize 失败：Checker/Output Contract 未通过",
  "observation": {
    "observation_id": "OBS_c41cd76e658b",
    "run_id": "RUN_20260810_122900_4b97a2e5",
    "workflow_id": "tg-plan",
    "phase": "approve",
    "action_id": "plan_approve",
    "step_id": "action_finalize",
    "outcome": "failed",
    "failure_class": "checker_gate",
    "error_code": "ACTION_FINALIZE_FAILED_PLAN_APPROVE",
    "retryable": true,
    "findings": [
      {
        "code": "OUTPUT_CONTRACT_FAILED",
        "message": "Finalize 失败：Checker/Output Contract 未通过",
        "evidence": {}
      },
      {
        "code": "PLAN_BLOCKED_UNRESOLVED_HARD_BLOCKERS_MUST_BE_CL",
        "message": "PLAN_BLOCKED: unresolved hard blockers must be cleared before tg-solve",
        "evidence": {}
      }
    ],
    "recommended_transition": "rework_required",
    "legal_recovery_actions": [
      "retry_failed_action",
      "inspect_failure"
    ],
    "forbidden_recovery_actions": [
      "advance",
      "direct_domain_cli",
      "write_pilot_artifact_outside_contract"
    ],
    "source": "finalize_action",
    "created_at": "2026-08-10T12:37:09Z",
    "failure_fingerprint": "704de2c5b46fe40ec9389253"
  },
  "status": "human_required",
  "last_failure": {
    "action_id": "plan_approve",
    "step_id": "action_finalize",
    "error_code": "RETRY_EXHAUSTED",
    "failure_class": "retry_exhausted",
    "retryable": false,
    "reason_code": "RETRY_EXHAUSTED",
    "message_zh": "相同失败连续 2 次，重试预算（1）耗尽；需人工介入",
    "findings": [
      {
        "code": "OUTPUT_CONTRACT_FAILED",
        "message": "Finalize 失败：Checker/Output Contract 未通过",
        "evidence": {}
      },
      {
        "code": "PLAN_BLOCKED_UNRESOLVED_HARD_BLOCKERS_MUST_BE_CL",
        "message": "PLAN_BLOCKED: unresolved hard blockers must be cleared before tg-solve",
        "evidence": {}
      }
    ],
    "observation_id": "OBS_c41cd76e658b",
    "failure_fingerprint": "704de2c5b46fe40ec9389253",
    "recommended_transition": "rework_required",
    "legal_recovery_actions": [
      "inspect_failure",
      "retry_after_environment_fix",
      "abort_run"
    ],
    "forbidden_recovery_actions": [
      "advance",
      "direct_domain_cli",
      "write_pilot_artifact_outside_contract"
    ]
  },
  "failure_card": "当前阶段：approve\n失败 Action：plan_approve\n失败步骤：action_finalize\n状态：human_required\n\n失败类型：retry_exhausted\n错误代码：RETRY_EXHAUSTED\n\n失败项：\n- Finalize 失败：Checker/Output Contract 未通过\n- PLAN_BLOCKED: unresolved hard blockers must be cleared before tg-solve\n\n自动执行已停止。当前 Action 权限已撤销。\n禁止直调领域脚本或修改 Pilot 正式产物绕过控制面。\n\n合法后续：\n- 查看结构化失败信息\n- 修复外部环境后重试\n- 终止本次运行",
  "primary_decision_artifact": "/work/ops-transformer/attention/flash_attention_score_grad/.ascendc-pilot/arch35/tg/plan/levels/L0/human_supplement.yaml",
  "primary_decision_rolled_back": true
}
