{
  "ok": true,
  "status": "passed",
  "state": {
    "workflow_id": "tg-plan",
    "run_id": "RUN_20260810_122900_4b97a2e5",
    "phase": "approve",
    "phase_label_zh": "人工批准",
    "status": "passed",
    "intent": "",
    "op_name": "flash_attention_score_grad",
    "architecture": "arch35",
    "test_script_root": "",
    "csv_consumer_root": "",
    "level": "L0",
    "focus": "",
    "retry_budget": 1,
    "no_progress_streak": 0,
    "failed_gates": [
      {
        "id": "action_finalize",
        "gate": "action_finalize",
        "ok": false,
        "at": "2026-08-10T12:37:09Z",
        "detail": {
          "error_code": "ACTION_FINALIZE_FAILED_PLAN_APPROVE",
          "failure_class": "checker_gate"
        }
      }
    ],
    "passed_gates": [
      "kb_fingerprint_fresh",
      "init_confirmed",
      "plan_approved"
    ],
    "open_items": [],
    "last_failure": null,
    "created_at": "2026-08-10T12:29:00Z",
    "meta": {},
    "kb_schema_hash": "8b51c26b2012bdfc0f78ae52597f42cc3448687fc47a8ddb7cd3b93b1be83bbe",
    "workflow_spec_hash": "2ec0d1e67e7e6f7b5c4de82be9067ba47f659a19bdcb2a57107d5d11e7b64351",
    "agent_contract_hash": "93e1515f70e678ce7d87c7400291b9a849437f4605771d423e67ca11968fcf74",
    "tg_contract_hash": "ae40d64dc82db6814d49fa9c074b3c00a204861e5502de75c8f294a2f1963072",
    "progress_fingerprint": {
      "open_obligation_ids": [
        "plan_approved"
      ],
      "failed_gate_ids": [
        "action_finalize"
      ],
      "error_finding_ids": [],
      "status": "running",
      "phase": "approve"
    },
    "open_items_count": 0,
    "updated_at": "2026-08-10T12:38:45Z",
    "last_observation_id": "OBS_aa502c350513",
    "last_failure_fingerprint": "704de2c5b46fe40ec9389253",
    "failure_card": null,
    "terminal_reason": "all_gates_passed"
  },
  "todo": {
    "workflow_id": "tg-plan",
    "run_id": "RUN_20260810_122900_4b97a2e5",
    "phase": "approve",
    "phase_label_zh": "人工批准",
    "status": "passed",
    "sync": "opencode_native_todowrite",
    "phases": [
      {
        "id": "intent",
        "label_zh": "规划意图",
        "status": "done"
      },
      {
        "id": "scope",
        "label_zh": "规划范围",
        "status": "done"
      },
      {
        "id": "gate",
        "label_zh": "前置门禁",
        "status": "done"
      },
      {
        "id": "build",
        "label_zh": "生成义务",
        "status": "done"
      },
      {
        "id": "filter",
        "label_zh": "过滤裁剪",
        "status": "done"
      },
      {
        "id": "review",
        "label_zh": "规划审查",
        "status": "done"
      },
      {
        "id": "approve",
        "label_zh": "人工批准",
        "status": "done"
      }
    ],
    "native_items": [
      {
        "id": "intent",
        "content": "规划意图",
        "status": "completed",
        "priority": "low"
      },
      {
        "id": "scope",
        "content": "规划范围",
        "status": "completed",
        "priority": "low"
      },
      {
        "id": "gate",
        "content": "前置门禁",
        "status": "completed",
        "priority": "low"
      },
      {
        "id": "build",
        "content": "生成义务",
        "status": "completed",
        "priority": "low"
      },
      {
        "id": "filter",
        "content": "过滤裁剪",
        "status": "completed",
        "priority": "low"
      },
      {
        "id": "review",
        "content": "规划审查",
        "status": "completed",
        "priority": "low"
      },
      {
        "id": "approve",
        "content": "人工批准",
        "status": "completed",
        "priority": "low"
      }
    ],
    "open_items": [],
    "next_actions": [
      {
        "id": "plan_approve",
        "label_zh": "批准规划"
      }
    ],
    "todo_sync": {
      "tool": "todowrite",
      "merge": true,
      "require_full_list": true,
      "require_ids": true,
      "forbid_partial_overwrite": true,
      "items": [
        {
          "id": "intent",
          "content": "规划意图",
          "status": "completed",
          "priority": "low"
        },
        {
          "id": "scope",
          "content": "规划范围",
          "status": "completed",
          "priority": "low"
        },
        {
          "id": "gate",
          "content": "前置门禁",
          "status": "completed",
          "priority": "low"
        },
        {
          "id": "build",
          "content": "生成义务",
          "status": "completed",
          "priority": "low"
        },
        {
          "id": "filter",
          "content": "过滤裁剪",
          "status": "completed",
          "priority": "low"
        },
        {
          "id": "review",
          "content": "规划审查",
          "status": "completed",
          "priority": "low"
        },
        {
          "id": "approve",
          "content": "人工批准",
          "status": "completed",
          "priority": "low"
        }
      ],
      "instruction_zh": "有变化才 todowrite（merge=true）；items 与上次同步完全相同则跳过；一旦调用必须全量等于 todo.todo_sync.items（含全部 id/content/status/priority）；禁止子集；禁止在回复里讨论要不要同步；与下一步 acp 同轮并行。"
    }
  }
}
tg-plan approve passed
passed ['kb_fingerprint_fresh', 'init_confirmed', 'plan_approved']
DONE
