=== status ===
{
  "workflow_id": "tg-plan",
  "run_id": "RUN_20260810_122900_4b97a2e5",
  "phase": "gate",
  "phase_label_zh": "前置门禁",
  "status": "running",
  "intent": "",
  "op_name": "flash_attention_score_grad",
  "architecture": "arch35",
  "test_script_root": "",
  "csv_consumer_root": "",
  "level": "L0",
  "focus": "",
  "retry_budget": 1,
  "no_progress_streak": 0,
  "failed_gates": [
    {
      "id": "action_finalize",
      "gate": "action_finalize",
      "ok": false,
      "at": "2026-08-10T12:29:47Z",
      "detail": {
        "error_code": "ACTION_FINALIZE_FAILED_PLAN_PRECHECK",
        "failure_class": "checker_gate"
      }
    }
  ],
  "passed_gates": [],
  "open_items": [
    {
      "id": "plan_approved",
      "status": "open",
      "kind": "static",
      "settled_by_gate": "plan_approved"
    }
  ],
  "last_failure": null,
  "created_at": "2026-08-10T12:29:00Z",
  "meta": {},
  "kb_schema_hash": "8b51c26b2012bdfc0f78ae52597f42cc3448687fc47a8ddb7cd3b93b1be83bbe",
  "workflow_spec_hash": "2ec0d1e67e7e6f7b5c4de82be9067ba47f659a19bdcb2a57107d5d11e7b64351",
  "agent_contract_hash": "93e1515f70e678ce7d87c7400291b9a849437f4605771d423e67ca11968fcf74",
  "tg_contract_hash": "ae40d64dc82db6814d49fa9c074b3c00a204861e5502de75c8f294a2f1963072",
  "progress_fingerprint": {
    "open_obligation_ids": [
      "plan_approved"
    ],
    "failed_gate_ids": [
      "action_finalize"
    ],
    "error_finding_ids": [],
    "status": "running",
    "phase": "gate"
  },
  "open_items_count": 1,
  "updated_at": "2026-08-10T12:32:14Z",
  "last_observation_id": "OBS_c416877f12d5",
  "last_failure_fingerprint": "f1d34a0d91ac877e561e11c7",
  "failure_card": null,
  "todo": {
    "workflow_id": "tg-plan",
    "run_id": "RUN_20260810_122900_4b97a2e5",
    "phase": "gate",
    "phase_label_zh": "前置门禁",
    "status": "running",
    "sync": "opencode_native_todowrite",
    "phases": [
      {
        "id": "intent",
        "label_zh": "规划意图",
        "status": "done"
      },
      {
        "id": "scope",
        "label_zh": "规划范围",
        "status": "done"
      },
      {
        "id": "gate",
        "label_zh": "前置门禁",
        "status": "current"
      },
      {
        "id": "build",
        "label_zh": "生成义务",
        "status": "pending"
      },
      {
        "id": "filter",
        "label_zh": "过滤裁剪",
        "status": "pending"
      },
      {
        "id": "review",
        "label_zh": "规划审查",
        "status": "pending"
      },
      {
        "id": "approve",
        "label_zh": "人工批准",
        "status": "pending"
      }
    ],
    "native_items": [
      {
        "id": "intent",
        "content": "规划意图",
        "status": "completed",
        "priority": "low"
      },
      {
        "id": "scope",
        "content": "规划范围",
        "status": "completed",
        "priority": "low"
      },
      {
        "id": "gate",
        "content": "前置门禁",
        "status": "in_progress",
        "priority": "high"
      },
      {
        "id": "build",
        "content": "生成义务",
        "status": "pending",
        "priority": "medium"
      },
      {
        "id": "filter",
        "content": "过滤裁剪",
        "status": "pending",
        "priority": "medium"
      },
      {
        "id": "review",
        "content": "规划审查",
        "status": "pending",
        "priority": "medium"
      },
      {
        "id": "approve",
        "content": "人工批准",
        "status": "pending",
        "priority": "medium"
      }
    ],
    "open_items": [
      {
        "id": "plan_approved",
        "label_zh": "plan_approved",
        "status": "open"
      }
    ],
    "next_actions": [
      {
        "id": "plan_precheck",
        "label_zh": "规划前置门禁"
      }
    ],
    "todo_sync": {
      "tool": "todowrite",
      "merge": true,
      "require_full_list": true,
      "require_ids": true,
      "forbid_partial_overwrite": true,
      "items": [
        {
          "id": "intent",
          "content": "规划意图",
          "status": "completed",
          "priority": "low"
        },
        {
          "id": "scope",
          "content": "规划范围",
          "status": "completed",
          "priority": "low"
        },
        {
          "id": "gate",
          "content": "前置门禁",
          "status": "in_progress",
          "priority": "high"
        },
        {
          "id": "build",
          "content": "生成义务",
          "status": "pending",
          "priority": "medium"
        },
        {
          "id": "filter",
          "content": "过滤裁剪",
          "status": "pending",
          "priority": "medium"
        },
        {
          "id": "review",
          "content": "规划审查",
          "status": "pending",
          "priority": "medium"
        },
        {
          "id": "approve",
          "content": "人工批准",
          "status": "pending",
          "priority": "medium"
        }
      ],
      "instruction_zh": "有变化才 todowrite（merge=true）；items 与上次同步完全相同则跳过；一旦调用必须全量等于 todo.todo_sync.items（含全部 id/content/status/priority）；禁止子集；禁止在回复里讨论要不要同步；与下一步 acp 同轮并行。"
    }
  }
}
=== rework / retry plan_precheck ===
{
  "ok": false,
  "error": "PIPELINE_COMPLETE_ADVANCE_REQUIRED",
  "message_zh": "本阶段流水线已完成；禁止再 prepare 任意 Action。请 `acp advance` 进入下一阶段。",
  "recommended_next_action": {
    "id": null,
    "label_zh": "",
    "reason": "pipeline_complete",
    "pipeline": [
      "plan_precheck"
    ],
    "hint_zh": "本阶段首选流水线已齐；请 acp advance（禁止再 prepare 任意 Action）"
  },
  "requested_action": "plan_precheck",
  "phase": "gate"
}
