== env ==
ASCEND_HOME_PATH=/usr/local/Ascend/cann-9.1.0-beta.3
/work/venv-acp/bin/python
imports ok /mnt/d/PR-review/AscendC-Pilot/engines/understand-operator/src/uo_init/__init__.py
libclang /work/venv-acp/lib/python3.10/site-packages/clang/native/libclang.so
-rwxrwxrwx 1 root root 86717 Jul  1 14:42 /work/ops-transformer/attention/flash_attention_score_grad/op_kernel/arch35/flash_attention_score_grad_template_tiling_key.h
== wipe historical products ==
== uo-init: prepare → extract → analyze → resolve → commit → review ==
-- prepare --
{"ok": true, "engine": "prepare", "error": null, "failed_step": null, "path": null, "gap_count": null, "verdict": null, "summary": null}
-- extract --
[uo-timing] extract_host_bundle start  closure_mode=keypath with_kernel=True with_api=False kernel_max_variants=1
[uo-timing]   0.063s  discover
[uo-timing]   targets=['flash_attention_score_grad_tiling_common_regbase.cpp', 'flash_attention_score_grad_tiling_normal_regbase.cpp', 'flash_attention_score_grad_tiling_varlen_regbase.cpp', 'flash_attention_score_grad_tiling.cpp']
[uo-timing]   0.047s  BuildContext.load
[uo-timing] host_ir.parallel_tus  n=4 workers=4
[uo-timing] kernel_ir.start
[uo-timing]  54.186s  walk_file  file=flash_attention_score_grad_tiling.cpp side=host parse=7.216s frame=0.606s index=1.034s ast_walk=45.198s cache=store reachable=9 controls=114 writes=4 calls=772 diags=0 frames=0
[uo-timing]  54.222s  host_ir.walk_tu  file=flash_attention_score_grad_tiling.cpp controls=114 writes=4
[uo-timing] 178.591s  walk_file  file=flash_attention_score_grad_tiling_varlen_regbase.cpp side=host parse=9.169s frame=55.861s index=73.919s ast_walk=39.599s cache=store reachable=11 controls=3 writes=0 calls=119 diags=0 frames=1
[uo-timing] 178.710s  host_ir.walk_tu  file=flash_attention_score_grad_tiling_varlen_regbase.cpp controls=3 writes=0
[uo-timing] 263.839s SLOW  walk_file  file=flash_attention_score_grad_tiling_normal_regbase.cpp side=host parse=9.087s frame=69.198s index=104.368s ast_walk=80.551s cache=store reachable=50 controls=290 writes=156 calls=1592 diags=0 frames=1
[uo-timing] 263.961s SLOW  host_ir.walk_tu  file=flash_attention_score_grad_tiling_normal_regbase.cpp controls=290 writes=156
[uo-timing] 273.717s SLOW  walk_file  file=flash_attention_score_grad_tiling_common_regbase.cpp side=host parse=9.348s frame=71.903s index=117.868s ast_walk=74.021s cache=store reachable=54 controls=361 writes=126 calls=2176 diags=0 frames=0
[uo-timing] 274.002s SLOW  host_ir.walk_tu  file=flash_attention_score_grad_tiling_common_regbase.cpp controls=361 writes=126
[uo-timing] 274.061s  build_host_ir.done  controls=684 writes=286 local_writes=1552 calls=3375
[uo-timing] 286.667s SLOW  walk_file  file=flash_attention_score_grad_apt.cpp side=kernel parse=30.413s frame=217.045s index=12.601s ast_walk=8.002s cache=store reachable=531 controls=1785 writes=0 calls=2395 diags=5157 frames=0
[uo-timing] 286.771s SLOW  kernel_ir.walk  entry=flash_attention_score_grad_apt.cpp variant=DT_FLOAT16 controls=1785
[uo-timing] 286.791s SLOW  kernel_ir.done  branches=471
[uo-timing] 286.793s SLOW  host||kernel  tus=4
[uo-timing]   host_ir controls=684 writes=286 kernel_branches=471
[uo-timing]  23.683s  var_model+platform
[uo-timing] api_contract.start
[uo-timing]   0.031s  bind.done  bindings=19
[uo-timing]   0.032s  api_contract.done  facts=0.032s contract=skipped premises=0
[uo-timing]   0.033s  api||bind
[uo-timing]   api_premises=0 kernel_branches=471 bindings=19
[uo-timing]   closure_nodes=96 mode=keypath
[uo-timing]   0.626s  controllability.progress  32/96  batch=0.63s  51.1 nodes/s  core_cache=32
[uo-timing]   0.738s  controllability.progress  64/96  batch=0.11s  285.9 nodes/s  core_cache=64
[uo-timing]   1.174s  controllability.progress  96/96  batch=0.44s  73.4 nodes/s  core_cache=96
[uo-timing]   1.253s  controllability  mode=keypath
[uo-timing]   closure=1.000 blockers=0 core_cache=96
[uo-timing] extract_host_bundle TOTAL 311.9s  slow=['host||kernel']
[uo-timing]   summary    0.063s  discover
[uo-timing]   summary    0.047s  BuildContext.load
[uo-timing]   summary  286.793s  host||kernel
[uo-timing]   summary   23.683s  var_model+platform
[uo-timing]   summary    0.033s  api||bind
[uo-timing]   summary    1.253s  controllability
{"ok": true, "engine": "extract", "error": null, "failed_step": null, "path": null, "gap_count": null, "verdict": null, "summary": null}
-- analyze --
{"ok": true, "engine": "analyze", "error": null, "failed_step": null, "path": null, "gap_count": 13, "verdict": null, "summary": {"op_name": "flash_attention_score_grad", "architecture": "arch35", "entity_count": 4442, "relation_count": 8443, "entities_by_kind": {"ARCH": 1, "BRANCH": 292, "BUILD_VARIANT": 1, "COMPILE_VAR": 412, "FIELD": 914, "FILE": 47, "FUNCTION": 489, "INPUT": 41, "KERNEL": 1, "MACRO": 140, "METHOD": 630, "OUTPUT": 7, "PREDICATE": 802, "TEMPLATE": 66, "TEMPLATE_ARG": 19, "TILING_DATA": 11, "TILING_FIELD": 163, "TILING_KEY": 19, "TYPE": 49, "VARIABLE": 338}, "relations_by_kind": {"ACTIVE_UNDER": 288, "AVAILABLE_ON": 47, "BINDS": 1254, "CALLS": 1789, "CONTROLS": 563, "DECLARES": 926, "DEFINES": 1, "DERIVES": 1694, "FLOWS_TO": 261, "GUARDED_BY": 411, "READS": 658, "REFERENCES": 5, "SELECTS": 84, "WRITES": 462}, "has_host": true, "has_kernel": true, "has_host_kernel_path": true, "has_input_tilingkey_kernel_path": true, "has_tilingdata_kernel_path": true, "has_input_output_path": true, "tiling_key_declaration_coverage": "19/19", "tiling_key_host_packing_coverage": "19/19", "tiling_key_host_producer_coverage": "19/19", "tiling_key_root_coverage": "19/19", "tiling_key_dependency_coverage": "12/19"}}
-- resolve --
{"ok": true, "engine": "resolve_gaps", "error": null, "failed_step": null, "path": null, "gap_count": null, "verdict": null, "summary": null}
-- commit --
{"ok": true, "engine": "commit", "error": null, "failed_step": null, "path": "/work/ops-transformer/attention/flash_attention_score_grad/.ascendc-pilot/uo/flash_attention_score_grad.arch35.uo", "gap_count": null, "verdict": null, "summary": {"op_name": "flash_attention_score_grad", "architecture": "arch35", "entity_count": 4442, "relation_count": 8443, "entities_by_kind": {"ARCH": 1, "BRANCH": 292, "BUILD_VARIANT": 1, "COMPILE_VAR": 412, "FIELD": 914, "FILE": 47, "FUNCTION": 489, "INPUT": 41, "KERNEL": 1, "MACRO": 140, "METHOD": 630, "OUTPUT": 7, "PREDICATE": 802, "TEMPLATE": 66, "TEMPLATE_ARG": 19, "TILING_DATA": 11, "TILING_FIELD": 163, "TILING_KEY": 19, "TYPE": 49, "VARIABLE": 338}, "relations_by_kind": {"ACTIVE_UNDER": 288, "AVAILABLE_ON": 47, "BINDS": 1254, "CALLS": 1789, "CONTROLS": 563, "DECLARES": 926, "DEFINES": 1, "DERIVES": 1694, "FLOWS_TO": 261, "GUARDED_BY": 411, "READS": 658, "REFERENCES": 5, "SELECTS": 84, "WRITES": 462}, "has_host": true, "has_kernel": true, "has_host_kernel_path": true, "has_input_tilingkey_kernel_path": true, "has_tilingdata_kernel_path": true, "has_input_output_path": true, "tiling_key_declaration_coverage": "19/19", "tiling_key_host_packing_coverage": "19/19", "tiling_key_host_producer_coverage": "19/19", "tiling_key_root_coverage": "19/19", "tiling_key_dependency_coverage": "12/19"}}
-- review --
{"ok": true, "engine": "review", "error": null, "failed_step": null, "path": "/work/ops-transformer/attention/flash_attention_score_grad/.ascendc-pilot/uo/flash_attention_score_grad.arch35.uo", "gap_count": null, "verdict": "pass", "summary": null}
PRODUCT /work/ops-transformer/attention/flash_attention_score_grad/.ascendc-pilot/uo/flash_attention_score_grad.arch35.uo
META {'schema': 'codemap-uo/v1', 'op_name': 'flash_attention_score_grad', 'architecture': 'arch35', 'entity_count': '4442', 'relation_count': '8430'}
VIEWS {'legal_key_count': 8705, 'host_fields': 93, 'graph_fp': 'ae9c34769761decb26d8157c50ffc186a3500ebecbc329d1838fec5299c372db'}
/mnt/d/PR-review/AscendC-Pilot/artifacts/fa-pr13/rebuild_uo_and_construct.sh: line 232: syntax error near unexpected token `('
