== label=python UO_NATIVE_WALK=0 UO_INIT_PROFILE=default ==
uo_init /mnt/d/PR-review/AscendC-Pilot/engines/understand-operator/src/uo_init/__init__.py
3.10.12 (main, Jun 22 2026, 18:55:27) [GCC 11.4.0]
8
== wipe TU cache + uo products (TRUE cold) ==
4.0K	/work/ops-transformer/attention/flash_attention_score_grad/.ascendc-pilot/arch35/uo
== prepare + extract (timed) ==
-- prepare --
[uo-timing]   8.903s  walk_file  file=flash_attention_score_grad_tiling_common_regbase.cpp side=host parse=5.721s frame=merged index=1.170s ast_walk=1.630s cache=store reachable=334 controls=377 writes=280 calls=2176 diags=0 frames=0
[uo-timing]   7.780s  walk_file  file=flash_attention_score_grad_tiling_normal_regbase.cpp side=host parse=5.270s frame=merged index=0.929s ast_walk=1.298s cache=store reachable=326 controls=324 writes=312 calls=1541 diags=0 frames=1
[uo-timing]   7.587s  walk_file  file=flash_attention_score_grad_tiling_varlen_regbase.cpp side=host parse=5.582s frame=merged index=0.909s ast_walk=0.949s cache=store reachable=326 controls=242 writes=259 calls=815 diags=0 frames=1
[uo-timing]  28.541s  walk_file  file=flash_attention_score_grad_apt.cpp side=kernel parse=18.753s frame=merged index=3.118s ast_walk=5.830s cache=store reachable=610 controls=2182 writes=2043 calls=2719 diags=5157 frames=0
[measure] prepare wall=53.37s ok=True err=None
-- extract --
[uo-timing] extract_host_bundle start  closure_mode=keypath with_kernel=True with_api=False kernel_max_variants=1
[uo-timing]   0.050s  discover
[uo-timing]   targets=['flash_attention_score_grad_tiling_common_regbase.cpp', 'flash_attention_score_grad_tiling_normal_regbase.cpp', 'flash_attention_score_grad_tiling_varlen_regbase.cpp', 'flash_attention_score_grad_tiling.cpp']
[uo-timing]   0.027s  BuildContext.load
[uo-timing] kernel_ir.start
[uo-timing] host_ir.parallel_tus  n=4 workers=4 pool=process
[uo-timing]   8.483s  walk_file  file=flash_attention_score_grad_tiling.cpp side=host parse=5.873s frame=merged index=1.214s ast_walk=1.223s cache=store reachable=9 controls=114 writes=4 calls=772 diags=0 frames=0
[uo-timing]   8.515s  host_ir.walk_tu  file=flash_attention_score_grad_tiling.cpp controls=114 writes=4
[uo-timing]  11.462s  walk_file  file=flash_attention_score_grad_tiling_varlen_regbase.cpp side=host parse=7.714s frame=merged index=1.833s ast_walk=1.704s cache=store reachable=46 controls=226 writes=105 calls=815 diags=0 frames=1
[uo-timing]  11.500s  host_ir.walk_tu  file=flash_attention_score_grad_tiling_varlen_regbase.cpp controls=226 writes=105
[uo-timing]  12.862s  walk_file  file=flash_attention_score_grad_tiling_normal_regbase.cpp side=host parse=8.287s frame=merged index=1.898s ast_walk=2.230s cache=store reachable=46 controls=308 writes=158 calls=1541 diags=0 frames=1
[uo-timing]  12.895s  host_ir.walk_tu  file=flash_attention_score_grad_tiling_normal_regbase.cpp controls=308 writes=158
[uo-timing]  12.996s  walk_file  file=flash_attention_score_grad_tiling_common_regbase.cpp side=host parse=7.347s frame=merged index=2.450s ast_walk=2.704s cache=store reachable=54 controls=361 writes=126 calls=2176 diags=0 frames=0
[uo-timing]  13.038s  host_ir.walk_tu  file=flash_attention_score_grad_tiling_common_regbase.cpp controls=361 writes=126
[uo-timing]  13.186s  build_host_ir.done  controls=911 writes=393 local_writes=2054 calls=4022
[uo-timing]  31.846s  walk_file  file=flash_attention_score_grad_apt.cpp side=kernel parse=24.492s frame=merged index=3.016s ast_walk=3.778s cache=store reachable=531 controls=1785 writes=0 calls=2395 diags=5157 frames=0
[uo-timing]  31.880s  kernel_ir.walk  entry=flash_attention_score_grad_apt.cpp variant=DT_FLOAT16 controls=1785
[uo-timing]  31.896s  kernel_ir.done  branches=471
[uo-timing]  31.897s  host||kernel  tus=4
[uo-timing]   host_ir controls=911 writes=393 kernel_branches=471
[uo-timing]  17.238s  var_model+platform
[uo-timing] api_contract.start
[uo-timing]   0.014s  api_contract.done  facts=0.014s contract=skipped premises=0
[uo-timing]   0.033s  bind.done  bindings=19
[uo-timing]   0.034s  api||bind
[uo-timing]   api_premises=0 kernel_branches=471 bindings=19
[uo-timing]   closure_nodes=96 mode=keypath
[uo-timing]   0.550s  controllability.progress  32/96  batch=0.55s  58.2 nodes/s  core_cache=32
[uo-timing]   0.634s  controllability.progress  64/96  batch=0.08s  383.7 nodes/s  core_cache=64
[uo-timing]   1.019s  controllability.progress  96/96  batch=0.39s  83.0 nodes/s  core_cache=96