-- prepare --
[uo-timing]  10.068s  walk_file  file=flash_attention_score_grad_tiling_common_regbase.cpp side=host parse=6.305s frame=merged index=1.182s ast_walk=2.041s cache=store reachable=334 controls=377 writes=280 calls=2176 diags=0 frames=0
[uo-timing]   8.161s  walk_file  file=flash_attention_score_grad_tiling_normal_regbase.cpp side=host parse=5.585s frame=merged index=0.991s ast_walk=1.303s cache=store reachable=326 controls=324 writes=312 calls=1541 diags=0 frames=1
[uo-timing]   7.137s  walk_file  file=flash_attention_score_grad_tiling_varlen_regbase.cpp side=host parse=5.199s frame=merged index=0.852s ast_walk=0.938s cache=store reachable=326 controls=242 writes=259 calls=815 diags=0 frames=1
[uo-timing]  31.023s  walk_file  file=flash_attention_score_grad_apt.cpp side=kernel parse=20.356s frame=merged index=3.424s ast_walk=6.400s cache=store reachable=610 controls=2182 writes=2043 calls=2719 diags=5157 frames=0
[measure] prepare wall=57.16s ok=True
-- extract --
[uo-timing] extract_host_bundle start  closure_mode=keypath with_kernel=True with_api=False kernel_max_variants=1
[uo-timing]   0.061s  discover
[uo-timing]   targets=['flash_attention_score_grad_tiling_common_regbase.cpp', 'flash_attention_score_grad_tiling_normal_regbase.cpp', 'flash_attention_score_grad_tiling_varlen_regbase.cpp', 'flash_attention_score_grad_tiling.cpp']
[uo-timing]   0.048s  BuildContext.load
[uo-timing] kernel_ir.start
[uo-timing] host_ir.parallel_tus  n=4 workers=4 pool=process
[uo-timing]   9.642s  walk_file  file=flash_attention_score_grad_tiling.cpp side=host parse=6.227s frame=merged index=1.551s ast_walk=1.666s cache=store reachable=9 controls=114 writes=4 calls=772 diags=0 frames=0
[uo-timing]   9.691s  host_ir.walk_tu  file=flash_attention_score_grad_tiling.cpp controls=114 writes=4
[uo-timing]  13.818s  walk_file  file=flash_attention_score_grad_tiling_varlen_regbase.cpp side=host parse=9.616s frame=merged index=1.750s ast_walk=2.236s cache=store reachable=46 controls=226 writes=105 calls=815 diags=0 frames=1
[uo-timing]  13.859s  host_ir.walk_tu  file=flash_attention_score_grad_tiling_varlen_regbase.cpp controls=226 writes=105
[uo-timing]  15.708s  walk_file  file=flash_attention_score_grad_tiling_normal_regbase.cpp side=host parse=9.809s frame=merged index=2.264s ast_walk=3.120s cache=store reachable=46 controls=308 writes=158 calls=1541 diags=0 frames=1
[uo-timing]  15.713s  walk_file  file=flash_attention_score_grad_tiling_common_regbase.cpp side=host parse=8.606s frame=merged index=2.647s ast_walk=3.837s cache=store reachable=54 controls=361 writes=126 calls=2176 diags=0 frames=0
[uo-timing]  15.751s  host_ir.walk_tu  file=flash_attention_score_grad_tiling_normal_regbase.cpp controls=308 writes=158
[uo-timing]  15.764s  host_ir.walk_tu  file=flash_attention_score_grad_tiling_common_regbase.cpp controls=361 writes=126
[uo-timing]  15.945s  build_host_ir.done  controls=911 writes=393 local_writes=2054 calls=4022
[uo-timing]  34.189s  walk_file  file=flash_attention_score_grad_apt.cpp side=kernel parse=26.484s frame=merged index=2.938s ast_walk=4.196s cache=store reachable=531 controls=1785 writes=0 calls=2395 diags=5157 frames=0
[uo-timing]  34.216s  kernel_ir.walk  entry=flash_attention_score_grad_apt.cpp variant=DT_FLOAT16 controls=1785
[uo-timing]  34.230s  kernel_ir.done  branches=471
[uo-timing]  34.232s  host||kernel  tus=4
[uo-timing]   host_ir controls=911 writes=393 kernel_branches=471
[uo-timing]  18.842s  var_model+platform
[uo-timing] api_contract.start
[uo-timing]   0.024s  api_contract.done  facts=0.024s contract=skipped premises=0
[uo-timing]   0.035s  bind.done  bindings=19
[uo-timing]   0.038s  api||bind
[uo-timing]   api_premises=0 kernel_branches=471 bindings=19
[uo-timing]   closure_nodes=96 mode=keypath
[uo-timing]   0.562s  controllability.progress  32/96  batch=0.56s  56.9 nodes/s  core_cache=32
[uo-timing]   0.653s  controllability.progress  64/96  batch=0.09s  354.4 nodes/s  core_cache=64
[uo-timing]   1.021s  controllability.progress  96/96  batch=0.37s  86.8 nodes/s  core_cache=96
[uo-timing]   1.085s  controllability  mode=keypath
[uo-timing]   closure=1.000 blockers=0 core_cache=96
[uo-timing] extract_host_bundle TOTAL 54.3s  slow=none
[uo-timing]   summary    0.061s  discover
[uo-timing]   summary    0.048s  BuildContext.load
[uo-timing]   summary   34.232s  host||kernel
[uo-timing]   summary   18.842s  var_model+platform
[uo-timing]   summary    0.038s  api||bind
[uo-timing]   summary    1.085s  controllability
[measure] extract wall=55.39s ok=True
-- analyze --
[measure] analyze wall=118.18s ok=True
-- resolve --
[measure] resolve wall=0.14s ok=True
-- commit --
[measure] commit wall=111.58s ok=True
{
  "label": "python",
  "native_walk": "0",
  "phases": {
    "prepare": 57.16,
    "extract": 55.39,
    "analyze": 118.18,
    "resolve": 0.14,
    "commit": 111.58,
    "total": 342.46
  },
  "codemap": {
    "entity_count": 4583,
    "relation_count": 9293,
    "has_host": true,
    "has_kernel": true,
    "has_host_kernel_path": true,
    "has_input_tilingkey_kernel_path": true,
    "has_tilingdata_kernel_path": true,
    "has_input_output_path": true,
    "tiling_key_declaration_coverage": "19/19",
    "tiling_key_host_packing_coverage": "19/19",
    "tiling_key_host_producer_coverage": "19/19",
    "tiling_key_root_coverage": "19/19",
    "tiling_key_dependency_coverage": "12/19"
  },
  "entities_by_kind": {
    "ARCH": 1,
    "BRANCH": 359,
    "BUILD_VARIANT": 1,
    "COMPILE_VAR": 412,
    "FIELD": 939,
    "FILE": 47,
    "FUNCTION": 504,
    "INPUT": 41,
    "KERNEL": 1,
    "MACRO": 140,
    "METHOD": 630,
    "OUTPUT": 7,
    "PREDICATE": 802,
    "TEMPLATE": 66,
    "TEMPLATE_ARG": 19,
    "TILING_DATA": 11,
    "TILING_FIELD": 163,
    "TILING_KEY": 19,
    "TYPE": 49,
    "VARIABLE": 372
  },
  "relations_by_kind": {
    "ACTIVE_UNDER": 288,
    "AVAILABLE_ON": 47,
    "BINDS": 1254,
    "CALLS": 2022,
    "CONTROLS": 691,
    "DECLARES": 926,
    "DEFINES": 1,
    "DERIVES": 1694,
    "FLOWS_TO": 445,
    "GUARDED_BY": 539,
    "READS": 763,
    "REFERENCES": 5,
    "SELECTS": 84,
    "WRITES": 534
  },
  "product": {
    "entity_count": "4583",
    "relation_count": "9280",
    "legal_key_count": 8705,
    "host_fields": 93,
    "graph_fp": "5d29d0d84b2629bb2b8a2b86f89c7a2dae338e0e8edc3a1136e9ec5a9b98cfbf"
  }
}
WROTE /mnt/d/PR-review/AscendC-Pilot/artifacts/fa-pr13/uo_cold_python.json
