-- prepare --
[uo-timing]   5.287s  probe  file=flash_attention_score_grad_tiling_common_regbase.cpp side=host cache=store errors=0 fatal=0
[uo-timing]   4.768s  probe  file=flash_attention_score_grad_tiling_normal_regbase.cpp side=host cache=store errors=0 fatal=0
[uo-timing]   4.439s  probe  file=flash_attention_score_grad_tiling_varlen_regbase.cpp side=host cache=store errors=0 fatal=0
[uo-timing]  17.676s  probe  file=flash_attention_score_grad_apt.cpp side=kernel cache=store errors=2354 fatal=0
[measure] prepare wall=32.93s ok=True
-- extract --
[uo-timing] extract_host_bundle start  closure_mode=keypath with_kernel=True with_api=False kernel_max_variants=1
[uo-timing]   0.054s  discover
[uo-timing]   targets=['flash_attention_score_grad_tiling_common_regbase.cpp', 'flash_attention_score_grad_tiling_normal_regbase.cpp', 'flash_attention_score_grad_tiling_varlen_regbase.cpp', 'flash_attention_score_grad_tiling.cpp']
[uo-timing]   0.034s  BuildContext.load
[uo-timing] kernel_ir.start
[uo-timing] host_ir.parallel_tus  n=4 workers=4 pool=process
[uo-timing]  10.102s  walk_file  file=flash_attention_score_grad_tiling.cpp side=host parse=6.902s frame=merged index=1.677s ast_walk=1.313s cache=store reachable=9 controls=114 writes=4 calls=772 diags=0 frames=0
[uo-timing]  10.142s  host_ir.walk_tu  file=flash_attention_score_grad_tiling.cpp controls=114 writes=4
[uo-timing]  13.915s  walk_file  file=flash_attention_score_grad_tiling_varlen_regbase.cpp side=host parse=9.541s frame=merged index=2.019s ast_walk=2.125s cache=store reachable=46 controls=226 writes=105 calls=815 diags=0 frames=1
[uo-timing]  13.955s  host_ir.walk_tu  file=flash_attention_score_grad_tiling_varlen_regbase.cpp controls=226 writes=105
[uo-timing]  14.864s  walk_file  file=flash_attention_score_grad_tiling_normal_regbase.cpp side=host parse=9.461s frame=merged index=2.147s ast_walk=2.882s cache=store reachable=46 controls=308 writes=158 calls=1541 diags=0 frames=1
[uo-timing]  14.895s  host_ir.walk_tu  file=flash_attention_score_grad_tiling_normal_regbase.cpp controls=308 writes=158
[uo-timing]  15.803s  walk_file  file=flash_attention_score_grad_tiling_common_regbase.cpp side=host parse=9.946s frame=merged index=2.813s ast_walk=2.678s cache=store reachable=54 controls=361 writes=126 calls=2176 diags=0 frames=0
[uo-timing]  15.844s  host_ir.walk_tu  file=flash_attention_score_grad_tiling_common_regbase.cpp controls=361 writes=126
[uo-timing]  15.998s  build_host_ir.done  controls=911 writes=393 local_writes=2054 calls=4022
[uo-timing]  35.206s  walk_file  file=flash_attention_score_grad_apt.cpp side=kernel parse=27.785s frame=merged index=2.780s ast_walk=4.023s cache=store reachable=531 controls=1785 writes=0 calls=2395 diags=5157 frames=0
[uo-timing]  35.241s  kernel_ir.walk  entry=flash_attention_score_grad_apt.cpp variant=DT_FLOAT16 controls=1785
[uo-timing]  35.255s  kernel_ir.done  branches=471
[uo-timing]  35.258s  host||kernel  tus=4
[uo-timing]   host_ir controls=911 writes=393 kernel_branches=471
[uo-timing]  19.881s  var_model+platform
[uo-timing] api_contract.start
[uo-timing]   0.034s  api_contract.done  facts=0.034s contract=skipped premises=0
[uo-timing]   0.050s  bind.done  bindings=19
[uo-timing]   0.052s  api||bind
[uo-timing]   api_premises=0 kernel_branches=471 bindings=19
[uo-timing]   closure_nodes=96 mode=keypath
[uo-timing]   0.994s  controllability.progress  32/96  batch=0.99s  32.2 nodes/s  core_cache=32
[uo-timing]   1.160s  controllability.progress  64/96  batch=0.17s  192.0 nodes/s  core_cache=64
[uo-timing]   1.762s  controllability.progress  96/96  batch=0.60s  53.2 nodes/s  core_cache=96
[uo-timing]   1.831s  controllability  mode=keypath
[uo-timing]   closure=1.000 blockers=0 core_cache=96
[uo-timing] extract_host_bundle TOTAL 57.1s  slow=none
[uo-timing]   summary    0.054s  discover
[uo-timing]   summary    0.034s  BuildContext.load
[uo-timing]   summary   35.258s  host||kernel
[uo-timing]   summary   19.881s  var_model+platform
[uo-timing]   summary    0.052s  api||bind
[uo-timing]   summary    1.831s  controllability
[measure] extract wall=59.15s ok=True
-- analyze --
[measure] analyze wall=111.16s ok=True
-- resolve --
[measure] resolve wall=0.07s ok=True
-- commit --
[measure] commit wall=118.5s ok=True
{
  "label": "probe",
  "native_walk": "0",
  "phases": {
    "prepare": 32.93,
    "extract": 59.15,
    "analyze": 111.16,
    "resolve": 0.07,
    "commit": 118.5,
    "total": 321.81
  },
  "codemap": {
    "entity_count": 4583,
    "relation_count": 9293,
    "has_host": true,
    "has_kernel": true,
    "has_host_kernel_path": true,
    "has_input_tilingkey_kernel_path": true,
    "has_tilingdata_kernel_path": true,
    "has_input_output_path": true,
    "tiling_key_declaration_coverage": "19/19",
    "tiling_key_host_packing_coverage": "19/19",
    "tiling_key_host_producer_coverage": "19/19",
    "tiling_key_root_coverage": "19/19",
    "tiling_key_dependency_coverage": "12/19"
  },
  "entities_by_kind": {
    "ARCH": 1,
    "BRANCH": 359,
    "BUILD_VARIANT": 1,
    "COMPILE_VAR": 412,
    "FIELD": 939,
    "FILE": 47,
    "FUNCTION": 504,
    "INPUT": 41,
    "KERNEL": 1,
    "MACRO": 140,
    "METHOD": 630,
    "OUTPUT": 7,
    "PREDICATE": 802,
    "TEMPLATE": 66,
    "TEMPLATE_ARG": 19,
    "TILING_DATA": 11,
    "TILING_FIELD": 163,
    "TILING_KEY": 19,
    "TYPE": 49,
    "VARIABLE": 372
  },
  "relations_by_kind": {
    "ACTIVE_UNDER": 288,
    "AVAILABLE_ON": 47,
    "BINDS": 1254,
    "CALLS": 2022,
    "CONTROLS": 691,
    "DECLARES": 926,
    "DEFINES": 1,
    "DERIVES": 1694,
    "FLOWS_TO": 445,
    "GUARDED_BY": 539,
    "READS": 763,
    "REFERENCES": 5,
    "SELECTS": 84,
    "WRITES": 534
  },
  "product": {
    "entity_count": "4583",
    "relation_count": "9280",
    "legal_key_count": 8705,
    "host_fields": 93,
    "graph_fp": "5d29d0d84b2629bb2b8a2b86f89c7a2dae338e0e8edc3a1136e9ec5a9b98cfbf"
  }
}
WROTE /mnt/d/PR-review/AscendC-Pilot/artifacts/fa-pr13/uo_cold_probe.json
