-- prepare --
[measure] prepare wall=0.31s ok=True
-- extract --
[uo-timing] extract_host_bundle start  closure_mode=keypath with_kernel=True with_api=False kernel_max_variants=1
[uo-timing]   0.118s  discover
[uo-timing]   targets=['flash_attention_score_grad_tiling_common_regbase.cpp', 'flash_attention_score_grad_tiling_normal_regbase.cpp', 'flash_attention_score_grad_tiling_varlen_regbase.cpp', 'flash_attention_score_grad_tiling.cpp']
[uo-timing]   0.219s  BuildContext.load
[uo-timing] kernel_ir.start
[uo-timing] host_ir.parallel_tus  n=4 workers=4 pool=process
[uo-timing]  10.021s  walk_file  file=flash_attention_score_grad_tiling.cpp side=host parse=7.255s frame=merged index=1.185s ast_walk=1.272s cache=store reachable=9 controls=114 writes=4 calls=772 diags=0 frames=0
[uo-timing]  10.068s  host_ir.walk_tu  file=flash_attention_score_grad_tiling.cpp controls=114 writes=4
[uo-timing]  13.510s  walk_file  file=flash_attention_score_grad_tiling_varlen_regbase.cpp side=host parse=9.574s frame=merged index=1.920s ast_walk=1.780s cache=store reachable=46 controls=226 writes=105 calls=815 diags=0 frames=1
[uo-timing]  13.551s  host_ir.walk_tu  file=flash_attention_score_grad_tiling_varlen_regbase.cpp controls=226 writes=105
[uo-timing]  14.930s  walk_file  file=flash_attention_score_grad_tiling_normal_regbase.cpp side=host parse=9.888s frame=merged index=1.993s ast_walk=2.601s cache=store reachable=46 controls=308 writes=158 calls=1541 diags=0 frames=1
[uo-timing]  14.963s  host_ir.walk_tu  file=flash_attention_score_grad_tiling_normal_regbase.cpp controls=308 writes=158
[uo-timing]  15.057s  walk_file  file=flash_attention_score_grad_tiling_common_regbase.cpp side=host parse=8.837s frame=merged index=2.544s ast_walk=3.173s cache=store reachable=54 controls=361 writes=126 calls=2176 diags=0 frames=0
[uo-timing]  15.095s  host_ir.walk_tu  file=flash_attention_score_grad_tiling_common_regbase.cpp controls=361 writes=126
[uo-timing]  15.346s  build_host_ir.done  controls=911 writes=393 local_writes=2054 calls=4022
[uo-timing]  35.412s  walk_file  file=flash_attention_score_grad_apt.cpp side=kernel parse=26.690s frame=merged index=3.126s ast_walk=4.719s cache=store reachable=531 controls=1785 writes=0 calls=2395 diags=5157 frames=0
[uo-timing]  35.439s  kernel_ir.walk  entry=flash_attention_score_grad_apt.cpp variant=DT_FLOAT16 controls=1785
[uo-timing]  35.451s  kernel_ir.done  branches=471
[uo-timing]  35.455s  host||kernel  tus=4
[uo-timing]   host_ir controls=911 writes=393 kernel_branches=471
[uo-timing]  14.933s  var_model+platform
[uo-timing] api_contract.start
[uo-timing]   0.023s  api_contract.done  facts=0.023s contract=skipped premises=0
[uo-timing]   0.037s  bind.done  bindings=19
[uo-timing]   0.039s  api||bind
[uo-timing]   api_premises=0 kernel_branches=471 bindings=19
[uo-timing]   closure_nodes=96 mode=keypath
[uo-timing]   0.535s  controllability.progress  32/96  batch=0.53s  59.9 nodes/s  core_cache=32
[uo-timing]   0.627s  controllability.progress  64/96  batch=0.09s  347.7 nodes/s  core_cache=64
[uo-timing]   1.023s  controllability.progress  96/96  batch=0.40s  80.8 nodes/s  core_cache=96
[uo-timing]   1.081s  controllability  mode=keypath
[uo-timing]   closure=1.000 blockers=0 core_cache=96
[uo-timing] extract_host_bundle TOTAL 51.9s  slow=none
[uo-timing]   summary    0.118s  discover
[uo-timing]   summary    0.219s  BuildContext.load
[uo-timing]   summary   35.455s  host||kernel
[uo-timing]   summary   14.933s  var_model+platform
[uo-timing]   summary    0.039s  api||bind
[uo-timing]   summary    1.081s  controllability
[measure] extract wall=54.11s ok=True
-- analyze --
[uo-timing]   0.598s  compile.analyze_passes
[uo-timing]   0.004s  compile.inventory
[uo-timing]   0.200s  compile.source_contract
[uo-timing]   0.013s  compile.tiling_fields
[uo-timing]   0.131s  compile.host_tiling_key
[uo-timing]   0.646s  compile.host_defuse
[uo-timing]   0.270s  compile.host_defuse_validate
[uo-timing]   0.006s  compile.tiling_registration
[uo-timing]  11.657s  compile.source_gaps
[uo-timing]   0.002s  compile.class_frontiers
[uo-timing]   4.374s  compile.kernel_tiling_closure
[uo-timing]   4.370s  compile.kernel_call_refine
[uo-timing]   6.382s  compile.kernel_call_frontiers
[uo-timing]   0.026s  compile.kernel_call_boundaries
[uo-timing]   0.768s  compile.tiling_reads
[uo-timing]   0.584s  compile.tiling_host_writes
[uo-timing]   0.079s  compile.kernel_tiling_truth
[uo-timing]   0.034s  compile.kernel_tiling_metrics
[uo-timing]   1.180s  compile.tpl_schema
[uo-timing]   0.464s  compile.finalize_views
[uo-timing]   0.277s  compile.audit
[uo-timing]  32.663s  compile.total
[measure] analyze wall=33.5s ok=True
-- resolve --
[measure] resolve wall=0.07s ok=True
-- commit --
[measure] commit wall=0.95s ok=True
{
  "label": "speed",
  "native_walk": "0",
  "phases": {
    "prepare": 0.31,
    "extract": 54.11,
    "analyze": 33.5,
    "resolve": 0.07,
    "commit": 0.95,
    "total": 88.94
  },
  "codemap": {
    "entity_count": 4583,
    "relation_count": 9293,
    "has_host": true,
    "has_kernel": true,
    "has_host_kernel_path": true,
    "has_input_tilingkey_kernel_path": true,
    "has_tilingdata_kernel_path": true,
    "has_input_output_path": true,
    "tiling_key_declaration_coverage": "19/19",
    "tiling_key_host_packing_coverage": "19/19",
    "tiling_key_host_producer_coverage": "19/19",
    "tiling_key_root_coverage": "19/19",
    "tiling_key_dependency_coverage": "12/19"
  },
  "entities_by_kind": {
    "ARCH": 1,
    "BRANCH": 359,
    "BUILD_VARIANT": 1,
    "COMPILE_VAR": 412,
    "FIELD": 939,
    "FILE": 47,
    "FUNCTION": 504,
    "INPUT": 41,
    "KERNEL": 1,
    "MACRO": 140,
    "METHOD": 630,
    "OUTPUT": 7,
    "PREDICATE": 802,
    "TEMPLATE": 66,
    "TEMPLATE_ARG": 19,
    "TILING_DATA": 11,
    "TILING_FIELD": 163,
    "TILING_KEY": 19,
    "TYPE": 49,
    "VARIABLE": 372
  },
  "relations_by_kind": {
    "ACTIVE_UNDER": 288,
    "AVAILABLE_ON": 47,
    "BINDS": 1254,
    "CALLS": 2022,
    "CONTROLS": 691,
    "DECLARES": 926,
    "DEFINES": 1,
    "DERIVES": 1694,
    "FLOWS_TO": 445,
    "GUARDED_BY": 539,
    "READS": 763,
    "REFERENCES": 5,
    "SELECTS": 84,
    "WRITES": 534
  },
  "product": {
    "entity_count": "4583",
    "relation_count": "9280",
    "legal_key_count": 8705,
    "host_fields": 93,
    "graph_fp": "5d29d0d84b2629bb2b8a2b86f89c7a2dae338e0e8edc3a1136e9ec5a9b98cfbf"
  }
}
WROTE /mnt/d/PR-review/AscendC-Pilot/artifacts/fa-pr13/uo_cold_speed.json
