uo /mnt/d/TEST/ops-transformer/attention/flash_attention_score_grad/.ascendc-pilot/uo/flash_attention_score_grad.arch35.uo
declared_keys 19
host_key_root_trace {'assignment_records': 1620, 'rooted_variables': 14, 'target_variables': 17}

=== SUMMARY ===
IsEmptyTensor    rooted=True  defuse= 0 nontrivial= 0 in=0 cv=1 flags=COMPILE_ONLY_ROOTS,ROOTED_WITHOUT_HOSTDEF
SplitAxis        rooted=True  defuse= 0 nontrivial= 0 in=0 cv=1 flags=ASSIGN_LOOKUP_AMBIGUOUS_DROPPED,COMPILE_ONLY_ROOTS,ROOTED_BUT_MISSED_QUALIFIED_ASSIGN,ROOTED_WITHOUT_HOSTDEF
InputDType       rooted=True  defuse=14 nontrivial=14 in=0 cv=19 flags=COMPILE_ONLY_ROOTS
IsTnd            rooted=True  defuse=810 nontrivial=674 in=4 cv=214 flags=ok
IsDrop           rooted=True  defuse= 3 nontrivial= 3 in=0 cv=2 flags=COMPILE_ONLY_ROOTS
IsPse            rooted=True  defuse=12 nontrivial=10 in=3 cv=4 flags=ok
IsAttenMask      rooted=True  defuse=12 nontrivial=10 in=0 cv=5 flags=COMPILE_ONLY_ROOTS
S1TemplateNum    rooted=True  defuse= 0 nontrivial= 0 in=0 cv=12 flags=COMPILE_ONLY_ROOTS,ROOTED_WITHOUT_HOSTDEF
S2TemplateNum    rooted=True  defuse= 0 nontrivial= 0 in=0 cv=12 flags=COMPILE_ONLY_ROOTS,ROOTED_WITHOUT_HOSTDEF
DTemplateNum     rooted=True  defuse= 0 nontrivial= 0 in=0 cv=9 flags=COMPILE_ONLY_ROOTS,ROOTED_WITHOUT_HOSTDEF
DeterType        rooted=True  defuse=806 nontrivial=670 in=4 cv=217 flags=ok
IsNEqual         rooted=True  defuse=807 nontrivial=671 in=4 cv=216 flags=ok
IsBn2MultiBlk    rooted=True  defuse=806 nontrivial=670 in=4 cv=215 flags=ASSIGN_LOOKUP_AMBIGUOUS_DROPPED
IsDNoEqual       rooted=True  defuse=807 nontrivial=671 in=4 cv=214 flags=ok
IsRope           rooted=True  defuse= 9 nontrivial= 9 in=2 cv=0 flags=ASSIGN_LOOKUP_AMBIGUOUS_DROPPED
OutDType         rooted=True  defuse=15 nontrivial=15 in=0 cv=19 flags=COMPILE_ONLY_ROOTS
IsNzOut          rooted=False defuse= 0 nontrivial= 0 in=0 cv=0 flags=ASSIGN_LOOKUP_AMBIGUOUS_DROPPED,UNROOTED
IsTndSwizzle     rooted=False defuse= 0 nontrivial= 0 in=0 cv=0 flags=ASSIGN_LOOKUP_AMBIGUOUS_DROPPED,UNROOTED
IsRegbase        rooted=True  defuse= 1 nontrivial= 1 in=0 cv=1 flags=COMPILE_ONLY_ROOTS

=== DETAIL FOR FLAGGED / UNROOTED ===

========================================================================
IsEmptyTensor ['COMPILE_ONLY_ROOTS', 'ROOTED_WITHOUT_HOSTDEF']
 packing: ['0']
 pack_vars: []
 defuse_sample:
   <none>
 missed_qualified: []
 roots_sample: [('COMPILE_VAR', 'IsEmptyTensor=literal:0', 'source_get_tpl_tiling_key_literal')]

========================================================================
SplitAxis ['ASSIGN_LOOKUP_AMBIGUOUS_DROPPED', 'COMPILE_ONLY_ROOTS', 'ROOTED_BUT_MISSED_QUALIFIED_ASSIGN', 'ROOTED_WITHOUT_HOSTDEF']
 packing: ['static_cast<uint8_t>(splitAxis)']
 pack_vars: ['fBaseParams.splitAxis', 'this.fBaseParams.splitAxis', 'this.fBaseParams.splitAxis']
 defuse_sample:
   <none>
 missed_qualified: ['flash_attention_score_grad/op_host/arch35/flash_attention_score_grad_tiling_common_regbase.cpp:1643:fBaseParams.splitAxis', 'flash_attention_score_grad/op_host/arch35/flash_attention_score_grad_tiling_common_regbase.cpp:1645:fBaseParams.splitAxis', 'flash_attention_score_grad/op_host/arch35/flash_attention_score_grad_tiling_common_regbase.cpp:1647:fBaseParams.splitAxis', 'flash_attention_score_grad/op_host/arch35/flash_attention_score_grad_tiling_normal_regbase.cpp:684:fBaseParams.splitAxis', 'flash_attention_score_grad/op_host/arch35/flash_attention_score_grad_tiling_normal_regbase.cpp:691:fBaseParams.splitAxis', 'flash_attention_score_grad/op_host/arch35/flash_attention_score_grad_tiling_varlen_regbase.cpp:126:fBaseParams.splitAxis', 'flash_attention_score_grad/op_host/arch35/flash_attention_score_grad_tiling_varlen_regbase.cpp:190:fBaseParams.splitAxis', 'flash_attention_score_grad/op_host/arch35/flash_attention_score_grad_tiling_varlen_regbase.cpp:389:fBaseParams.splitAxis', 'flash_attention_score_grad/op_host/arch35/flash_attention_score_grad_tiling_varlen_regbase.cpp:760:fBaseParams.splitAxis']
 roots_sample: [('COMPILE_VAR', 'BN2', None)]
  lookup fBaseParams.splitAxis: reason=exact exact=9 short=11 spellings=['fBaseParams.splitAxis', 'splitAxis']
    chosen: ['flash_attention_score_grad/op_host/arch35/flash_attention_score_grad_tiling_common_regbase.cpp:1643:fBaseParams.splitAxis=<SplitAxisEnum::BN2S2>', 'flash_attention_score_grad/op_host/arch35/flash_attention_score_grad_tiling_common_regbase.cpp:1645:fBaseParams.splitAxis=<SplitAxisEnum::BN2>', 'flash_attention_score_grad/op_host/arch35/flash_attention_score_grad_tiling_common_regbase.cpp:1647:fBaseParams.splitAxis=<SplitAxisEnum::BN2GS1S2>']
    qualified: ['flash_attention_score_grad/op_host/arch35/flash_attention_score_grad_tiling_common_regbase.cpp:1643:fBaseParams.splitAxis', 'flash_attention_score_grad/op_host/arch35/flash_attention_score_grad_tiling_common_regbase.cpp:1645:fBaseParams.splitAxis', 'flash_attention_score_grad/op_host/arch35/flash_attention_score_grad_tiling_common_regbase.cpp:1647:fBaseParams.splitAxis', 'flash_attention_score_grad/op_host/arch35/flash_attention_score_grad_tiling_normal_regbase.cpp:684:fBaseParams.splitAxis', 'flash_attention_score_grad/op_host/arch35/flash_attention_score_grad_tiling_normal_regbase.cpp:691:fBaseParams.splitAxis']
    bare: ['flash_attention_score_grad/op_host/arch35/flash_attention_score_grad_tiling_common_regbase.h:468:splitAxis=SplitAxisEnum::BN2GS1S2', 'flash_attention_score_grad/op_host/arch35/flash_attention_score_grad_tiling_normal_regbase.cpp:1443:splitAxis=fBaseParams.splitAxis']
  lookup this.fBaseParams.splitAxis: reason=short_ambiguous:['fBaseParams.splitAxis', 'splitAxis'] exact=0 short=11 spellings=['fBaseParams.splitAxis', 'splitAxis']
    qualified: ['flash_attention_score_grad/op_host/arch35/flash_attention_score_grad_tiling_common_regbase.cpp:1643:fBaseParams.splitAxis', 'flash_attention_score_grad/op_host/arch35/flash_attention_score_grad_tiling_common_regbase.cpp:1645:fBaseParams.splitAxis', 'flash_attention_score_grad/op_host/arch35/flash_attention_score_grad_tiling_common_regbase.cpp:1647:fBaseParams.splitAxis', 'flash_attention_score_grad/op_host/arch35/flash_attention_score_grad_tiling_normal_regbase.cpp:684:fBaseParams.splitAxis', 'flash_attention_score_grad/op_host/arch35/flash_attention_score_grad_tiling_normal_regbase.cpp:691:fBaseParams.splitAxis']
    bare: ['flash_attention_score_grad/op_host/arch35/flash_attention_score_grad_tiling_common_regbase.h:468:splitAxis=SplitAxisEnum::BN2GS1S2', 'flash_attention_score_grad/op_host/arch35/flash_attention_score_grad_tiling_normal_regbase.cpp:1443:splitAxis=fBaseParams.splitAxis']
  lookup fBaseParams.splitAxis: reason=exact exact=9 short=11 spellings=['fBaseParams.splitAxis', 'splitAxis']
    chosen: ['flash_attention_score_grad/op_host/arch35/flash_attention_score_grad_tiling_common_regbase.cpp:1643:fBaseParams.splitAxis=<SplitAxisEnum::BN2S2>', 'flash_attention_score_grad/op_host/arch35/flash_attention_score_grad_tiling_common_regbase.cpp:1645:fBaseParams.splitAxis=<SplitAxisEnum::BN2>', 'flash_attention_score_grad/op_host/arch35/flash_attention_score_grad_tiling_common_regbase.cpp:1647:fBaseParams.splitAxis=<SplitAxisEnum::BN2GS1S2>']
    qualified: ['flash_attention_score_grad/op_host/arch35/flash_attention_score_grad_tiling_common_regbase.cpp:1643:fBaseParams.splitAxis', 'flash_attention_score_grad/op_host/arch35/flash_attention_score_grad_tiling_common_regbase.cpp:1645:fBaseParams.splitAxis', 'flash_attention_score_grad/op_host/arch35/flash_attention_score_grad_tiling_common_regbase.cpp:1647:fBaseParams.splitAxis', 'flash_attention_score_grad/op_host/arch35/flash_attention_score_grad_tiling_normal_regbase.cpp:684:fBaseParams.splitAxis', 'flash_attention_score_grad/op_host/arch35/flash_attention_score_grad_tiling_normal_regbase.cpp:691:fBaseParams.splitAxis']
    bare: ['flash_attention_score_grad/op_host/arch35/flash_attention_score_grad_tiling_common_regbase.h:468:splitAxis=SplitAxisEnum::BN2GS1S2', 'flash_attention_score_grad/op_host/arch35/flash_attention_score_grad_tiling_normal_regbase.cpp:1443:splitAxis=fBaseParams.splitAxis']
  lookup this.fBaseParams.splitAxis: reason=short_ambiguous:['fBaseParams.splitAxis', 'splitAxis'] exact=0 short=11 spellings=['fBaseParams.splitAxis', 'splitAxis']
    qualified: ['flash_attention_score_grad/op_host/arch35/flash_attention_score_grad_tiling_common_regbase.cpp:1643:fBaseParams.splitAxis', 'flash_attention_score_grad/op_host/arch35/flash_attention_score_grad_tiling_common_regbase.cpp:1645:fBaseParams.splitAxis', 'flash_attention_score_grad/op_host/arch35/flash_attention_score_grad_tiling_common_regbase.cpp:1647:fBaseParams.splitAxis', 'flash_attention_score_grad/op_host/arch35/flash_attention_score_grad_tiling_normal_regbase.cpp:684:fBaseParams.splitAxis', 'flash_attention_score_grad/op_host/arch35/flash_attention_score_grad_tiling_normal_regbase.cpp:691:fBaseParams.splitAxis']
    bare: ['flash_attention_score_grad/op_host/arch35/flash_attention_score_grad_tiling_common_regbase.h:468:splitAxis=SplitAxisEnum::BN2GS1S2', 'flash_attention_score_grad/op_host/arch35/flash_attention_score_grad_tiling_normal_regbase.cpp:1443:splitAxis=fBaseParams.splitAxis']
  lookup fBaseParams.splitAxis: reason=exact exact=9 short=11 spellings=['fBaseParams.splitAxis', 'splitAxis']
    chosen: ['flash_attention_score_grad/op_host/arch35/flash_attention_score_grad_tiling_common_regbase.cpp:1643:fBaseParams.splitAxis=<SplitAxisEnum::BN2S2>', 'flash_attention_score_grad/op_host/arch35/flash_attention_score_grad_tiling_common_regbase.cpp:1645:fBaseParams.splitAxis=<SplitAxisEnum::BN2>', 'flash_attention_score_grad/op_host/arch35/flash_attention_score_grad_tiling_common_regbase.cpp:1647:fBaseParams.splitAxis=<SplitAxisEnum::BN2GS1S2>']
    qualified: ['flash_attention_score_grad/op_host/arch35/flash_attention_score_grad_tiling_common_regbase.cpp:1643:fBaseParams.splitAxis', 'flash_attention_score_grad/op_host/arch35/flash_attention_score_grad_tiling_common_regbase.cpp:1645:fBaseParams.splitAxis', 'flash_attention_score_grad/op_host/arch35/flash_attention_score_grad_tiling_common_regbase.cpp:1647:fBaseParams.splitAxis', 'flash_attention_score_grad/op_host/arch35/flash_attention_score_grad_tiling_normal_regbase.cpp:684:fBaseParams.splitAxis', 'flash_attention_score_grad/op_host/arch35/flash_attention_score_grad_tiling_normal_regbase.cpp:691:fBaseParams.splitAxis']
    bare: ['flash_attention_score_grad/op_host/arch35/flash_attention_score_grad_tiling_common_regbase.h:468:splitAxis=SplitAxisEnum::BN2GS1S2', 'flash_attention_score_grad/op_host/arch35/flash_attention_score_grad_tiling_normal_regbase.cpp:1443:splitAxis=fBaseParams.splitAxis']

========================================================================
InputDType ['COMPILE_ONLY_ROOTS']
 packing: ['static_cast<uint8_t>(fBaseParams.inputDtype)']
 pack_vars: ['fBaseParams.inputDtype', 'fBaseParams.inputDtype']
 defuse_sample:
   flash_attention_score_grad/op_host/arch35/flash_attention_score_grad_tiling_common_regbase.cpp:1008 lhs=None expr=fBaseParams.queryType
   flash_attention_score_grad/op_host/arch35/flash_attention_score_grad_tiling_common_regbase.cpp:1008 lhs=fBaseParams.queryType expr=queryType
   flash_attention_score_grad/op_host/arch35/flash_attention_score_grad_tiling_common_regbase.cpp:1655 lhs=fBaseParams.inputDtype expr=DtypeEnum::FLOAT32
   flash_attention_score_grad/op_host/arch35/flash_attention_score_grad_tiling_common_regbase.cpp:1657 lhs=fBaseParams.inputDtype expr=DtypeEnum::BFLOAT16
   flash_attention_score_grad/op_host/arch35/flash_attention_score_grad_tiling_common_regbase.cpp:1659 lhs=fBaseParams.inputDtype expr=static_cast<optiling::DtypeEnum>(DTYPE_ENUM_INDEX_4)
   flash_attention_score_grad/op_host/arch35/flash_attention_score_grad_tiling_common_regbase.cpp:1661 lhs=fBaseParams.inputDtype expr=static_cast<optiling::DtypeEnum>(DTYPE_ENUM_INDEX_5)
 missed_qualified: []
 roots_sample: [('COMPILE_VAR', 'DtypeEnum::FLOAT32', 'source_host_constant'), ('COMPILE_VAR', 'DtypeEnum::BFLOAT16', 'source_host_constant'), ('COMPILE_VAR', 'optiling::DtypeEnum', 'source_host_constant'), ('COMPILE_VAR', 'optiling::DtypeEnum', 'source_host_constant'), ('COMPILE_VAR', 'optiling::DtypeEnum', 'source_host_constant'), ('COMPILE_VAR', 'DtypeEnum::FLOAT16_PRECISION', 'source_host_constant'), ('COMPILE_VAR', 'DT_FLOAT', None), ('COMPILE_VAR', 'DT_FLOAT', None), ('COMPILE_VAR', 'DT_BF16', None), ('COMPILE_VAR', 'DT_BF16', None), ('COMPILE_VAR', 'DT_FLOAT8_E5M2', None), ('COMPILE_VAR', 'DT_FLOAT8_E5M2', None)]
  lookup fBaseParams.inputDtype: reason=exact exact=6 short=6 spellings=['fBaseParams.inputDtype']
    chosen: ['flash_attention_score_grad/op_host/arch35/flash_attention_score_grad_tiling_common_regbase.cpp:1655:fBaseParams.inputDtype=<DtypeEnum::FLOAT32>', 'flash_attention_score_grad/op_host/arch35/flash_attention_score_grad_tiling_common_regbase.cpp:1657:fBaseParams.inputDtype=<DtypeEnum::BFLOAT16>', 'flash_attention_score_grad/op_host/arch35/flash_attention_score_grad_tiling_common_regbase.cpp:1659:fBaseParams.inputDtype=<static_cast<optiling::DtypeEnum>(DTYPE_ENUM_INDEX_4)>']
    qualified: ['flash_attention_score_grad/op_host/arch35/flash_attention_score_grad_tiling_common_regbase.cpp:1655:fBaseParams.inputDtype', 'flash_attention_score_grad/op_host/arch35/flash_attention_score_grad_tiling_common_regbase.cpp:1657:fBaseParams.inputDtype', 'flash_attention_score_grad/op_host/arch35/flash_attention_score_grad_tiling_common_regbase.cpp:1659:fBaseParams.inputDtype', 'flash_attention_score_grad/op_host/arch35/flash_attention_score_grad_tiling_common_regbase.cpp:1661:fBaseParams.inputDtype', 'flash_attention_score_grad/op_host/arch35/flash_attention_score_grad_tiling_common_regbase.cpp:1663:fBaseParams.inputDtype']
  lookup fBaseParams.inputDtype: reason=exact exact=6 short=6 spellings=['fBaseParams.inputDtype']
    chosen: ['flash_attention_score_grad/op_host/arch35/flash_attention_score_grad_tiling_common_regbase.cpp:1655:fBaseParams.inputDtype=<DtypeEnum::FLOAT32>', 'flash_attention_score_grad/op_host/arch35/flash_attention_score_grad_tiling_common_regbase.cpp:1657:fBaseParams.inputDtype=<DtypeEnum::BFLOAT16>', 'flash_attention_score_grad/op_host/arch35/flash_attention_score_grad_tiling_common_regbase.cpp:1659:fBaseParams.inputDtype=<static_cast<optiling::DtypeEnum>(DTYPE_ENUM_INDEX_4)>']
    qualified: ['flash_attention_score_grad/op_host/arch35/flash_attention_score_grad_tiling_common_regbase.cpp:1655:fBaseParams.inputDtype', 'flash_attention_score_grad/op_host/arch35/flash_attention_score_grad_tiling_common_regbase.cpp:1657:fBaseParams.inputDtype', 'flash_attention_score_grad/op_host/arch35/flash_attention_score_grad_tiling_common_regbase.cpp:1659:fBaseParams.inputDtype', 'flash_attention_score_grad/op_host/arch35/flash_attention_score_grad_tiling_common_regbase.cpp:1661:fBaseParams.inputDtype', 'flash_attention_score_grad/op_host/arch35/flash_attention_score_grad_tiling_common_regbase.cpp:1663:fBaseParams.inputDtype']

========================================================================
IsDrop ['COMPILE_ONLY_ROOTS']
 packing: ['static_cast<uint8_t>(dropValue)']
 pack_vars: ['dropValue']
 defuse_sample:
   flash_attention_score_grad/op_host/arch35/flash_attention_score_grad_tiling_common_regbase.cpp:1012 lhs=None expr=fBaseParams.keepProb
   flash_attention_score_grad/op_host/arch35/flash_attention_score_grad_tiling_common_regbase.cpp:1012 lhs=fBaseParams.keepProb expr=*(context_->GetAttrs()->GetAttrPointer<float>(1))
   flash_attention_score_grad/op_host/arch35/flash_attention_score_grad_tiling_normal_regbase.cpp:1440 lhs=dropValue expr=fBaseParams.keepProb < 1 ? OptionEnum::ENABLE : OptionEnum::DISABLE
 missed_qualified: []
 roots_sample: [('COMPILE_VAR', 'OptionEnum::ENABLE', 'source_host_constant'), ('COMPILE_VAR', 'OptionEnum::DISABLE', 'source_host_constant')]
  lookup dropValue: reason=exact exact=1 short=1 spellings=['dropValue']
    chosen: ['flash_attention_score_grad/op_host/arch35/flash_attention_score_grad_tiling_normal_regbase.cpp:1440:dropValue=<fBaseParams.keepProb < 1 ? OptionEnum::ENABLE : OptionEnum::>']
    bare: ['flash_attention_score_grad/op_host/arch35/flash_attention_score_grad_tiling_normal_regbase.cpp:1440:dropValue=fBaseParams.keepProb < 1 ? OptionEnum::E']

========================================================================
IsAttenMask ['COMPILE_ONLY_ROOTS']
 packing: ['static_cast<uint8_t>(attenMaskCfg)']
 pack_vars: ['attenMaskCfg']
 defuse_sample:
   flash_attention_score_grad/op_host/arch35/flash_attention_score_grad_tiling_common_regbase.cpp:1205 lhs=None expr=attenMaskShape
   flash_attention_score_grad/op_host/arch35/flash_attention_score_grad_tiling_common_regbase.cpp:1205 lhs=attenMaskShape expr=context_->GetOptionalInputShape(INPUT_IDX_ATTEN_MASK)
   flash_attention_score_grad/op_host/arch35/flash_attention_score_grad_tiling_common_regbase.cpp:1207 lhs=None expr=fBaseParams.attenMaskOptional
   flash_attention_score_grad/op_host/arch35/flash_attention_score_grad_tiling_common_regbase.cpp:1207 lhs=fBaseParams.attenMaskOptional expr=EMPTY_TENSOR
   flash_attention_score_grad/op_host/arch35/flash_attention_score_grad_tiling_common_regbase.cpp:1210 lhs=fBaseParams.attenMaskOptional expr=NORMAL_TENSOR
   flash_attention_score_grad/op_host/arch35/flash_attention_score_grad_tiling_common_regbase.h:43 lhs=None expr=EMPTY_TENSOR
 missed_qualified: []
 roots_sample: [('COMPILE_VAR', 'OptionEnum::DISABLE', 'source_host_constant'), ('COMPILE_VAR', 'OptionEnum::ENABLE', 'source_host_constant'), ('COMPILE_VAR', 'host-expr:flash_attention_score_grad/op_host/arch35/flash_attention_score_grad_tiling_common_regbase.h:43', 'source_host_constant_expr'), ('COMPILE_VAR', 'host-expr:flash_attention_score_grad/op_host/arch35/flash_attention_score_grad_tiling_common_regbase.h:44', 'source_host_constant_expr'), ('COMPILE_VAR', 'host-expr:flash_attention_score_grad/op_host/arch35/flash_attention_score_grad_tiling_common_regbase.h:55', 'source_host_constant_expr')]
  lookup attenMaskCfg: reason=exact exact=1 short=1 spellings=['attenMaskCfg']
    chosen: ['flash_attention_score_grad/op_host/arch35/flash_attention_score_grad_tiling_normal_regbase.cpp:1437:attenMaskCfg=<fBaseParams.attenMaskOptional == EMPTY_TENSOR ? OptionEnum::>']
    bare: ['flash_attention_score_grad/op_host/arch35/flash_attention_score_grad_tiling_normal_regbase.cpp:1437:attenMaskCfg=fBaseParams.attenMaskOptional == EMPTY_T']

========================================================================
S1TemplateNum ['COMPILE_ONLY_ROOTS', 'ROOTED_WITHOUT_HOSTDEF']
 packing: ['static_cast<uint16_t>(fBaseParams.s1TemplateType)']
 pack_vars: ['fBaseParams.s1TemplateType']
 defuse_sample:
   <none>
 missed_qualified: []
 roots_sample: [('COMPILE_VAR', 'DT_FLOAT', None), ('COMPILE_VAR', 'NUM256', None), ('COMPILE_VAR', 'DT_FLOAT', None), ('COMPILE_VAR', 'NUM256', None), ('COMPILE_VAR', 'DT_FLOAT8_E5M2', None), ('COMPILE_VAR', 'DT_FLOAT8_E4M3FN', None), ('COMPILE_VAR', 'DT_FLOAT8_E5M2', None), ('COMPILE_VAR', 'DT_FLOAT8_E4M3FN', None), ('COMPILE_VAR', 'DT_HIFLOAT8', None), ('COMPILE_VAR', 'DT_HIFLOAT8', None), ('COMPILE_VAR', 'NUM16', None), ('COMPILE_VAR', 'N', None)]
  lookup fBaseParams.s1TemplateType: reason=exact exact=4 short=5 spellings=['fBaseParams.s1TemplateType', 's1TemplateType']
    chosen: ['flash_attention_score_grad/op_host/arch35/flash_attention_score_grad_tiling_common_regbase.cpp:815:fBaseParams.s1TemplateType=<ConstAxisTemplateNum::NUM64>', 'flash_attention_score_grad/op_host/arch35/flash_attention_score_grad_tiling_common_regbase.cpp:821:fBaseParams.s1TemplateType=<ConstAxisTemplateNum::NUM64>', 'flash_attention_score_grad/op_host/arch35/flash_attention_score_grad_tiling_common_regbase.cpp:826:fBaseParams.s1TemplateType=<ConstAxisTemplateNum::NUM512>']
    qualified: ['flash_attention_score_grad/op_host/arch35/flash_attention_score_grad_tiling_common_regbase.cpp:815:fBaseParams.s1TemplateType', 'flash_attention_score_grad/op_host/arch35/flash_attention_score_grad_tiling_common_regbase.cpp:821:fBaseParams.s1TemplateType', 'flash_attention_score_grad/op_host/arch35/flash_attention_score_grad_tiling_common_regbase.cpp:826:fBaseParams.s1TemplateType', 'flash_attention_score_grad/op_host/arch35/flash_attention_score_grad_tiling_common_regbase.cpp:838:fBaseParams.s1TemplateType']
    bare: ['flash_attention_score_grad/op_host/arch35/flash_attention_score_grad_tiling_common_regbase.h:474:s1TemplateType=ConstAxisTemplateNum::NUM128']

========================================================================
S2TemplateNum ['COMPILE_ONLY_ROOTS', 'ROOTED_WITHOUT_HOSTDEF']
 packing: ['static_cast<uint16_t>(fBaseParams.s2TemplateType)']
 pack_vars: ['fBaseParams.s2TemplateType']
 defuse_sample:
   <none>
 missed_qualified: []
 roots_sample: [('COMPILE_VAR', 'DT_FLOAT', None), ('COMPILE_VAR', 'NUM256', None), ('COMPILE_VAR', 'DT_FLOAT', None), ('COMPILE_VAR', 'NUM256', None), ('COMPILE_VAR', 'DT_FLOAT8_E5M2', None), ('COMPILE_VAR', 'DT_FLOAT8_E4M3FN', None), ('COMPILE_VAR', 'DT_FLOAT8_E5M2', None), ('COMPILE_VAR', 'DT_FLOAT8_E4M3FN', None), ('COMPILE_VAR', 'DT_HIFLOAT8', None), ('COMPILE_VAR', 'DT_HIFLOAT8', None), ('COMPILE_VAR', 'NUM16', None), ('COMPILE_VAR', 'N', None)]
  lookup fBaseParams.s2TemplateType: reason=exact exact=4 short=5 spellings=['fBaseParams.s2TemplateType', 's2TemplateType']
    chosen: ['flash_attention_score_grad/op_host/arch35/flash_attention_score_grad_tiling_common_regbase.cpp:816:fBaseParams.s2TemplateType=<ConstAxisTemplateNum::NUM128>', 'flash_attention_score_grad/op_host/arch35/flash_attention_score_grad_tiling_common_regbase.cpp:822:fBaseParams.s2TemplateType=<ConstAxisTemplateNum::NUM256>', 'flash_attention_score_grad/op_host/arch35/flash_attention_score_grad_tiling_common_regbase.cpp:827:fBaseParams.s2TemplateType=<ConstAxisTemplateNum::NUM512>']
    qualified: ['flash_attention_score_grad/op_host/arch35/flash_attention_score_grad_tiling_common_regbase.cpp:816:fBaseParams.s2TemplateType', 'flash_attention_score_grad/op_host/arch35/flash_attention_score_grad_tiling_common_regbase.cpp:822:fBaseParams.s2TemplateType', 'flash_attention_score_grad/op_host/arch35/flash_attention_score_grad_tiling_common_regbase.cpp:827:fBaseParams.s2TemplateType', 'flash_attention_score_grad/op_host/arch35/flash_attention_score_grad_tiling_common_regbase.cpp:839:fBaseParams.s2TemplateType']
    bare: ['flash_attention_score_grad/op_host/arch35/flash_attention_score_grad_tiling_common_regbase.h:475:s2TemplateType=ConstAxisTemplateNum::NUM128']

========================================================================
DTemplateNum ['COMPILE_ONLY_ROOTS', 'ROOTED_WITHOUT_HOSTDEF']
 packing: ['static_cast<uint16_t>(fBaseParams.dTemplateType)']
 pack_vars: ['fBaseParams.dTemplateType']
 defuse_sample:
   <none>
 missed_qualified: []
 roots_sample: [('COMPILE_VAR', 'NUM64', None), ('COMPILE_VAR', 'NUM64', None), ('COMPILE_VAR', 'NUM128', None), ('COMPILE_VAR', 'NUM128', None), ('COMPILE_VAR', 'NUM192', None), ('COMPILE_VAR', 'NUM192', None), ('COMPILE_VAR', 'NUM256', None), ('COMPILE_VAR', 'NUM256', None), ('COMPILE_VAR', 'NUM768', None)]
  lookup fBaseParams.dTemplateType: reason=exact exact=6 short=7 spellings=['dTemplateType', 'fBaseParams.dTemplateType']
    chosen: ['flash_attention_score_grad/op_host/arch35/flash_attention_score_grad_tiling_common_regbase.cpp:850:fBaseParams.dTemplateType=<ConstAxisTemplateNum::NUM192>', 'flash_attention_score_grad/op_host/arch35/flash_attention_score_grad_tiling_common_regbase.cpp:854:fBaseParams.dTemplateType=<ConstAxisTemplateNum::NUM64>', 'flash_attention_score_grad/op_host/arch35/flash_attention_score_grad_tiling_common_regbase.cpp:857:fBaseParams.dTemplateType=<ConstAxisTemplateNum::NUM128>']
    qualified: ['flash_attention_score_grad/op_host/arch35/flash_attention_score_grad_tiling_common_regbase.cpp:850:fBaseParams.dTemplateType', 'flash_attention_score_grad/op_host/arch35/flash_attention_score_grad_tiling_common_regbase.cpp:854:fBaseParams.dTemplateType', 'flash_attention_score_grad/op_host/arch35/flash_attention_score_grad_tiling_common_regbase.cpp:857:fBaseParams.dTemplateType', 'flash_attention_score_grad/op_host/arch35/flash_attention_score_grad_tiling_common_regbase.cpp:860:fBaseParams.dTemplateType', 'flash_attention_score_grad/op_host/arch35/flash_attention_score_grad_tiling_common_regbase.cpp:863:fBaseParams.dTemplateType']
    bare: ['flash_attention_score_grad/op_host/arch35/flash_attention_score_grad_tiling_common_regbase.h:476:dTemplateType=ConstAxisTemplateNum::NUM64']

========================================================================
IsBn2MultiBlk ['ASSIGN_LOOKUP_AMBIGUOUS_DROPPED']
 packing: ['static_cast<uint8_t>(fBaseParams.isBn2MultiBlk)']
 pack_vars: ['fBaseParams.isBn2MultiBlk', 'fBaseParams.isBn2MultiBlk', 'this.fBaseParams.isBn2MultiBlk', 'this.fBaseParams.isBn2MultiBlk']
 defuse_sample:
   flash_attention_score_grad/op_host/arch35/flash_attention_score_grad_tiling_common_regbase.cpp:373 lhs=None expr=dqNeedDeter
   flash_attention_score_grad/op_host/arch35/flash_attention_score_grad_tiling_common_regbase.cpp:373 lhs=dqNeedDeter expr=false
   flash_attention_score_grad/op_host/arch35/flash_attention_score_grad_tiling_common_regbase.cpp:374 lhs=None expr=dkDvNeedDeter
   flash_attention_score_grad/op_host/arch35/flash_attention_score_grad_tiling_common_regbase.cpp:374 lhs=dkDvNeedDeter expr=false
   flash_attention_score_grad/op_host/arch35/flash_attention_score_grad_tiling_common_regbase.cpp:375 lhs=None expr=i
   flash_attention_score_grad/op_host/arch35/flash_attention_score_grad_tiling_common_regbase.cpp:375 lhs=i expr=0
 missed_qualified: ['flash_attention_score_grad/op_host/arch35/flash_attention_score_grad_tiling_common_regbase.cpp:1596:fBaseParams.isBn2MultiBlk', 'flash_attention_score_grad/op_host/arch35/flash_attention_score_grad_tiling_common_regbase.cpp:1620:fBaseParams.isBn2MultiBlk', 'flash_attention_score_grad/op_host/arch35/flash_attention_score_grad_tiling_normal_regbase.cpp:682:fBaseParams.isBn2MultiBlk']
 roots_sample: [('COMPILE_VAR', 'SplitAxisEnum::BN2', 'source_host_constant'), ('COMPILE_VAR', 'BN2', None), ('COMPILE_VAR', 'SparseMode::PREFIX', 'source_host_constant'), ('COMPILE_VAR', 'SparseMode::PREFIX_COMPRESS', 'source_host_constant'), ('COMPILE_VAR', 'host-expr:flash_attention_score_grad/op_host/arch35/flash_attention_score_grad_tiling_common_regbase.h:110', 'source_host_constant_expr'), ('COMPILE_VAR', 'host-expr:flash_attention_score_grad/op_host/arch35/flash_attention_score_grad_tiling_common_regbase.h:112', 'source_host_constant_expr'), ('COMPILE_VAR', 'host-expr:flash_attention_score_grad/op_host/arch35/flash_attention_score_grad_tiling_common_regbase.h:115', 'source_host_constant_expr'), ('COMPILE_VAR', 'host-expr:flash_attention_score_grad/op_host/arch35/flash_attention_score_grad_tiling_common_regbase.cpp:1140', 'source_host_constant_expr'), ('COMPILE_VAR', 'SplitAxisEnum::BN2S2', 'source_host_constant'), ('COMPILE_VAR', 'SplitAxisEnum::BN2', 'source_host_constant'), ('COMPILE_VAR', 'SplitAxisEnum::BN2GS1S2', 'source_host_constant'), ('COMPILE_VAR', 'SplitAxisEnum::BN2GS1S2', 'source_host_constant')]
  lookup fBaseParams.isBn2MultiBlk: reason=exact exact=3 short=4 spellings=['fBaseParams.isBn2MultiBlk', 'isBn2MultiBlk']
    chosen: ['flash_attention_score_grad/op_host/arch35/flash_attention_score_grad_tiling_common_regbase.cpp:1596:fBaseParams.isBn2MultiBlk=<bnSparseLimit &&                                 (fBaseParam>', 'flash_attention_score_grad/op_host/arch35/flash_attention_score_grad_tiling_common_regbase.cpp:1620:fBaseParams.isBn2MultiBlk=<false>', 'flash_attention_score_grad/op_host/arch35/flash_attention_score_grad_tiling_normal_regbase.cpp:682:fBaseParams.isBn2MultiBlk=<false>']
    qualified: ['flash_attention_score_grad/op_host/arch35/flash_attention_score_grad_tiling_common_regbase.cpp:1596:fBaseParams.isBn2MultiBlk', 'flash_attention_score_grad/op_host/arch35/flash_attention_score_grad_tiling_common_regbase.cpp:1620:fBaseParams.isBn2MultiBlk', 'flash_attention_score_grad/op_host/arch35/flash_attention_score_grad_tiling_normal_regbase.cpp:682:fBaseParams.isBn2MultiBlk']
    bare: ['flash_attention_score_grad/op_host/arch35/flash_attention_score_grad_tiling_common_regbase.h:466:isBn2MultiBlk=false']
  lookup fBaseParams.isBn2MultiBlk: reason=exact exact=3 short=4 spellings=['fBaseParams.isBn2MultiBlk', 'isBn2MultiBlk']
    chosen: ['flash_attention_score_grad/op_host/arch35/flash_attention_score_grad_tiling_common_regbase.cpp:1596:fBaseParams.isBn2MultiBlk=<bnSparseLimit &&                                 (fBaseParam>', 'flash_attention_score_grad/op_host/arch35/flash_attention_score_grad_tiling_common_regbase.cpp:1620:fBaseParams.isBn2MultiBlk=<false>', 'flash_attention_score_grad/op_host/arch35/flash_attention_score_grad_tiling_normal_regbase.cpp:682:fBaseParams.isBn2MultiBlk=<false>']
    qualified: ['flash_attention_score_grad/op_host/arch35/flash_attention_score_grad_tiling_common_regbase.cpp:1596:fBaseParams.isBn2MultiBlk', 'flash_attention_score_grad/op_host/arch35/flash_attention_score_grad_tiling_common_regbase.cpp:1620:fBaseParams.isBn2MultiBlk', 'flash_attention_score_grad/op_host/arch35/flash_attention_score_grad_tiling_normal_regbase.cpp:682:fBaseParams.isBn2MultiBlk']
    bare: ['flash_attention_score_grad/op_host/arch35/flash_attention_score_grad_tiling_common_regbase.h:466:isBn2MultiBlk=false']
  lookup this.fBaseParams.isBn2MultiBlk: reason=short_ambiguous:['fBaseParams.isBn2MultiBlk', 'isBn2MultiBlk'] exact=0 short=4 spellings=['fBaseParams.isBn2MultiBlk', 'isBn2MultiBlk']
    qualified: ['flash_attention_score_grad/op_host/arch35/flash_attention_score_grad_tiling_common_regbase.cpp:1596:fBaseParams.isBn2MultiBlk', 'flash_attention_score_grad/op_host/arch35/flash_attention_score_grad_tiling_common_regbase.cpp:1620:fBaseParams.isBn2MultiBlk', 'flash_attention_score_grad/op_host/arch35/flash_attention_score_grad_tiling_normal_regbase.cpp:682:fBaseParams.isBn2MultiBlk']
    bare: ['flash_attention_score_grad/op_host/arch35/flash_attention_score_grad_tiling_common_regbase.h:466:isBn2MultiBlk=false']
  lookup fBaseParams.isBn2MultiBlk: reason=exact exact=3 short=4 spellings=['fBaseParams.isBn2MultiBlk', 'isBn2MultiBlk']
    chosen: ['flash_attention_score_grad/op_host/arch35/flash_attention_score_grad_tiling_common_regbase.cpp:1596:fBaseParams.isBn2MultiBlk=<bnSparseLimit &&                                 (fBaseParam>', 'flash_attention_score_grad/op_host/arch35/flash_attention_score_grad_tiling_common_regbase.cpp:1620:fBaseParams.isBn2MultiBlk=<false>', 'flash_attention_score_grad/op_host/arch35/flash_attention_score_grad_tiling_normal_regbase.cpp:682:fBaseParams.isBn2MultiBlk=<false>']
    qualified: ['flash_attention_score_grad/op_host/arch35/flash_attention_score_grad_tiling_common_regbase.cpp:1596:fBaseParams.isBn2MultiBlk', 'flash_attention_score_grad/op_host/arch35/flash_attention_score_grad_tiling_common_regbase.cpp:1620:fBaseParams.isBn2MultiBlk', 'flash_attention_score_grad/op_host/arch35/flash_attention_score_grad_tiling_normal_regbase.cpp:682:fBaseParams.isBn2MultiBlk']
    bare: ['flash_attention_score_grad/op_host/arch35/flash_attention_score_grad_tiling_common_regbase.h:466:isBn2MultiBlk=false']
  lookup this.fBaseParams.isBn2MultiBlk: reason=short_ambiguous:['fBaseParams.isBn2MultiBlk', 'isBn2MultiBlk'] exact=0 short=4 spellings=['fBaseParams.isBn2MultiBlk', 'isBn2MultiBlk']
    qualified: ['flash_attention_score_grad/op_host/arch35/flash_attention_score_grad_tiling_common_regbase.cpp:1596:fBaseParams.isBn2MultiBlk', 'flash_attention_score_grad/op_host/arch35/flash_attention_score_grad_tiling_common_regbase.cpp:1620:fBaseParams.isBn2MultiBlk', 'flash_attention_score_grad/op_host/arch35/flash_attention_score_grad_tiling_normal_regbase.cpp:682:fBaseParams.isBn2MultiBlk']
    bare: ['flash_attention_score_grad/op_host/arch35/flash_attention_score_grad_tiling_common_regbase.h:466:isBn2MultiBlk=false']
  lookup fBaseParams.isBn2MultiBlk: reason=exact exact=3 short=4 spellings=['fBaseParams.isBn2MultiBlk', 'isBn2MultiBlk']
    chosen: ['flash_attention_score_grad/op_host/arch35/flash_attention_score_grad_tiling_common_regbase.cpp:1596:fBaseParams.isBn2MultiBlk=<bnSparseLimit &&                                 (fBaseParam>', 'flash_attention_score_grad/op_host/arch35/flash_attention_score_grad_tiling_common_regbase.cpp:1620:fBaseParams.isBn2MultiBlk=<false>', 'flash_attention_score_grad/op_host/arch35/flash_attention_score_grad_tiling_normal_regbase.cpp:682:fBaseParams.isBn2MultiBlk=<false>']
    qualified: ['flash_attention_score_grad/op_host/arch35/flash_attention_score_grad_tiling_common_regbase.cpp:1596:fBaseParams.isBn2MultiBlk', 'flash_attention_score_grad/op_host/arch35/flash_attention_score_grad_tiling_common_regbase.cpp:1620:fBaseParams.isBn2MultiBlk', 'flash_attention_score_grad/op_host/arch35/flash_attention_score_grad_tiling_normal_regbase.cpp:682:fBaseParams.isBn2MultiBlk']
    bare: ['flash_attention_score_grad/op_host/arch35/flash_attention_score_grad_tiling_common_regbase.h:466:isBn2MultiBlk=false']

========================================================================
IsRope ['ASSIGN_LOOKUP_AMBIGUOUS_DROPPED']
 packing: ['static_cast<uint8_t>(fBaseParams.hasRope)']
 pack_vars: ['fBaseParams.hasRope', 'this.fBaseParams.hasRope', 'this.fBaseParams.hasRope']
 defuse_sample:
   flash_attention_score_grad/op_host/arch35/flash_attention_score_grad_tiling_normal_regbase.cpp:58 lhs=None expr=queryRope
   flash_attention_score_grad/op_host/arch35/flash_attention_score_grad_tiling_normal_regbase.cpp:58 lhs=queryRope expr=context_->GetOptionalInputShape(static_cast<size_t>(InputIndex::QUERY_ROPE_IDX))
   flash_attention_score_grad/op_host/arch35/flash_attention_score_grad_tiling_normal_regbase.cpp:60 lhs=None expr=hasQueryRope
   flash_attention_score_grad/op_host/arch35/flash_attention_score_grad_tiling_normal_regbase.cpp:60 lhs=hasQueryRope expr=queryRope != nullptr && queryRopeShape->GetDimNum() != 0
   flash_attention_score_grad/op_host/arch35/flash_attention_score_grad_tiling_normal_regbase.cpp:61 lhs=None expr=keyRope
   flash_attention_score_grad/op_host/arch35/flash_attention_score_grad_tiling_normal_regbase.cpp:61 lhs=keyRope expr=context_->GetOptionalInputShape(static_cast<size_t>(InputIndex::KEY_ROPE_IDX))
 missed_qualified: ['flash_attention_score_grad/op_host/arch35/flash_attention_score_grad_tiling_normal_regbase.cpp:95:fBaseParams.hasRope']
 roots_sample: [('INPUT', 'query_rope', 'source_host_api_index'), ('INPUT', 'key_rope', 'source_host_api_index')]
  lookup fBaseParams.hasRope: reason=exact exact=1 short=2 spellings=['fBaseParams.hasRope', 'hasRope']
    chosen: ['flash_attention_score_grad/op_host/arch35/flash_attention_score_grad_tiling_normal_regbase.cpp:95:fBaseParams.hasRope=<hasQueryRope && hasKeyRope>']
    qualified: ['flash_attention_score_grad/op_host/arch35/flash_attention_score_grad_tiling_normal_regbase.cpp:95:fBaseParams.hasRope']
    bare: ['flash_attention_score_grad/op_host/arch35/flash_attention_score_grad_tiling_common_regbase.h:467:hasRope=false']
  lookup this.fBaseParams.hasRope: reason=short_ambiguous:['fBaseParams.hasRope', 'hasRope'] exact=0 short=2 spellings=['fBaseParams.hasRope', 'hasRope']
    qualified: ['flash_attention_score_grad/op_host/arch35/flash_attention_score_grad_tiling_normal_regbase.cpp:95:fBaseParams.hasRope']
    bare: ['flash_attention_score_grad/op_host/arch35/flash_attention_score_grad_tiling_common_regbase.h:467:hasRope=false']
  lookup fBaseParams.hasRope: reason=exact exact=1 short=2 spellings=['fBaseParams.hasRope', 'hasRope']
    chosen: ['flash_attention_score_grad/op_host/arch35/flash_attention_score_grad_tiling_normal_regbase.cpp:95:fBaseParams.hasRope=<hasQueryRope && hasKeyRope>']
    qualified: ['flash_attention_score_grad/op_host/arch35/flash_attention_score_grad_tiling_normal_regbase.cpp:95:fBaseParams.hasRope']
    bare: ['flash_attention_score_grad/op_host/arch35/flash_attention_score_grad_tiling_common_regbase.h:467:hasRope=false']
  lookup this.fBaseParams.hasRope: reason=short_ambiguous:['fBaseParams.hasRope', 'hasRope'] exact=0 short=2 spellings=['fBaseParams.hasRope', 'hasRope']
    qualified: ['flash_attention_score_grad/op_host/arch35/flash_attention_score_grad_tiling_normal_regbase.cpp:95:fBaseParams.hasRope']
    bare: ['flash_attention_score_grad/op_host/arch35/flash_attention_score_grad_tiling_common_regbase.h:467:hasRope=false']
  lookup fBaseParams.hasRope: reason=exact exact=1 short=2 spellings=['fBaseParams.hasRope', 'hasRope']
    chosen: ['flash_attention_score_grad/op_host/arch35/flash_attention_score_grad_tiling_normal_regbase.cpp:95:fBaseParams.hasRope=<hasQueryRope && hasKeyRope>']
    qualified: ['flash_attention_score_grad/op_host/arch35/flash_attention_score_grad_tiling_normal_regbase.cpp:95:fBaseParams.hasRope']
    bare: ['flash_attention_score_grad/op_host/arch35/flash_attention_score_grad_tiling_common_regbase.h:467:hasRope=false']

========================================================================
OutDType ['COMPILE_ONLY_ROOTS']
 packing: ['static_cast<uint8_t>(fBaseParams.outDtype)']
 pack_vars: ['fBaseParams.outDtype', 'fBaseParams.outDtype']
 defuse_sample:
   flash_attention_score_grad/op_host/arch35/flash_attention_score_grad_tiling_common_regbase.cpp:1008 lhs=None expr=fBaseParams.queryType
   flash_attention_score_grad/op_host/arch35/flash_attention_score_grad_tiling_common_regbase.cpp:1008 lhs=fBaseParams.queryType expr=queryType
   flash_attention_score_grad/op_host/arch35/flash_attention_score_grad_tiling_common_regbase.cpp:1182 lhs=fBaseParams.outDtype expr=fBaseParams.inputDtype
   flash_attention_score_grad/op_host/arch35/flash_attention_score_grad_tiling_common_regbase.cpp:1655 lhs=fBaseParams.inputDtype expr=DtypeEnum::FLOAT32
   flash_attention_score_grad/op_host/arch35/flash_attention_score_grad_tiling_common_regbase.cpp:1657 lhs=fBaseParams.inputDtype expr=DtypeEnum::BFLOAT16
   flash_attention_score_grad/op_host/arch35/flash_attention_score_grad_tiling_common_regbase.cpp:1659 lhs=fBaseParams.inputDtype expr=static_cast<optiling::DtypeEnum>(DTYPE_ENUM_INDEX_4)
 missed_qualified: []
 roots_sample: [('COMPILE_VAR', 'DtypeEnum::FLOAT32', 'source_host_constant'), ('COMPILE_VAR', 'DtypeEnum::BFLOAT16', 'source_host_constant'), ('COMPILE_VAR', 'optiling::DtypeEnum', 'source_host_constant'), ('COMPILE_VAR', 'optiling::DtypeEnum', 'source_host_constant'), ('COMPILE_VAR', 'optiling::DtypeEnum', 'source_host_constant'), ('COMPILE_VAR', 'DtypeEnum::FLOAT16_PRECISION', 'source_host_constant'), ('COMPILE_VAR', 'DT_FLOAT', None), ('COMPILE_VAR', 'DT_FLOAT', None), ('COMPILE_VAR', 'DT_BF16', None), ('COMPILE_VAR', 'DT_BF16', None), ('COMPILE_VAR', 'DT_FLOAT8_E5M2', None), ('COMPILE_VAR', 'DT_FLOAT8_E5M2', None)]
  lookup fBaseParams.outDtype: reason=exact exact=1 short=1 spellings=['fBaseParams.outDtype']
    chosen: ['flash_attention_score_grad/op_host/arch35/flash_attention_score_grad_tiling_common_regbase.cpp:1182:fBaseParams.outDtype=<fBaseParams.inputDtype>']
    qualified: ['flash_attention_score_grad/op_host/arch35/flash_attention_score_grad_tiling_common_regbase.cpp:1182:fBaseParams.outDtype']
  lookup fBaseParams.outDtype: reason=exact exact=1 short=1 spellings=['fBaseParams.outDtype']
    chosen: ['flash_attention_score_grad/op_host/arch35/flash_attention_score_grad_tiling_common_regbase.cpp:1182:fBaseParams.outDtype=<fBaseParams.inputDtype>']
    qualified: ['flash_attention_score_grad/op_host/arch35/flash_attention_score_grad_tiling_common_regbase.cpp:1182:fBaseParams.outDtype']

========================================================================
IsNzOut ['ASSIGN_LOOKUP_AMBIGUOUS_DROPPED', 'UNROOTED']
 packing: ['static_cast<uint8_t>(fBaseParams.isNzOut)']
 pack_vars: ['this.fBaseParams.isNzOut', 'this.fBaseParams.isNzOut']
 defuse_sample:
   <none>
 missed_qualified: ['flash_attention_score_grad/op_host/arch35/flash_attention_score_grad_tiling_normal_regbase.cpp:444:fBaseParams.isNzOut']
 roots_sample: []
  lookup this.fBaseParams.isNzOut: reason=short_ambiguous:['fBaseParams.isNzOut', 'isNzOut'] exact=0 short=2 spellings=['fBaseParams.isNzOut', 'isNzOut']
    qualified: ['flash_attention_score_grad/op_host/arch35/flash_attention_score_grad_tiling_normal_regbase.cpp:444:fBaseParams.isNzOut']
    bare: ['flash_attention_score_grad/op_host/arch35/flash_attention_score_grad_tiling_common_regbase.h:487:isNzOut=false']
  lookup fBaseParams.isNzOut: reason=exact exact=1 short=2 spellings=['fBaseParams.isNzOut', 'isNzOut']
    chosen: ['flash_attention_score_grad/op_host/arch35/flash_attention_score_grad_tiling_normal_regbase.cpp:444:fBaseParams.isNzOut=<(fBaseParams.splitAxis == SplitAxisEnum::BN2GS1S2 &&        >']
    qualified: ['flash_attention_score_grad/op_host/arch35/flash_attention_score_grad_tiling_normal_regbase.cpp:444:fBaseParams.isNzOut']
    bare: ['flash_attention_score_grad/op_host/arch35/flash_attention_score_grad_tiling_common_regbase.h:487:isNzOut=false']
  lookup this.fBaseParams.isNzOut: reason=short_ambiguous:['fBaseParams.isNzOut', 'isNzOut'] exact=0 short=2 spellings=['fBaseParams.isNzOut', 'isNzOut']
    qualified: ['flash_attention_score_grad/op_host/arch35/flash_attention_score_grad_tiling_normal_regbase.cpp:444:fBaseParams.isNzOut']
    bare: ['flash_attention_score_grad/op_host/arch35/flash_attention_score_grad_tiling_common_regbase.h:487:isNzOut=false']
  lookup fBaseParams.isNzOut: reason=exact exact=1 short=2 spellings=['fBaseParams.isNzOut', 'isNzOut']
    chosen: ['flash_attention_score_grad/op_host/arch35/flash_attention_score_grad_tiling_normal_regbase.cpp:444:fBaseParams.isNzOut=<(fBaseParams.splitAxis == SplitAxisEnum::BN2GS1S2 &&        >']
    qualified: ['flash_attention_score_grad/op_host/arch35/flash_attention_score_grad_tiling_normal_regbase.cpp:444:fBaseParams.isNzOut']
    bare: ['flash_attention_score_grad/op_host/arch35/flash_attention_score_grad_tiling_common_regbase.h:487:isNzOut=false']

========================================================================
IsTndSwizzle ['ASSIGN_LOOKUP_AMBIGUOUS_DROPPED', 'UNROOTED']
 packing: ['static_cast<uint8_t>(tndBaseInfo.isTndSwizzle)']
 pack_vars: ['this.tndBaseInfo.isTndSwizzle', 'this.tndBaseInfo.isTndSwizzle']
 defuse_sample:
   <none>
 missed_qualified: ['flash_attention_score_grad/op_host/arch35/flash_attention_score_grad_tiling_normal_regbase.cpp:461:tndBaseInfo.isTndSwizzle']
 roots_sample: []
  lookup this.tndBaseInfo.isTndSwizzle: reason=short_ambiguous:['isTndSwizzle', 'tndBaseInfo.isTndSwizzle'] exact=0 short=2 spellings=['isTndSwizzle', 'tndBaseInfo.isTndSwizzle']
    qualified: ['flash_attention_score_grad/op_host/arch35/flash_attention_score_grad_tiling_normal_regbase.cpp:461:tndBaseInfo.isTndSwizzle']
    bare: ['flash_attention_score_grad/op_host/arch35/flash_attention_score_grad_tiling_common_regbase.h:341:isTndSwizzle=false']
  lookup tndBaseInfo.isTndSwizzle: reason=exact exact=1 short=2 spellings=['isTndSwizzle', 'tndBaseInfo.isTndSwizzle']
    chosen: ['flash_attention_score_grad/op_host/arch35/flash_attention_score_grad_tiling_normal_regbase.cpp:461:tndBaseInfo.isTndSwizzle=<fBaseParams.enableSwizzle && fBaseParams.layoutType == INPUT>']
    qualified: ['flash_attention_score_grad/op_host/arch35/flash_attention_score_grad_tiling_normal_regbase.cpp:461:tndBaseInfo.isTndSwizzle']
    bare: ['flash_attention_score_grad/op_host/arch35/flash_attention_score_grad_tiling_common_regbase.h:341:isTndSwizzle=false']
  lookup this.tndBaseInfo.isTndSwizzle: reason=short_ambiguous:['isTndSwizzle', 'tndBaseInfo.isTndSwizzle'] exact=0 short=2 spellings=['isTndSwizzle', 'tndBaseInfo.isTndSwizzle']
    qualified: ['flash_attention_score_grad/op_host/arch35/flash_attention_score_grad_tiling_normal_regbase.cpp:461:tndBaseInfo.isTndSwizzle']
    bare: ['flash_attention_score_grad/op_host/arch35/flash_attention_score_grad_tiling_common_regbase.h:341:isTndSwizzle=false']
  lookup tndBaseInfo.isTndSwizzle: reason=exact exact=1 short=2 spellings=['isTndSwizzle', 'tndBaseInfo.isTndSwizzle']
    chosen: ['flash_attention_score_grad/op_host/arch35/flash_attention_score_grad_tiling_normal_regbase.cpp:461:tndBaseInfo.isTndSwizzle=<fBaseParams.enableSwizzle && fBaseParams.layoutType == INPUT>']
    qualified: ['flash_attention_score_grad/op_host/arch35/flash_attention_score_grad_tiling_normal_regbase.cpp:461:tndBaseInfo.isTndSwizzle']
    bare: ['flash_attention_score_grad/op_host/arch35/flash_attention_score_grad_tiling_common_regbase.h:341:isTndSwizzle=false']

========================================================================
IsRegbase ['COMPILE_ONLY_ROOTS']
 packing: ['static_cast<uint8_t>(isRegbasePlatformValue)']
 pack_vars: ['isRegbasePlatformValue']
 defuse_sample:
   flash_attention_score_grad/op_host/arch35/flash_attention_score_grad_tiling_normal_regbase.cpp:1441 lhs=isRegbasePlatformValue expr=OptionEnum::ENABLE
 missed_qualified: []
 roots_sample: [('COMPILE_VAR', 'OptionEnum::ENABLE', 'source_host_constant')]
  lookup isRegbasePlatformValue: reason=exact exact=1 short=1 spellings=['isRegbasePlatformValue']
    chosen: ['flash_attention_score_grad/op_host/arch35/flash_attention_score_grad_tiling_normal_regbase.cpp:1441:isRegbasePlatformValue=<OptionEnum::ENABLE>']
    bare: ['flash_attention_score_grad/op_host/arch35/flash_attention_score_grad_tiling_normal_regbase.cpp:1441:isRegbasePlatformValue=OptionEnum::ENABLE']

=== POTENTIAL FALSE CLOSURE (rooted but suspicious) ===
- IsEmptyTensor: ['COMPILE_ONLY_ROOTS', 'ROOTED_WITHOUT_HOSTDEF'] | nontrivial_defuse=0 input_roots=0 compile_roots=1
- SplitAxis: ['ASSIGN_LOOKUP_AMBIGUOUS_DROPPED', 'COMPILE_ONLY_ROOTS', 'ROOTED_BUT_MISSED_QUALIFIED_ASSIGN', 'ROOTED_WITHOUT_HOSTDEF'] | nontrivial_defuse=0 input_roots=0 compile_roots=1
  missed assigns: ['flash_attention_score_grad/op_host/arch35/flash_attention_score_grad_tiling_common_regbase.cpp:1643:fBaseParams.splitAxis', 'flash_attention_score_grad/op_host/arch35/flash_attention_score_grad_tiling_common_regbase.cpp:1645:fBaseParams.splitAxis', 'flash_attention_score_grad/op_host/arch35/flash_attention_score_grad_tiling_common_regbase.cpp:1647:fBaseParams.splitAxis', 'flash_attention_score_grad/op_host/arch35/flash_attention_score_grad_tiling_normal_regbase.cpp:684:fBaseParams.splitAxis', 'flash_attention_score_grad/op_host/arch35/flash_attention_score_grad_tiling_normal_regbase.cpp:691:fBaseParams.splitAxis', 'flash_attention_score_grad/op_host/arch35/flash_attention_score_grad_tiling_varlen_regbase.cpp:126:fBaseParams.splitAxis', 'flash_attention_score_grad/op_host/arch35/flash_attention_score_grad_tiling_varlen_regbase.cpp:190:fBaseParams.splitAxis', 'flash_attention_score_grad/op_host/arch35/flash_attention_score_grad_tiling_varlen_regbase.cpp:389:fBaseParams.splitAxis', 'flash_attention_score_grad/op_host/arch35/flash_attention_score_grad_tiling_varlen_regbase.cpp:760:fBaseParams.splitAxis']
- InputDType: ['COMPILE_ONLY_ROOTS'] | nontrivial_defuse=14 input_roots=0 compile_roots=19
- IsDrop: ['COMPILE_ONLY_ROOTS'] | nontrivial_defuse=3 input_roots=0 compile_roots=2
- IsAttenMask: ['COMPILE_ONLY_ROOTS'] | nontrivial_defuse=10 input_roots=0 compile_roots=5
- S1TemplateNum: ['COMPILE_ONLY_ROOTS', 'ROOTED_WITHOUT_HOSTDEF'] | nontrivial_defuse=0 input_roots=0 compile_roots=12
- S2TemplateNum: ['COMPILE_ONLY_ROOTS', 'ROOTED_WITHOUT_HOSTDEF'] | nontrivial_defuse=0 input_roots=0 compile_roots=12
- DTemplateNum: ['COMPILE_ONLY_ROOTS', 'ROOTED_WITHOUT_HOSTDEF'] | nontrivial_defuse=0 input_roots=0 compile_roots=9
- IsBn2MultiBlk: ['ASSIGN_LOOKUP_AMBIGUOUS_DROPPED'] | nontrivial_defuse=670 input_roots=4 compile_roots=215
  missed assigns: ['flash_attention_score_grad/op_host/arch35/flash_attention_score_grad_tiling_common_regbase.cpp:1596:fBaseParams.isBn2MultiBlk', 'flash_attention_score_grad/op_host/arch35/flash_attention_score_grad_tiling_common_regbase.cpp:1620:fBaseParams.isBn2MultiBlk', 'flash_attention_score_grad/op_host/arch35/flash_attention_score_grad_tiling_normal_regbase.cpp:682:fBaseParams.isBn2MultiBlk']
- IsRope: ['ASSIGN_LOOKUP_AMBIGUOUS_DROPPED'] | nontrivial_defuse=9 input_roots=2 compile_roots=0
  missed assigns: ['flash_attention_score_grad/op_host/arch35/flash_attention_score_grad_tiling_normal_regbase.cpp:95:fBaseParams.hasRope']
- OutDType: ['COMPILE_ONLY_ROOTS'] | nontrivial_defuse=15 input_roots=0 compile_roots=19
- IsRegbase: ['COMPILE_ONLY_ROOTS'] | nontrivial_defuse=1 input_roots=0 compile_roots=1

=== ALL PACKING VARS WITH AMBIGUOUS SHORT LOOKUP ===
- this.fBaseParams.splitAxis: spellings=['fBaseParams.splitAxis', 'splitAxis'] qualified=['flash_attention_score_grad/op_host/arch35/flash_attention_score_grad_tiling_common_regbase.cpp:1643:fBaseParams.splitAxis', 'flash_attention_score_grad/op_host/arch35/flash_attention_score_grad_tiling_common_regbase.cpp:1645:fBaseParams.splitAxis', 'flash_attention_score_grad/op_host/arch35/flash_attention_score_grad_tiling_common_regbase.cpp:1647:fBaseParams.splitAxis', 'flash_attention_score_grad/op_host/arch35/flash_attention_score_grad_tiling_normal_regbase.cpp:684:fBaseParams.splitAxis'] bare=['flash_attention_score_grad/op_host/arch35/flash_attention_score_grad_tiling_common_regbase.h:468:splitAxis=SplitAxisEnum::BN2GS1S2', 'flash_attention_score_grad/op_host/arch35/flash_attention_score_grad_tiling_normal_regbase.cpp:1443:splitAxis=fBaseParams.splitAxis']
- this.fBaseParams.isBn2MultiBlk: spellings=['fBaseParams.isBn2MultiBlk', 'isBn2MultiBlk'] qualified=['flash_attention_score_grad/op_host/arch35/flash_attention_score_grad_tiling_common_regbase.cpp:1596:fBaseParams.isBn2MultiBlk', 'flash_attention_score_grad/op_host/arch35/flash_attention_score_grad_tiling_common_regbase.cpp:1620:fBaseParams.isBn2MultiBlk', 'flash_attention_score_grad/op_host/arch35/flash_attention_score_grad_tiling_normal_regbase.cpp:682:fBaseParams.isBn2MultiBlk'] bare=['flash_attention_score_grad/op_host/arch35/flash_attention_score_grad_tiling_common_regbase.h:466:isBn2MultiBlk=false']
- this.fBaseParams.hasRope: spellings=['fBaseParams.hasRope', 'hasRope'] qualified=['flash_attention_score_grad/op_host/arch35/flash_attention_score_grad_tiling_normal_regbase.cpp:95:fBaseParams.hasRope'] bare=['flash_attention_score_grad/op_host/arch35/flash_attention_score_grad_tiling_common_regbase.h:467:hasRope=false']
- this.fBaseParams.isNzOut: spellings=['fBaseParams.isNzOut', 'isNzOut'] qualified=['flash_attention_score_grad/op_host/arch35/flash_attention_score_grad_tiling_normal_regbase.cpp:444:fBaseParams.isNzOut'] bare=['flash_attention_score_grad/op_host/arch35/flash_attention_score_grad_tiling_common_regbase.h:487:isNzOut=false']
- this.tndBaseInfo.isTndSwizzle: spellings=['isTndSwizzle', 'tndBaseInfo.isTndSwizzle'] qualified=['flash_attention_score_grad/op_host/arch35/flash_attention_score_grad_tiling_normal_regbase.cpp:461:tndBaseInfo.isTndSwizzle'] bare=['flash_attention_score_grad/op_host/arch35/flash_attention_score_grad_tiling_common_regbase.h:341:isTndSwizzle=false']
