meta.host_key_root_trace = {'assignment_records': 1620, 'rooted_variables': 14, 'target_variables': 17}
meta.host_tiling_key_packing = {'argument_count_mismatches': [], 'bound_keys': ['DTemplateNum', 'DeterType', 'InputDType', 'IsAttenMask', 'IsBn2MultiBlk', 'IsDNoEqual', 'IsDrop', 'IsEmptyTensor', 'IsNEqual', 'IsNzOut', 'IsPse', 'IsRegbase', 'IsRope', 'IsTnd', 'IsTndSwizzle', 'OutDType', 'S1TemplateNum', 'S2TemplateNum', 'SplitAxis'], 'calls': 1, 'declared': 19, 'fields_bound': 19}

========================================================================
IsNzOut rooted=False
id E_TILING_KEY_551038953f08
packing ['static_cast<uint8_t>(fBaseParams.isNzOut)']
ALL inbound to TILING_KEY:
  ('DERIVES', 'PREDICATE', 'static_cast<uint8_t>(fBaseParams.isNzOut)', 'HOSTKEYEXPR::flash_attention_score_grad/op_host/arch35/flash_attention_score_grad_tiling_normal_regbase.cpp::1460::16', {'provenance': 'source_get_tpl_tiling_key', 'file': 'flash_attention_score_grad/op_host/arch35/flash_attention_score_grad_tiling_normal_regbase.cpp', 'line': 1460})

 packing node PREDICATE static_cast<uint8_t>(fBaseParams.isNzOut)
  ALL inbound to packing node:
    ('DERIVES', 'FIELD', 'this.fBaseParams.isNzOut', 'E_FIELD_faf7f6739675', {'provenance': 'source_get_tpl_tiling_key_symbol', 'file': 'flash_attention_score_grad/op_host/arch35/flash_attention_score_grad_tiling_normal_regbase.cpp', 'line': 1460})
    ('DERIVES', 'VARIABLE', 'this.fBaseParams.isNzOut', 'E_VARIABLE_3aa90f5151c1', {'provenance': 'source_get_tpl_tiling_key_symbol', 'file': 'flash_attention_score_grad/op_host/arch35/flash_attention_score_grad_tiling_normal_regbase.cpp', 'line': 1460})

  drill FIELD this.fBaseParams.isNzOut:
     ('WRITES', 'FUNCTION', 'DoOpTiling', 'E_FUNCTION_90475cc5ed9f', {})

  drill VARIABLE this.fBaseParams.isNzOut:
     ('READS', 'FUNCTION', 'DoPreTiling', 'E_FUNCTION_ab51df58317c', {})
     ('READS', 'FUNCTION', 'GetWorkspaceSize', 'E_FUNCTION_5f4bea770e68', {})
     ('FLOWS_TO', 'FIELD', 'this.fBaseParams.isNzOut', 'E_FIELD_faf7f6739675', {})

 ROOT_FLOW ancestors (DERIVES/FLOWS_TO/CONTROLS):
  [.] <-DERIVES- PREDICATE static_cast<uint8_t>(fBaseParams.isNzOut)
  [.] <-DERIVES- FIELD this.fBaseParams.isNzOut
  [.] <-DERIVES- VARIABLE this.fBaseParams.isNzOut

 ANY-edge ancestors (first 40, excluding CALLS explosion filter):
  [.] <-DERIVES- PREDICATE static_cast<uint8_t>(fBaseParams.isNzOut) {'provenance': 'source_get_tpl_tiling_key', 'file': 'flash_attention_score_grad/op_host/arch35/flash_attention_score_grad_tiling_normal_regbase.cpp', 'line': 1460}
  [.] <-DERIVES- FIELD this.fBaseParams.isNzOut {'provenance': 'source_get_tpl_tiling_key_symbol', 'file': 'flash_attention_score_grad/op_host/arch35/flash_attention_score_grad_tiling_normal_regbase.cpp', 'line': 1460}
  [.] <-DERIVES- VARIABLE this.fBaseParams.isNzOut {'provenance': 'source_get_tpl_tiling_key_symbol', 'file': 'flash_attention_score_grad/op_host/arch35/flash_attention_score_grad_tiling_normal_regbase.cpp', 'line': 1460}
  [.] <-WRITES- FUNCTION DoOpTiling {}
  [.] <-READS- FUNCTION DoPreTiling {}
  [.] <-READS- FUNCTION GetWorkspaceSize {}
  [.] <-FLOWS_TO- FUNCTION GetPlatformInfo {}
  [.] <-FLOWS_TO- FUNCTION DoBn2s2Sparse {}
  [.] <-FLOWS_TO- FUNCTION GetSparseBlockInfoBn2 {}
  [.] <-FLOWS_TO- FUNCTION DoBn2MultiBlkSparse {}
  [.] <-FLOWS_TO- FUNCTION DoSparse {}
  [.] <-FLOWS_TO- FUNCTION GetSparseBlockInfo {}
  [.] <-FLOWS_TO- FUNCTION GetSparsePrefixBlockInfo {}
  [.] <-FLOWS_TO- FUNCTION GetShapeAttrsInfo {}
  [.] <-FLOWS_TO- FUNCTION CalcleDeterParam {}
  [.] <-FLOWS_TO- FUNCTION DoSplit {}
  [.] <-FLOWS_TO- FUNCTION TilingPrepareForFlashAttentionScoreGrad {}
  [.] <-FLOWS_TO- FUNCTION GetParseS1S2OuterInfo {}

========================================================================
IsTndSwizzle rooted=False
id E_TILING_KEY_ca8f4be0201d
packing ['static_cast<uint8_t>(tndBaseInfo.isTndSwizzle)']
ALL inbound to TILING_KEY:
  ('DERIVES', 'PREDICATE', 'static_cast<uint8_t>(tndBaseInfo.isTndSwizzle)', 'HOSTKEYEXPR::flash_attention_score_grad/op_host/arch35/flash_attention_score_grad_tiling_normal_regbase.cpp::1460::17', {'provenance': 'source_get_tpl_tiling_key', 'file': 'flash_attention_score_grad/op_host/arch35/flash_attention_score_grad_tiling_normal_regbase.cpp', 'line': 1460})

 packing node PREDICATE static_cast<uint8_t>(tndBaseInfo.isTndSwizzle)
  ALL inbound to packing node:
    ('DERIVES', 'FIELD', 'this.tndBaseInfo.isTndSwizzle', 'E_FIELD_91cd374c30eb', {'provenance': 'source_get_tpl_tiling_key_symbol', 'file': 'flash_attention_score_grad/op_host/arch35/flash_attention_score_grad_tiling_normal_regbase.cpp', 'line': 1460})
    ('DERIVES', 'VARIABLE', 'this.tndBaseInfo.isTndSwizzle', 'E_VARIABLE_500ab3b2d687', {'provenance': 'source_get_tpl_tiling_key_symbol', 'file': 'flash_attention_score_grad/op_host/arch35/flash_attention_score_grad_tiling_normal_regbase.cpp', 'line': 1460})

  drill FIELD this.tndBaseInfo.isTndSwizzle:
     ('WRITES', 'FUNCTION', 'DoOpTiling', 'E_FUNCTION_90475cc5ed9f', {})

  drill VARIABLE this.tndBaseInfo.isTndSwizzle:
     ('READS', 'FUNCTION', 'InitTilingData', 'E_FUNCTION_522c4780fd13', {})
     ('READS', 'FUNCTION', 'SaveToTilingData', 'E_FUNCTION_5ea1e17c6519', {})
     ('FLOWS_TO', 'FIELD', 'this.tndBaseInfo.isTndSwizzle', 'E_FIELD_91cd374c30eb', {})

 ROOT_FLOW ancestors (DERIVES/FLOWS_TO/CONTROLS):
  [.] <-DERIVES- PREDICATE static_cast<uint8_t>(tndBaseInfo.isTndSwizzle)
  [.] <-DERIVES- FIELD this.tndBaseInfo.isTndSwizzle
  [.] <-DERIVES- VARIABLE this.tndBaseInfo.isTndSwizzle

 ANY-edge ancestors (first 40, excluding CALLS explosion filter):
  [.] <-DERIVES- PREDICATE static_cast<uint8_t>(tndBaseInfo.isTndSwizzle) {'provenance': 'source_get_tpl_tiling_key', 'file': 'flash_attention_score_grad/op_host/arch35/flash_attention_score_grad_tiling_normal_regbase.cpp', 'line': 1460}
  [.] <-DERIVES- FIELD this.tndBaseInfo.isTndSwizzle {'provenance': 'source_get_tpl_tiling_key_symbol', 'file': 'flash_attention_score_grad/op_host/arch35/flash_attention_score_grad_tiling_normal_regbase.cpp', 'line': 1460}
  [.] <-DERIVES- VARIABLE this.tndBaseInfo.isTndSwizzle {'provenance': 'source_get_tpl_tiling_key_symbol', 'file': 'flash_attention_score_grad/op_host/arch35/flash_attention_score_grad_tiling_normal_regbase.cpp', 'line': 1460}
  [.] <-WRITES- FUNCTION DoOpTiling {}
  [.] <-READS- FUNCTION InitTilingData {}
  [.] <-READS- FUNCTION SaveToTilingData {}
  [.] <-FLOWS_TO- FUNCTION GetPlatformInfo {}
  [.] <-FLOWS_TO- FUNCTION DoBn2s2Sparse {}
  [.] <-FLOWS_TO- FUNCTION GetSparseBlockInfoBn2 {}
  [.] <-FLOWS_TO- FUNCTION DoBn2MultiBlkSparse {}
  [.] <-FLOWS_TO- FUNCTION DoSparse {}
  [.] <-FLOWS_TO- FUNCTION GetSparseBlockInfo {}
  [.] <-FLOWS_TO- FUNCTION GetSparsePrefixBlockInfo {}
  [.] <-FLOWS_TO- FUNCTION GetShapeAttrsInfo {}
  [.] <-FLOWS_TO- FUNCTION CalcleDeterParam {}
  [.] <-FLOWS_TO- FUNCTION TilingPrepareForFlashAttentionScoreGrad {}
  [.] <-FLOWS_TO- FUNCTION GetParseS1S2OuterInfo {}
  [.] <-FLOWS_TO- FUNCTION DoSplit {}

========================================================================
IsDrop rooted=True
id E_TILING_KEY_161d178b9930
packing ['static_cast<uint8_t>(dropValue)']
ALL inbound to TILING_KEY:
  ('DERIVES', 'PREDICATE', 'static_cast<uint8_t>(dropValue)', 'HOSTKEYEXPR::flash_attention_score_grad/op_host/arch35/flash_attention_score_grad_tiling_normal_regbase.cpp::1460::4', {'provenance': 'source_get_tpl_tiling_key', 'file': 'flash_attention_score_grad/op_host/arch35/flash_attention_score_grad_tiling_normal_regbase.cpp', 'line': 1460})

 packing node PREDICATE static_cast<uint8_t>(dropValue)
  ALL inbound to packing node:
    ('DERIVES', 'VARIABLE', 'dropValue', 'HOSTKEYVAR::flash_attention_score_grad/op_host/arch35/flash_attention_score_grad_tiling_normal_regbase.cpp::1460::IsDrop', {'provenance': 'source_get_tpl_tiling_key_symbol'})

  drill VARIABLE dropValue:
     ('DERIVES', 'PREDICATE', 'fBaseParams.keepProb < 1 ? OptionEnum::ENABLE : OptionEnum::DISABLE', 'HOSTDEF::flash_attention_score_grad/op_host/arch35/flash_attention_score_grad_tiling_normal_regbase.cpp::1440::dropValue::0', {'provenance': 'source_host_defuse'})

 ROOT_FLOW ancestors (DERIVES/FLOWS_TO/CONTROLS):
  [R] <-DERIVES- PREDICATE static_cast<uint8_t>(dropValue)
  [R] <-DERIVES- VARIABLE dropValue
  [R] <-DERIVES- PREDICATE fBaseParams.keepProb < 1 ? OptionEnum::ENABLE : OptionEnum::DISABLE
  [.] <-DERIVES- VARIABLE fBaseParams.keepProb
  [ROOT] <-DERIVES- COMPILE_VAR OptionEnum::ENABLE
  [ROOT] <-DERIVES- COMPILE_VAR OptionEnum::DISABLE
  [.] <-DERIVES- PREDICATE *(context_->GetAttrs()->GetAttrPointer<float>(1))

 ANY-edge ancestors (first 40, excluding CALLS explosion filter):
  [R] <-DERIVES- PREDICATE static_cast<uint8_t>(dropValue) {'provenance': 'source_get_tpl_tiling_key', 'file': 'flash_attention_score_grad/op_host/arch35/flash_attention_score_grad_tiling_normal_regbase.cpp', 'line': 1460}
  [R] <-DERIVES- VARIABLE dropValue {'provenance': 'source_get_tpl_tiling_key_symbol'}
  [R] <-DERIVES- PREDICATE fBaseParams.keepProb < 1 ? OptionEnum::ENABLE : OptionEnum::DISABLE {'provenance': 'source_host_defuse'}
  [.] <-DERIVES- VARIABLE fBaseParams.keepProb {'provenance': 'source_host_defuse'}
  [ROOT] <-DERIVES- COMPILE_VAR OptionEnum::ENABLE {'provenance': 'source_host_constant'}
  [ROOT] <-DERIVES- COMPILE_VAR OptionEnum::DISABLE {'provenance': 'source_host_constant'}
  [.] <-DERIVES- PREDICATE *(context_->GetAttrs()->GetAttrPointer<float>(1)) {'provenance': 'source_host_defuse'}

========================================================================
IsTnd rooted=True
id E_TILING_KEY_643af2cc23a6
packing ['static_cast<uint8_t>(isTnd)']
ALL inbound to TILING_KEY:
  ('DERIVES', 'PREDICATE', 'static_cast<uint8_t>(isTnd)', 'HOSTKEYEXPR::flash_attention_score_grad/op_host/arch35/flash_attention_score_grad_tiling_normal_regbase.cpp::1460::3', {'provenance': 'source_get_tpl_tiling_key', 'file': 'flash_attention_score_grad/op_host/arch35/flash_attention_score_grad_tiling_normal_regbase.cpp', 'line': 1460})

 packing node PREDICATE static_cast<uint8_t>(isTnd)
  ALL inbound to packing node:
    ('DERIVES', 'VARIABLE', 'isTnd', 'HOSTKEYVAR::flash_attention_score_grad/op_host/arch35/flash_attention_score_grad_tiling_normal_regbase.cpp::1460::IsTnd', {'provenance': 'source_get_tpl_tiling_key_symbol'})

  drill VARIABLE isTnd:
     ('DERIVES', 'PREDICATE', 'strcmp(inputLayout, "TND") == 0', 'HOSTDEF::flash_attention_score_grad/op_host/arch35/flash_attention_score_grad_tiling_common_regbase.cpp::1375::isTnd::0', {'provenance': 'source_host_defuse'})
     ('DERIVES', 'PREDICATE', 'strcmp(inputLayout, "TND") == 0', 'HOSTDEF::flash_attention_score_grad/op_host/arch35/flash_attention_score_grad_tiling_common_regbase.cpp::1491::isTnd::1', {'provenance': 'source_host_defuse'})
     ('DERIVES', 'PREDICATE', '(fBaseParams.layoutType == INPUT_FORMAT_TND)', 'HOSTDEF::flash_attention_score_grad/op_host/arch35/flash_attention_score_grad_tiling_normal_regbase.cpp::1442::isTnd::2', {'provenance': 'source_host_defuse'})
     ('DERIVES', 'PREDICATE', '(fBaseParams.layoutType == INPUT_FORMAT_TND)', 'HOSTDEF::flash_attention_score_grad/op_host/arch35/flash_attention_score_grad_tiling_normal_regbase.cpp::1754::isTnd::3', {'provenance': 'source_host_defuse'})

 ROOT_FLOW ancestors (DERIVES/FLOWS_TO/CONTROLS):
  [R] <-DERIVES- PREDICATE static_cast<uint8_t>(isTnd)
  [R] <-DERIVES- VARIABLE isTnd
  [R] <-DERIVES- PREDICATE strcmp(inputLayout, "TND") == 0
  [R] <-DERIVES- PREDICATE strcmp(inputLayout, "TND") == 0
  [R] <-DERIVES- PREDICATE (fBaseParams.layoutType == INPUT_FORMAT_TND)
  [R] <-DERIVES- PREDICATE (fBaseParams.layoutType == INPUT_FORMAT_TND)
  [R] <-DERIVES- VARIABLE inputLayout
  [R] <-DERIVES- VARIABLE fBaseParams.layoutType
  [R] <-DERIVES- VARIABLE INPUT_FORMAT_TND
  [R] <-DERIVES- PREDICATE context_->GetAttrs()->GetAttrPointer<char>(LAYOUT_ATTR_IDX)
  [R] <-DERIVES- PREDICATE context_->GetAttrs()->GetAttrPointer<char>(LAYOUT_ATTR_IDX)
  [R] <-DERIVES- PREDICATE TND, but all s1 s2 same, inputLayout set BSND")
  [R] <-DERIVES- PREDICATE context_->GetAttrs()->GetAttrPointer<char>(LAYOUT_ATTR_IDX)
  [R] <-DERIVES- PREDICATE "BSND"
        fBaseParams.layoutType = INPUT_FORMAT_BS2N2GD
  [R] <-DERIVES- PREDICATE INPUT_FORMAT_BS2N2GD
  [R] <-DERIVES- PREDICATE fBaseParams.isAllSame ? INPUT_FORMAT_TND : fBaseParams.layoutType
  [R] <-DERIVES- PREDICATE INPUT_FORMAT_S2BN2GD
  [R] <-DERIVES- PREDICATE INPUT_FORMAT_BS2N2GD
  [R] <-DERIVES- PREDICATE INPUT_FORMAT_BN2GS2D
  [R] <-DERIVES- PREDICATE INPUT_FORMAT_TND
  [R] <-DERIVES- PREDICATE INPUT_FORMAT_BS2N2GD
  [R] <-DERIVES- PREDICATE 4
  [R] <-DERIVES- VARIABLE LAYOUT_ATTR_IDX
  [R] <-DERIVES- VARIABLE s1
  [R] <-DERIVES- VARIABLE s2
  [R] <-DERIVES- VARIABLE INPUT_FORMAT_BS2N2GD
  [R] <-DERIVES- VARIABLE fBaseParams.isAllSame
  [R] <-DERIVES- VARIABLE fBaseParams.isBn2
  [R] <-DERIVES- VARIABLE bn2S2RouteLimit
  [R] <-DERIVES- VARIABLE INPUT_FORMAT_S2BN2GD
  [R] <-DERIVES- VARIABLE INPUT_FORMAT_BN2GS2D
  [ROOT] <-DERIVES- COMPILE_VAR host-expr:flash_attention_score_grad/op_host/arch35/flash_attention_score_grad_tiling_common_regbase.h:66
  [R] <-DERIVES- PREDICATE 5
  [R] <-DERIVES- PREDICATE queryShape->GetStorageShape().GetDim(INPUT_DIM_0)
  [R] <-DERIVES- PREDICATE queryShape->GetStorageShape().GetDim(INPUT_DIM_1)
  [R] <-DERIVES- PREDICATE queryShape->GetStorageShape().GetDim(INPUT_DIM_2)
  [R] <-DERIVES- PREDICATE *std::max_element(fBaseParams.actualSeqQlen.begin(), fBaseParams.actualSeqQlen.end())
  [R] <-DERIVES- PREDICATE queryShape->GetStorageShape().GetDim(INPUT_DIM_1)
  [R] <-DERIVES- PREDICATE keyShape->GetStorageShape().GetDim(INPUT_DIM_2)
  [R] <-DERIVES- PREDICATE *std::max_element(fBaseParams.actualSeqKvlen.begin(), fBaseParams.actualSeqKvlen.end())
  [R] <-DERIVES- PREDICATE keyShape->GetStorageShape().GetDim(INPUT_DIM_1)

 ANY-edge ancestors (first 40, excluding CALLS explosion filter):
  [R] <-DERIVES- PREDICATE static_cast<uint8_t>(isTnd) {'provenance': 'source_get_tpl_tiling_key', 'file': 'flash_attention_score_grad/op_host/arch35/flash_attention_score_grad_tiling_normal_regbase.cpp', 'line': 1460}
  [R] <-DERIVES- VARIABLE isTnd {'provenance': 'source_get_tpl_tiling_key_symbol'}
  [R] <-DERIVES- PREDICATE strcmp(inputLayout, "TND") == 0 {'provenance': 'source_host_defuse'}
  [R] <-DERIVES- PREDICATE strcmp(inputLayout, "TND") == 0 {'provenance': 'source_host_defuse'}
  [R] <-DERIVES- PREDICATE (fBaseParams.layoutType == INPUT_FORMAT_TND) {'provenance': 'source_host_defuse'}
  [R] <-DERIVES- PREDICATE (fBaseParams.layoutType == INPUT_FORMAT_TND) {'provenance': 'source_host_defuse'}
  [R] <-DERIVES- VARIABLE inputLayout {'provenance': 'source_host_defuse'}
  [R] <-DERIVES- VARIABLE fBaseParams.layoutType {'provenance': 'source_host_defuse'}
  [R] <-DERIVES- VARIABLE INPUT_FORMAT_TND {'provenance': 'source_host_defuse'}
  [R] <-DERIVES- PREDICATE context_->GetAttrs()->GetAttrPointer<char>(LAYOUT_ATTR_IDX) {'provenance': 'source_host_defuse'}
  [R] <-DERIVES- PREDICATE context_->GetAttrs()->GetAttrPointer<char>(LAYOUT_ATTR_IDX) {'provenance': 'source_host_defuse'}
  [R] <-DERIVES- PREDICATE TND, but all s1 s2 same, inputLayout set BSND") {'provenance': 'source_host_defuse'}
  [R] <-DERIVES- PREDICATE context_->GetAttrs()->GetAttrPointer<char>(LAYOUT_ATTR_IDX) {'provenance': 'source_host_defuse'}
  [R] <-DERIVES- PREDICATE "BSND"
        fBaseParams.layoutType = INPUT_FORMAT_BS2N2GD {'provenance': 'source_host_defuse'}
  [R] <-DERIVES- PREDICATE INPUT_FORMAT_BS2N2GD {'provenance': 'source_host_defuse'}
  [R] <-DERIVES- PREDICATE fBaseParams.isAllSame ? INPUT_FORMAT_TND : fBaseParams.layoutType {'provenance': 'source_host_defuse'}
  [R] <-DERIVES- PREDICATE INPUT_FORMAT_S2BN2GD {'provenance': 'source_host_defuse'}
  [R] <-DERIVES- PREDICATE INPUT_FORMAT_BS2N2GD {'provenance': 'source_host_defuse'}
  [R] <-DERIVES- PREDICATE INPUT_FORMAT_BN2GS2D {'provenance': 'source_host_defuse'}
  [R] <-DERIVES- PREDICATE INPUT_FORMAT_TND {'provenance': 'source_host_defuse'}
  [R] <-DERIVES- PREDICATE INPUT_FORMAT_BS2N2GD {'provenance': 'source_host_defuse'}
  [R] <-DERIVES- PREDICATE 4 {'provenance': 'source_host_defuse'}
  [R] <-DERIVES- VARIABLE LAYOUT_ATTR_IDX {'provenance': 'source_host_defuse'}
  [R] <-DERIVES- VARIABLE s1 {'provenance': 'source_host_defuse'}
  [R] <-DERIVES- VARIABLE s2 {'provenance': 'source_host_defuse'}
  [R] <-DERIVES- VARIABLE INPUT_FORMAT_BS2N2GD {'provenance': 'source_host_defuse'}
  [R] <-DERIVES- VARIABLE fBaseParams.isAllSame {'provenance': 'source_host_defuse'}
  [R] <-DERIVES- VARIABLE fBaseParams.isBn2 {'provenance': 'source_host_defuse'}
  [R] <-DERIVES- VARIABLE bn2S2RouteLimit {'provenance': 'source_host_defuse'}
  [R] <-DERIVES- VARIABLE INPUT_FORMAT_S2BN2GD {'provenance': 'source_host_defuse'}
  [R] <-DERIVES- VARIABLE INPUT_FORMAT_BN2GS2D {'provenance': 'source_host_defuse'}
  [ROOT] <-DERIVES- COMPILE_VAR host-expr:flash_attention_score_grad/op_host/arch35/flash_attention_score_grad_tiling_common_regbase.h:66 {'provenance': 'source_host_constant_expr'}
  [R] <-DERIVES- PREDICATE 5 {'provenance': 'source_host_defuse'}
  [R] <-DERIVES- PREDICATE queryShape->GetStorageShape().GetDim(INPUT_DIM_0) {'provenance': 'source_host_defuse'}
  [R] <-DERIVES- PREDICATE queryShape->GetStorageShape().GetDim(INPUT_DIM_1) {'provenance': 'source_host_defuse'}
  [R] <-DERIVES- PREDICATE queryShape->GetStorageShape().GetDim(INPUT_DIM_2) {'provenance': 'source_host_defuse'}
  [R] <-DERIVES- PREDICATE *std::max_element(fBaseParams.actualSeqQlen.begin(), fBaseParams.actualSeqQlen.end()) {'provenance': 'source_host_defuse'}
  [R] <-DERIVES- PREDICATE queryShape->GetStorageShape().GetDim(INPUT_DIM_1) {'provenance': 'source_host_defuse'}
  [R] <-DERIVES- PREDICATE keyShape->GetStorageShape().GetDim(INPUT_DIM_2) {'provenance': 'source_host_defuse'}
  [R] <-DERIVES- PREDICATE *std::max_element(fBaseParams.actualSeqKvlen.begin(), fBaseParams.actualSeqKvlen.end()) {'provenance': 'source_host_defuse'}
  [R] <-DERIVES- PREDICATE keyShape->GetStorageShape().GetDim(INPUT_DIM_1) {'provenance': 'source_host_defuse'}
  [R] <-DERIVES- PREDICATE 1 {'provenance': 'source_host_defuse'}
  [R] <-DERIVES- PREDICATE true {'provenance': 'source_host_defuse'}
  [R] <-DERIVES- PREDICATE (kvValue[i] - kvValue[i - 1] == lastKvLen) &&
                                        (qValue[i] - qValue[i - 1] == lastQLen) && fBaseParams.isAllSame {'provenance': 'source_host_defuse'}
  [R] <-DERIVES- PREDICATE (fBaseParams.s1 <= BN2_MAX_S && fBaseParams.s2 <= BN2_MAX_S) &&
                        (fBaseParams.n1 == fBaseParams.n2) &&
                        (fBaseParams.d <= BN2_MAX_D) &&
                        (fBaseParams.queryType != ge::DT_FLOAT) &&
                        !(fBaseParams.queryType == ge::DT_FLOAT8_E5M2 || fBaseParams.queryType == ge::DT_FLOAT8_E4M3FN || fBaseParams.queryType == ge::DT_HIFLOAT8) &&
                        (fBaseParams.tailZeroCount == 0) {'provenance': 'source_host_defuse'}
  [R] <-DERIVES- PREDICATE fBaseParams.isBn2MultiBlk ? true : fBaseParams.isBn2 {'provenance': 'source_host_defuse'}
  [R] <-DERIVES- PREDICATE false {'provenance': 'source_host_defuse'}
  [R] <-DERIVES- PREDICATE false {'provenance': 'source_host_defuse'}
  [R] <-DERIVES- PREDICATE false {'provenance': 'source_host_defuse'}
  [R] <-DERIVES- PREDICATE !fBaseParams.hasRope && fBaseParams.d <= BN2_MAX_D &&
        (fBaseParams.layoutType == INPUT_FORMAT_TND || (fBaseParams.isAllSame && !fBaseParams.isDeterministic) ||
         bn2S2NotTndLimit) &&
        (fBaseParams.keepProb >= 1 ||
         (fBaseParams.d <= static_cast<uint32_t>(ConstAxisTemplateNum::NUM128) && fBaseParams.keepProb < 1)) &&
        (fBaseParams.n1 == fBaseParams.n2) && (fBaseParams.queryType != ge::DT_FLOAT) &&
        !(fBaseParams.queryType == ge::DT_FLOAT8_E5M2 || fBaseParams.queryType == ge::DT_FLOAT8_E4M3FN ||
          fBaseParams.queryType == ge::DT_HIFLOAT8) {'provenance': 'source_host_defuse'}

========================================================================
SplitAxis rooted=True
id E_TILING_KEY_a1c228ac40b0
packing ['static_cast<uint8_t>(splitAxis)']
ALL inbound to TILING_KEY:
  ('DERIVES', 'PREDICATE', 'static_cast<uint8_t>(splitAxis)', 'HOSTKEYEXPR::flash_attention_score_grad/op_host/arch35/flash_attention_score_grad_tiling_normal_regbase.cpp::1460::1', {'provenance': 'source_get_tpl_tiling_key', 'file': 'flash_attention_score_grad/op_host/arch35/flash_attention_score_grad_tiling_normal_regbase.cpp', 'line': 1460})

 packing node PREDICATE static_cast<uint8_t>(splitAxis)
  ALL inbound to packing node:
    ('DERIVES', 'FIELD', 'fBaseParams.splitAxis', 'E_FIELD_3fe775ee8468', {'provenance': 'source_get_tpl_tiling_key_symbol', 'file': 'flash_attention_score_grad/op_host/arch35/flash_attention_score_grad_tiling_normal_regbase.cpp', 'line': 1460})
    ('DERIVES', 'VARIABLE', 'this.fBaseParams.splitAxis', 'E_VARIABLE_e32626468c19', {'provenance': 'source_get_tpl_tiling_key_symbol', 'file': 'flash_attention_score_grad/op_host/arch35/flash_attention_score_grad_tiling_normal_regbase.cpp', 'line': 1460})
    ('DERIVES', 'FIELD', 'this.fBaseParams.splitAxis', 'E_FIELD_722f5789b1d6', {'provenance': 'source_get_tpl_tiling_key_symbol', 'file': 'flash_attention_score_grad/op_host/arch35/flash_attention_score_grad_tiling_normal_regbase.cpp', 'line': 1460})

  drill FIELD fBaseParams.splitAxis:
     ('WRITES', 'FUNCTION', 'SetSplitAxis', 'E_FUNCTION_2c95ee72abcc', {})
     ('CONTROLS', 'BRANCH', '! fBaseParams.isBn2 && bn2S2RouteLimit', 'E_BRANCH_b7b1db129e1a', {})
     ('CONTROLS', 'BRANCH', '!(! fBaseParams.isBn2 && bn2S2RouteLimit)', 'E_BRANCH_6512b0ff642f', {})
     ('CONTROLS', 'BRANCH', 'fBaseParams.isBn2', 'E_BRANCH_74438a58a19a', {})
     ('CONTROLS', 'BRANCH', '!(fBaseParams.isBn2)', 'E_BRANCH_586c242a7b04', {})

  drill VARIABLE this.fBaseParams.splitAxis:
     ('READS', 'FUNCTION', 'DoOpTiling', 'E_FUNCTION_90475cc5ed9f', {})
     ('READS', 'FUNCTION', 'DoBn2s2Sparse', 'E_FUNCTION_fba2350bcca1', {})
     ('READS', 'FUNCTION', 'DoSparse', 'E_FUNCTION_4d3f8d7886ef', {})
     ('READS', 'FUNCTION', 'DoPreTiling', 'E_FUNCTION_ab51df58317c', {})
     ('READS', 'FUNCTION', 'GetWorkspaceSize', 'E_FUNCTION_5f4bea770e68', {})
     ('READS', 'FUNCTION', 'GetWorkspaceSize4Deter', 'E_FUNCTION_13a0f8cd86f6', {})
     ('READS', 'FUNCTION', 'PostTiling', 'E_FUNCTION_3367900ae76d', {})
     ('FLOWS_TO', 'FIELD', 'this.fBaseParams.splitAxis', 'E_FIELD_722f5789b1d6', {})

  drill FIELD this.fBaseParams.splitAxis:
     ('WRITES', 'FUNCTION', 'DoSparse', 'E_FUNCTION_4d3f8d7886ef', {})
     ('CONTROLS', 'BRANCH', '!(DoBn2s2Sparse()&& fBaseParams.blockOuter>= fBaseParams.aicNum)', 'E_BRANCH_003302f5ae26', {})
     ('CONTROLS', 'BRANCH', 'fBaseParams.splitAxis == SplitAxisEnum::BN2 && fBaseParams.isBn2MultiBlk', 'E_BRANCH_9ff259c37274', {})
     ('CONTROLS', 'BRANCH', '(fBaseParams.isInvalidCol || fBaseParams.isInvalidRow)', 'E_BRANCH_f2fc6d9fefa6', {})

 ROOT_FLOW ancestors (DERIVES/FLOWS_TO/CONTROLS):
  [R] <-DERIVES- PREDICATE static_cast<uint8_t>(splitAxis)
  [.] <-DERIVES- FIELD fBaseParams.splitAxis
  [R] <-DERIVES- VARIABLE this.fBaseParams.splitAxis
  [R] <-DERIVES- FIELD this.fBaseParams.splitAxis
  [.] <-CONTROLS- BRANCH ! fBaseParams.isBn2 && bn2S2RouteLimit
  [.] <-CONTROLS- BRANCH !(! fBaseParams.isBn2 && bn2S2RouteLimit)
  [.] <-CONTROLS- BRANCH fBaseParams.isBn2
  [.] <-CONTROLS- BRANCH !(fBaseParams.isBn2)
  [.] <-CONTROLS- BRANCH !(DoBn2s2Sparse()&& fBaseParams.blockOuter>= fBaseParams.aicNum)
  [R] <-CONTROLS- BRANCH fBaseParams.splitAxis == SplitAxisEnum::BN2 && fBaseParams.isBn2MultiBlk
  [.] <-CONTROLS- BRANCH (fBaseParams.isInvalidCol || fBaseParams.isInvalidRow)
  [ROOT] <-CONTROLS- COMPILE_VAR BN2

 ANY-edge ancestors (first 40, excluding CALLS explosion filter):
  [R] <-DERIVES- PREDICATE static_cast<uint8_t>(splitAxis) {'provenance': 'source_get_tpl_tiling_key', 'file': 'flash_attention_score_grad/op_host/arch35/flash_attention_score_grad_tiling_normal_regbase.cpp', 'line': 1460}
  [.] <-DERIVES- FIELD fBaseParams.splitAxis {'provenance': 'source_get_tpl_tiling_key_symbol', 'file': 'flash_attention_score_grad/op_host/arch35/flash_attention_score_grad_tiling_normal_regbase.cpp', 'line': 1460}
  [R] <-DERIVES- VARIABLE this.fBaseParams.splitAxis {'provenance': 'source_get_tpl_tiling_key_symbol', 'file': 'flash_attention_score_grad/op_host/arch35/flash_attention_score_grad_tiling_normal_regbase.cpp', 'line': 1460}
  [R] <-DERIVES- FIELD this.fBaseParams.splitAxis {'provenance': 'source_get_tpl_tiling_key_symbol', 'file': 'flash_attention_score_grad/op_host/arch35/flash_attention_score_grad_tiling_normal_regbase.cpp', 'line': 1460}
  [.] <-WRITES- FUNCTION SetSplitAxis {}
  [.] <-CONTROLS- BRANCH ! fBaseParams.isBn2 && bn2S2RouteLimit {}
  [.] <-CONTROLS- BRANCH !(! fBaseParams.isBn2 && bn2S2RouteLimit) {}
  [.] <-CONTROLS- BRANCH fBaseParams.isBn2 {}
  [.] <-CONTROLS- BRANCH !(fBaseParams.isBn2) {}
  [.] <-READS- FUNCTION DoOpTiling {}
  [.] <-READS- FUNCTION DoBn2s2Sparse {}
  [.] <-READS- FUNCTION DoSparse {}
  [.] <-READS- FUNCTION DoPreTiling {}
  [.] <-READS- FUNCTION GetWorkspaceSize {}
  [.] <-READS- FUNCTION GetWorkspaceSize4Deter {}
  [.] <-READS- FUNCTION PostTiling {}
  [.] <-CONTROLS- BRANCH !(DoBn2s2Sparse()&& fBaseParams.blockOuter>= fBaseParams.aicNum) {}
  [R] <-CONTROLS- BRANCH fBaseParams.splitAxis == SplitAxisEnum::BN2 && fBaseParams.isBn2MultiBlk {}
  [.] <-CONTROLS- BRANCH (fBaseParams.isInvalidCol || fBaseParams.isInvalidRow) {}
  [.] <-FLOWS_TO- FUNCTION ProcessOptionalInput {}
  [.] <-FLOWS_TO- FUNCTION ProcessDropoutInfo {}
  [.] <-FLOWS_TO- FUNCTION ProcessSparseModeInfo {}
  [.] <-GUARDED_BY- FIELD fBaseParams.layoutType {}
  [.] <-FLOWS_TO- FUNCTION GetPlatformInfo {}
  [.] <-FLOWS_TO- FUNCTION GetSparseBlockInfoBn2 {}
  [.] <-FLOWS_TO- FUNCTION DoBn2MultiBlkSparse {}
  [.] <-FLOWS_TO- FUNCTION GetSparseBlockInfo {}
  [.] <-FLOWS_TO- FUNCTION GetSparsePrefixBlockInfo {}
  [.] <-FLOWS_TO- FUNCTION GetShapeAttrsInfo {}
  [.] <-FLOWS_TO- FUNCTION CalcleDeterParam {}
  [.] <-FLOWS_TO- FUNCTION GetParseS1S2OuterInfo {}
  [.] <-FLOWS_TO- FUNCTION DoSplit {}
  [R] <-GUARDED_BY- FIELD this.fBaseParams.layoutType {}
  [.] <-GUARDED_BY- FIELD this.fBaseParams.sparseType {}
  [R] <-GUARDED_BY- FIELD this.fBaseParams.isBn2 {}
  [R] <-GUARDED_BY- FIELD this.fBaseParams.isBn2MultiBlk {}
  [R] <-GUARDED_BY- FIELD this.fBaseParams.isDeterministic {}
  [R] <-GUARDED_BY- FIELD this.fBaseParams.blockOuter {}
  [R] <-GUARDED_BY- FIELD this.fBaseParams.blockFactor {}
  [R] <-GUARDED_BY- FIELD this.fBaseParams.maxValidBBLen {}
  [ROOT] <-CONTROLS- COMPILE_VAR BN2 {}
  [.] <-CONTROLS- BRANCH SupportTrans2BS2N2GD(fBaseParams) {}
  [.] <-FLOWS_TO- FUNCTION TilingPrepareForFlashAttentionScoreGrad {}
  [R] <-CONTROLS- BRANCH strcmp(inputLayout, "SBH")== 0 {}
  [R] <-CONTROLS- BRANCH !(strcmp(inputLayout, "SBH")== 0) {}
  [R] <-CONTROLS- BRANCH strcmp(inputLayout, "BSH")== 0 {}
  [R] <-CONTROLS- BRANCH !(strcmp(inputLayout, "BSH")== 0) {}
  [R] <-CONTROLS- BRANCH strcmp(inputLayout, "BNSD")== 0 {}
  [R] <-CONTROLS- BRANCH !(strcmp(inputLayout, "BNSD")== 0) {}
  [R] <-CONTROLS- BRANCH strcmp(inputLayout, "TND")== 0 {}
  [R] <-CONTROLS- BRANCH !(strcmp(inputLayout, "TND")== 0) {}

========================================================================
DeterType rooted=True
id E_TILING_KEY_8a503f282079
packing ['static_cast<uint8_t>(fBaseParams.deterSparseType)']
ALL inbound to TILING_KEY:
  ('DERIVES', 'PREDICATE', 'static_cast<uint8_t>(fBaseParams.deterSparseType)', 'HOSTKEYEXPR::flash_attention_score_grad/op_host/arch35/flash_attention_score_grad_tiling_normal_regbase.cpp::1460::10', {'provenance': 'source_get_tpl_tiling_key', 'file': 'flash_attention_score_grad/op_host/arch35/flash_attention_score_grad_tiling_normal_regbase.cpp', 'line': 1460})

 packing node PREDICATE static_cast<uint8_t>(fBaseParams.deterSparseType)
  ALL inbound to packing node:
    ('DERIVES', 'FIELD', 'fBaseParams.deterSparseType', 'E_FIELD_81a3ebd85a54', {'provenance': 'source_get_tpl_tiling_key_symbol', 'file': 'flash_attention_score_grad/op_host/arch35/flash_attention_score_grad_tiling_normal_regbase.cpp', 'line': 1460})
    ('DERIVES', 'VARIABLE', 'this.fBaseParams.deterSparseType', 'E_VARIABLE_bc92fcc82fc7', {'provenance': 'source_get_tpl_tiling_key_symbol', 'file': 'flash_attention_score_grad/op_host/arch35/flash_attention_score_grad_tiling_normal_regbase.cpp', 'line': 1460})
    ('DERIVES', 'FIELD', 'this.fBaseParams.deterSparseType', 'E_FIELD_8a851362fcb5', {'provenance': 'source_get_tpl_tiling_key_symbol', 'file': 'flash_attention_score_grad/op_host/arch35/flash_attention_score_grad_tiling_normal_regbase.cpp', 'line': 1460})

  drill FIELD fBaseParams.deterSparseType:
     ('WRITES', 'FUNCTION', 'CalcleCausalDeterParam', 'E_FUNCTION_f868f88fa9e1', {})
     ('CONTROLS', 'BRANCH', '!(fBaseParams.sparseMode == static_cast<uint32_t>(SparseMode::RIGHT_DOWN_CAUSAL)&& m>n)', 'E_BRANCH_42cec9db8fc9', {})
     ('CONTROLS', 'BRANCH', '!((fBaseParams.sparseMode == static_cast<uint32_t>(SparseMode::NO_MASK)|| fBaseParams.sparseMode == static_cast<uint32_t', 'E_BRANCH_2720b0ed5a57', {})
     ('CONTROLS', 'BRANCH', 'fBaseParams.sparseMode == static_cast<uint32_t>(SparseMode::RIGHT_DOWN_CAUSAL)&& m<n', 'E_BRANCH_eba3244a7894', {})

  drill VARIABLE this.fBaseParams.deterSparseType:
     ('READS', 'FUNCTION', 'DoOpTiling', 'E_FUNCTION_90475cc5ed9f', {})
     ('READS', 'FUNCTION', 'DoBn2s2Sparse', 'E_FUNCTION_fba2350bcca1', {})
     ('READS', 'FUNCTION', 'DoSparse', 'E_FUNCTION_4d3f8d7886ef', {})
     ('READS', 'FUNCTION', 'CalcleDeterParam', 'E_FUNCTION_8e1d0e679a14', {})
     ('READS', 'FUNCTION', 'GetWorkspaceSize4Deter', 'E_FUNCTION_13a0f8cd86f6', {})
     ('READS', 'FUNCTION', 'SaveToTilingData', 'E_FUNCTION_5ea1e17c6519', {})
     ('FLOWS_TO', 'FIELD', 'this.fBaseParams.deterSparseType', 'E_FIELD_8a851362fcb5', {})
     ('DERIVES', 'PREDICATE', 'static_cast<uint32_t>(DeterSparseType::DETER_BAND)', 'HOSTDEF::flash_attention_score_grad/op_host/arch35/flash_attention_score_grad_tiling_common_regbase.cpp::747::deterSparseType::0', {'provenance': 'source_host_defuse'})
     ('DERIVES', 'PREDICATE', 'GetDeterSparseTilingKey()', 'HOSTDEF::flash_attention_score_grad/op_host/arch35/flash_attention_score_grad_tiling_normal_regbase.cpp::663::deterSparseType::1', {'provenance': 'source_host_defuse'})

  drill FIELD this.fBaseParams.deterSparseType:
     ('WRITES', 'FUNCTION', 'DoSparse', 'E_FUNCTION_4d3f8d7886ef', {})

 ROOT_FLOW ancestors (DERIVES/FLOWS_TO/CONTROLS):
  [R] <-DERIVES- PREDICATE static_cast<uint8_t>(fBaseParams.deterSparseType)
  [R] <-DERIVES- FIELD fBaseParams.deterSparseType
  [R] <-DERIVES- VARIABLE this.fBaseParams.deterSparseType
  [.] <-DERIVES- FIELD this.fBaseParams.deterSparseType
  [R] <-CONTROLS- BRANCH !(fBaseParams.sparseMode == static_cast<uint32_t>(SparseMode::RIGHT_DOWN_CAUSAL)&& m>n)
  [R] <-CONTROLS- BRANCH !((fBaseParams.sparseMode == static_cast<uint32_t>(SparseMode::NO_MASK)|| fBaseParams.sparseMode == static_cast<uint32_t
  [R] <-CONTROLS- BRANCH fBaseParams.sparseMode == static_cast<uint32_t>(SparseMode::RIGHT_DOWN_CAUSAL)&& m<n
  [R] <-DERIVES- PREDICATE static_cast<uint32_t>(DeterSparseType::DETER_BAND)
  [.] <-DERIVES- PREDICATE GetDeterSparseTilingKey()
  [ROOT] <-CONTROLS- COMPILE_VAR RIGHT_DOWN_CAUSAL
  [ROOT] <-CONTROLS- COMPILE_VAR NO_MASK
  [ROOT] <-DERIVES- COMPILE_VAR DeterSparseType::DETER_BAND
  [R] <-DERIVES- VARIABLE fBaseParams.sparseMode
  [ROOT] <-DERIVES- COMPILE_VAR SparseMode::RIGHT_DOWN_CAUSAL
  [R] <-DERIVES- VARIABLE m
  [R] <-DERIVES- VARIABLE n
  [R] <-DERIVES- PREDICATE static_cast<uint32_t>(SparseMode::ALL_MASK)
  [R] <-DERIVES- PREDICATE static_cast<uint32_t>(SparseMode::NO_MASK)
  [R] <-DERIVES- PREDICATE *(attrs->GetAttrPointer<int>(static_cast<size_t>(AttrIndex::SPARSE_MODE)))
  [R] <-DERIVES- PREDICATE m + q
  [R] <-DERIVES- PREDICATE p + q + L2 - NUM_TWO
  [R] <-DERIVES- PREDICATE CeilDivideBy(fBaseParams.actualSeqQlen[i], fBaseParams.s1Inner * fBaseParams.s1CvRatio)
  [R] <-DERIVES- PREDICATE m + q
  [R] <-DERIVES- PREDICATE deterPrefixData.mNewList[batchId - 1]
  [R] <-DERIVES- PREDICATE deterPrefixData.mNewList[b]
  [R] <-DERIVES- PREDICATE deterPrefixData.mNewList[batchId - 1]
  [R] <-DERIVES- PREDICATE p + q - 1
  [R] <-DERIVES- PREDICATE n + p
  [R] <-DERIVES- PREDICATE m
  [R] <-DERIVES- PREDICATE CeilDivideBy(fBaseParams.actualSeqKvlen[i], fBaseParams.s2Inner * fBaseParams.s2CvRatio)
  [R] <-DERIVES- PREDICATE n + p
  [R] <-DERIVES- PREDICATE deterPrefixData.nNewList[b]
  [R] <-DERIVES- PREDICATE deterPrefixData.nNewList[batchId - 1]
  [R] <-DERIVES- PREDICATE p + q - 1
  [R] <-DERIVES- PREDICATE p + q - 1
  [R] <-DERIVES- PREDICATE i % n2g
  [R] <-DERIVES- PREDICATE 0
  [ROOT] <-DERIVES- COMPILE_VAR SparseMode::ALL_MASK
  [.] <-DERIVES- VARIABLE fBaseParams.isSparse
  [ROOT] <-DERIVES- COMPILE_VAR SparseMode::PREFIX

 ANY-edge ancestors (first 40, excluding CALLS explosion filter):
  [R] <-DERIVES- PREDICATE static_cast<uint8_t>(fBaseParams.deterSparseType) {'provenance': 'source_get_tpl_tiling_key', 'file': 'flash_attention_score_grad/op_host/arch35/flash_attention_score_grad_tiling_normal_regbase.cpp', 'line': 1460}
  [R] <-DERIVES- FIELD fBaseParams.deterSparseType {'provenance': 'source_get_tpl_tiling_key_symbol', 'file': 'flash_attention_score_grad/op_host/arch35/flash_attention_score_grad_tiling_normal_regbase.cpp', 'line': 1460}
  [R] <-DERIVES- VARIABLE this.fBaseParams.deterSparseType {'provenance': 'source_get_tpl_tiling_key_symbol', 'file': 'flash_attention_score_grad/op_host/arch35/flash_attention_score_grad_tiling_normal_regbase.cpp', 'line': 1460}
  [.] <-DERIVES- FIELD this.fBaseParams.deterSparseType {'provenance': 'source_get_tpl_tiling_key_symbol', 'file': 'flash_attention_score_grad/op_host/arch35/flash_attention_score_grad_tiling_normal_regbase.cpp', 'line': 1460}
  [.] <-WRITES- FUNCTION CalcleCausalDeterParam {}
  [R] <-CONTROLS- BRANCH !(fBaseParams.sparseMode == static_cast<uint32_t>(SparseMode::RIGHT_DOWN_CAUSAL)&& m>n) {}
  [R] <-CONTROLS- BRANCH !((fBaseParams.sparseMode == static_cast<uint32_t>(SparseMode::NO_MASK)|| fBaseParams.sparseMode == static_cast<uint32_t {}
  [R] <-CONTROLS- BRANCH fBaseParams.sparseMode == static_cast<uint32_t>(SparseMode::RIGHT_DOWN_CAUSAL)&& m<n {}
  [.] <-READS- FUNCTION DoOpTiling {}
  [.] <-READS- FUNCTION DoBn2s2Sparse {}
  [.] <-READS- FUNCTION DoSparse {}
  [.] <-READS- FUNCTION CalcleDeterParam {}
  [.] <-READS- FUNCTION GetWorkspaceSize4Deter {}
  [.] <-READS- FUNCTION SaveToTilingData {}
  [R] <-DERIVES- PREDICATE static_cast<uint32_t>(DeterSparseType::DETER_BAND) {'provenance': 'source_host_defuse'}
  [.] <-DERIVES- PREDICATE GetDeterSparseTilingKey() {'provenance': 'source_host_defuse'}
  [.] <-FLOWS_TO- FUNCTION ProcessOptionalInput {}
  [.] <-FLOWS_TO- FUNCTION ProcessSparseModeInfo {}
  [ROOT] <-CONTROLS- COMPILE_VAR RIGHT_DOWN_CAUSAL {}
  [ROOT] <-CONTROLS- COMPILE_VAR NO_MASK {}
  [.] <-FLOWS_TO- FUNCTION GetPlatformInfo {}
  [.] <-FLOWS_TO- FUNCTION GetSparseBlockInfoBn2 {}
  [.] <-FLOWS_TO- FUNCTION DoBn2MultiBlkSparse {}
  [.] <-FLOWS_TO- FUNCTION GetSparseBlockInfo {}
  [.] <-FLOWS_TO- FUNCTION GetSparsePrefixBlockInfo {}
  [.] <-FLOWS_TO- FUNCTION GetShapeAttrsInfo {}
  [.] <-FLOWS_TO- FUNCTION GetParseS1S2OuterInfo {}
  [.] <-FLOWS_TO- FUNCTION DoSplit {}
  [.] <-FLOWS_TO- FUNCTION InitTilingData {}
  [ROOT] <-DERIVES- COMPILE_VAR DeterSparseType::DETER_BAND {'provenance': 'source_host_constant'}
  [R] <-DERIVES- VARIABLE fBaseParams.sparseMode {'provenance': 'source_host_defuse'}
  [ROOT] <-DERIVES- COMPILE_VAR SparseMode::RIGHT_DOWN_CAUSAL {'provenance': 'source_host_constant'}
  [R] <-DERIVES- VARIABLE m {'provenance': 'source_host_defuse'}
  [R] <-DERIVES- VARIABLE n {'provenance': 'source_host_defuse'}
  [.] <-FLOWS_TO- FUNCTION SetSplitAxis {}
  [.] <-FLOWS_TO- FUNCTION TilingPrepareForFlashAttentionScoreGrad {}
  [R] <-DERIVES- PREDICATE static_cast<uint32_t>(SparseMode::ALL_MASK) {'provenance': 'source_host_defuse'}
  [R] <-DERIVES- PREDICATE static_cast<uint32_t>(SparseMode::NO_MASK) {'provenance': 'source_host_defuse'}
  [R] <-DERIVES- PREDICATE *(attrs->GetAttrPointer<int>(static_cast<size_t>(AttrIndex::SPARSE_MODE))) {'provenance': 'source_host_defuse'}
  [R] <-DERIVES- PREDICATE m + q {'provenance': 'source_host_defuse'}
  [R] <-DERIVES- PREDICATE p + q + L2 - NUM_TWO {'provenance': 'source_host_defuse'}
  [R] <-DERIVES- PREDICATE CeilDivideBy(fBaseParams.actualSeqQlen[i], fBaseParams.s1Inner * fBaseParams.s1CvRatio) {'provenance': 'source_host_defuse'}
  [R] <-DERIVES- PREDICATE m + q {'provenance': 'source_host_defuse'}
  [R] <-DERIVES- PREDICATE deterPrefixData.mNewList[batchId - 1] {'provenance': 'source_host_defuse'}
  [R] <-DERIVES- PREDICATE deterPrefixData.mNewList[b] {'provenance': 'source_host_defuse'}
  [R] <-DERIVES- PREDICATE deterPrefixData.mNewList[batchId - 1] {'provenance': 'source_host_defuse'}
  [R] <-DERIVES- PREDICATE p + q - 1 {'provenance': 'source_host_defuse'}
  [R] <-DERIVES- PREDICATE n + p {'provenance': 'source_host_defuse'}
  [R] <-DERIVES- PREDICATE m {'provenance': 'source_host_defuse'}
  [R] <-DERIVES- PREDICATE CeilDivideBy(fBaseParams.actualSeqKvlen[i], fBaseParams.s2Inner * fBaseParams.s2CvRatio) {'provenance': 'source_host_defuse'}
  [R] <-DERIVES- PREDICATE n + p {'provenance': 'source_host_defuse'}
  [R] <-DERIVES- PREDICATE deterPrefixData.nNewList[b] {'provenance': 'source_host_defuse'}
  [R] <-DERIVES- PREDICATE deterPrefixData.nNewList[batchId - 1] {'provenance': 'source_host_defuse'}
  [R] <-DERIVES- PREDICATE p + q - 1 {'provenance': 'source_host_defuse'}
  [R] <-DERIVES- PREDICATE p + q - 1 {'provenance': 'source_host_defuse'}
  [R] <-DERIVES- PREDICATE i % n2g {'provenance': 'source_host_defuse'}
  [R] <-DERIVES- PREDICATE 0 {'provenance': 'source_host_defuse'}
