ROOT_KINDS ['ARCH', 'BUILD_VARIANT', 'COMPILE_VAR', 'INPUT', 'MACRO']
ROOT_FLOW_KINDS ['CONTROLS', 'DERIVES', 'FLOWS_TO']
uo /mnt/d/TEST/ops-transformer/attention/flash_attention_score_grad/.ascendc-pilot/uo/flash_attention_score_grad.arch35.uo

==== IsNzOut ====
id E_TILING_KEY_551038953f08
in_rooted_closure False
host_packing_expressions ['static_cast<uint8_t>(fBaseParams.isNzOut)']
  attr.source_declared= True
  attr.decl_order= 16
  attr.bit_width= 1
inbound 1 kinds ['DERIVES']
outbound 4 kinds ['BINDS', 'SELECTS']
  <-DERIVES- HOSTKEYEXPR::flash_attention_score_grad/op_host/arch35/flash_attention_score_grad_tiling_normal_regbase.cpp::1460::16 kind=PREDICATE name=static_cast<uint8_t>(fBaseParams.isNzOut) rooted=False
      provenance='source_get_tpl_tiling_key'
reachable_roots_via_ROOT_FLOW 0
name_hits 7
  FIELD 'this.fBaseParams.isNzOut' id=E_FIELD_faf7f6739675 rooted=False attrs={}
    <-WRITES- FUNCTION DoOpTiling rooted=False
  VARIABLE 'this.fBaseParams.isNzOut' id=E_VARIABLE_3aa90f5151c1 rooted=False attrs={}
    <-READS- FUNCTION DoPreTiling rooted=False
    <-READS- FUNCTION GetWorkspaceSize rooted=False
    <-FLOWS_TO- FIELD this.fBaseParams.isNzOut rooted=False
  TILING_KEY 'IsNzOut' id=E_TILING_KEY_551038953f08 rooted=False attrs={'provenance': 'source_tpl_args_decl'}
    <-DERIVES- PREDICATE static_cast<uint8_t>(fBaseParams.isNzOut) rooted=False
  TEMPLATE_ARG 'Mm12IsNZOut' id=TPLARG::flash_attention_score_grad::Mm12IsNZOut rooted=False attrs={'provenance': 'source_kernel_template'}
    <-DECLARES- TEMPLATE flash_attention_score_grad<template> rooted=False
  TEMPLATE_ARG 'Mm345IsNZOut' id=TPLARG::flash_attention_score_grad::Mm345IsNZOut rooted=False attrs={'provenance': 'source_kernel_template'}
    <-DECLARES- TEMPLATE flash_attention_score_grad<template> rooted=False
  TEMPLATE_ARG 'IsNzOut' id=TPLARG::flash_attention_score_grad::IsNzOut rooted=False attrs={'provenance': 'source_kernel_template'}
    <-DECLARES- TEMPLATE flash_attention_score_grad<template> rooted=False
    <-BINDS- TILING_KEY IsNzOut rooted=False
  PREDICATE 'static_cast<uint8_t>(fBaseParams.isNzOut)' id=HOSTKEYEXPR::flash_attention_score_grad/op_host/arch35/flash_attention_score_grad_tiling_normal_regbase.cpp::1460::16 rooted=False attrs={'provenance': 'source_get_tpl_tiling_key'}
    <-DERIVES- FIELD this.fBaseParams.isNzOut rooted=False
    <-DERIVES- VARIABLE this.fBaseParams.isNzOut rooted=False

==== IsTndSwizzle ====
id E_TILING_KEY_ca8f4be0201d
in_rooted_closure False
host_packing_expressions ['static_cast<uint8_t>(tndBaseInfo.isTndSwizzle)']
  attr.source_declared= True
  attr.decl_order= 17
  attr.bit_width= 1
inbound 1 kinds ['DERIVES']
outbound 5 kinds ['BINDS', 'SELECTS']
  <-DERIVES- HOSTKEYEXPR::flash_attention_score_grad/op_host/arch35/flash_attention_score_grad_tiling_normal_regbase.cpp::1460::17 kind=PREDICATE name=static_cast<uint8_t>(tndBaseInfo.isTndSwizzle) rooted=False
      provenance='source_get_tpl_tiling_key'
reachable_roots_via_ROOT_FLOW 0
name_hits 9
  FIELD 'this.tndBaseInfo.isTndSwizzle' id=E_FIELD_91cd374c30eb rooted=False attrs={}
    <-WRITES- FUNCTION DoOpTiling rooted=False
  VARIABLE 'this.tndBaseInfo.isTndSwizzle' id=E_VARIABLE_500ab3b2d687 rooted=False attrs={}
    <-READS- FUNCTION InitTilingData rooted=False
    <-READS- FUNCTION SaveToTilingData rooted=False
    <-FLOWS_TO- FIELD this.tndBaseInfo.isTndSwizzle rooted=False
  BRANCH 'IsNewDeter(fBaseParams)&& tndBaseInfo.isTndSwizzle' id=E_BRANCH_e7318361ab85 rooted=False attrs={}
    <-GUARDED_BY- FIELD this.s1s2BNGS1S2BaseParams_ rooted=False
    <-GUARDED_BY- FIELD this.s1s2BNGS1S2SplitCoreParams_ rooted=False
    <-GUARDED_BY- FIELD this.s1s2BNGS1S2BlockNumList_ rooted=False
    <-GUARDED_BY- FIELD this.preTilingData_ rooted=False
    <-GUARDED_BY- FIELD this.postTilingData_ rooted=False
    <-GUARDED_BY- FIELD this.deterParam rooted=False
    <-GUARDED_BY- FIELD this.tndSwizzleParam_ rooted=False
    <-GUARDED_BY- FIELD this.baseDeterParam_ rooted=False
  BRANCH '!(IsNewDeter(fBaseParams)&& tndBaseInfo.isTndSwizzle)' id=E_BRANCH_29c67966d4e5 rooted=False attrs={}
    <-GUARDED_BY- FIELD this.s1s2BNGS1S2BaseParams_ rooted=False
    <-GUARDED_BY- FIELD this.s1s2BNGS1S2SplitCoreParams_ rooted=False
    <-GUARDED_BY- FIELD this.s1s2BNGS1S2BlockNumList_ rooted=False
    <-GUARDED_BY- FIELD this.preTilingData_ rooted=False
    <-GUARDED_BY- FIELD this.postTilingData_ rooted=False
    <-GUARDED_BY- FIELD this.deterParam rooted=False
    <-GUARDED_BY- FIELD this.baseDeterParam_ rooted=False
    <-GUARDED_BY- FIELD this.tndSwizzleParam_ rooted=False
  BRANCH 'tndBaseInfo.isTndSwizzle' id=E_BRANCH_206ae50d20a8 rooted=False attrs={}
    <-GUARDED_BY- FIELD this.s1s2BNGS1S2BaseParams_ rooted=False
    <-GUARDED_BY- FIELD this.s1s2BNGS1S2SplitCoreParams_ rooted=False
    <-GUARDED_BY- FIELD this.s1s2BNGS1S2BlockNumList_ rooted=False
    <-GUARDED_BY- FIELD this.preTilingData_ rooted=False
    <-GUARDED_BY- FIELD this.postTilingData_ rooted=False
    <-GUARDED_BY- FIELD this.tndSwizzleParam_ rooted=False
  BRANCH '!(tndBaseInfo.isTndSwizzle)' id=E_BRANCH_03156b8fdb3f rooted=False attrs={}
    <-GUARDED_BY- FIELD this.baseDeterParam_ rooted=False
  TILING_KEY 'IsTndSwizzle' id=E_TILING_KEY_ca8f4be0201d rooted=False attrs={'provenance': 'source_tpl_args_decl'}
    <-DERIVES- PREDICATE static_cast<uint8_t>(tndBaseInfo.isTndSwizzle) rooted=False
  TEMPLATE_ARG 'IsTndSwizzle' id=TPLARG::flash_attention_score_grad::IsTndSwizzle rooted=False attrs={'provenance': 'source_kernel_template'}
    <-DECLARES- TEMPLATE flash_attention_score_grad<template> rooted=False
    <-BINDS- TILING_KEY IsTndSwizzle rooted=False
  PREDICATE 'static_cast<uint8_t>(tndBaseInfo.isTndSwizzle)' id=HOSTKEYEXPR::flash_attention_score_grad/op_host/arch35/flash_attention_score_grad_tiling_normal_regbase.cpp::1460::17 rooted=False attrs={'provenance': 'source_get_tpl_tiling_key'}
    <-DERIVES- FIELD this.tndBaseInfo.isTndSwizzle rooted=False
    <-DERIVES- VARIABLE this.tndBaseInfo.isTndSwizzle rooted=False
