----- acp start uo-init -----
{"run_id": "RUN_20260810_020122_ee6cea44", "phase": "prepare"}

----- prepare -----
{
  "ok": true,
  "engine": "prepare",
  "steps": [
    {
      "step": "prepare_layout",
      "ok": true,
      "error": null,
      "engine": "prepare_layout"
    },
    {
      "step": "scope_scan",
      "ok": true,
      "error": null,
      "engine": "scope_scan"
    },
    {
      "step": "scope_confirm",
      "ok": true,
      "error": null,
      "engine": "scope_confirm"
    }
  ]
}

----- extract -----
[uo-timing] extract_host_bundle start  closure_mode=keypath with_kernel=True with_api=False kernel_max_variants=1
[uo-timing]   6.604s  discover
[uo-timing]   targets=['flash_attention_score_grad_tiling_common_regbase.cpp', 'flash_attention_score_grad_tiling_normal_regbase.cpp', 'flash_attention_score_grad_tiling_varlen_regbase.cpp', 'flash_attention_score_grad_tiling.cpp']
[uo-timing]   0.050s  BuildContext.load
[uo-timing] host_ir.parallel_tus  n=4 workers=4
[uo-timing] kernel_ir.start
[uo-timing]  37.548s  walk_file  file=flash_attention_score_grad_tiling.cpp side=host parse=8.745s frame=0.491s index=0.976s ast_walk=27.128s cache=store reachable=11 controls=131 writes=4 calls=823 diags=0 frames=0
[uo-timing]  37.578s  host_ir.walk_tu  file=flash_attention_score_grad_tiling.cpp controls=131 writes=4
[uo-timing] 151.495s  walk_file  file=flash_attention_score_grad_tiling_varlen_regbase.cpp side=host parse=14.000s frame=47.216s index=59.157s ast_walk=31.044s cache=store reachable=11 controls=3 writes=0 calls=119 diags=0 frames=1
[uo-timing] 151.534s  host_ir.walk_tu  file=flash_attention_score_grad_tiling_varlen_regbase.cpp controls=3 writes=0
[uo-timing] 213.552s SLOW  walk_file  file=flash_attention_score_grad_tiling_normal_regbase.cpp side=host parse=11.012s frame=53.320s index=84.309s ast_walk=64.464s cache=store reachable=50 controls=290 writes=156 calls=1592 diags=0 frames=1
[uo-timing] 213.616s SLOW  host_ir.walk_tu  file=flash_attention_score_grad_tiling_normal_regbase.cpp controls=290 writes=156
[uo-timing] 219.416s SLOW  walk_file  file=flash_attention_score_grad_tiling_common_regbase.cpp side=host parse=10.593s frame=55.276s index=95.273s ast_walk=57.828s cache=store reachable=54 controls=361 writes=126 calls=2176 diags=0 frames=0
[uo-timing] 219.531s SLOW  host_ir.walk_tu  file=flash_attention_score_grad_tiling_common_regbase.cpp controls=361 writes=126
[uo-timing] 219.565s  build_host_ir.done  controls=705 writes=286 local_writes=1579 calls=3426
[uo-timing] 231.826s SLOW  walk_file  file=flash_attention_score_grad_apt.cpp side=kernel parse=39.418s frame=165.309s index=5.834s ast_walk=6.888s cache=store reachable=534 controls=1827 writes=0 calls=2456 diags=5154 frames=0
[uo-timing] 231.902s SLOW  kernel_ir.walk  entry=flash_attention_score_grad_apt.cpp variant=DT_FLOAT16 controls=1827
[uo-timing] 231.928s SLOW  kernel_ir.done  branches=471
[uo-timing] 231.930s SLOW  host||kernel  tus=4
[uo-timing]   host_ir controls=705 writes=286 kernel_branches=471
[uo-timing]  20.848s  var_model+platform
[uo-timing] api_contract.start
[uo-timing]   0.045s  api_contract.done  facts=0.044s contract=skipped premises=0
[uo-timing]   0.107s  bind.done  bindings=19
[uo-timing]   0.109s  api||bind
[uo-timing]   api_premises=0 kernel_branches=471 bindings=19
[uo-timing]   closure_nodes=96 mode=keypath
[uo-timing]   0.832s  controllability.progress  32/96  batch=0.83s  38.5 nodes/s  core_cache=32
[uo-timing]   0.979s  controllability.progress  64/96  batch=0.15s  217.5 nodes/s  core_cache=64
[uo-timing]   1.634s  controllability.progress  96/96  batch=0.66s  48.8 nodes/s  core_cache=96
[uo-timing]   1.761s  controllability  mode=keypath
[uo-timing]   closure=1.000 blockers=0 core_cache=96
[uo-timing] extract_host_bundle TOTAL 261.4s  slow=['host||kernel']
[uo-timing]   summary    6.604s  discover
[uo-timing]   summary    0.050s  BuildContext.load
[uo-timing]   summary  231.930s  host||kernel
[uo-timing]   summary   20.848s  var_model+platform
[uo-timing]   summary    0.109s  api||bind
[uo-timing]   summary    1.761s  controllability
{
  "ok": true,
  "engine": "extract",
  "steps": [
    {
      "step": "extract_host",
      "ok": true,
      "error": null,
      "engine": "extract_host"
    },
    {
      "step": "extract_tiling_key",
      "ok": true,
      "error": null,
      "engine": "extract_tiling_key"
    },
    {
      "step": "extract_registry",
      "ok": true,
      "error": null,
      "engine": "extract_registry"
    },
    {
      "step": "extract_kernel",
      "ok": true,
      "error": null,
      "engine": "extract_kernel"
    }
  ]
}

----- analyze -----
{
  "ok": true,
  "engine": "analyze",
  "summary": {
    "op_name": "flash_attention_score_grad",
    "architecture": "arch35",
    "entity_count": 8388,
    "relation_count": 11761,
    "entities_by_kind": {
      "ARCH": 1,
      "BRANCH": 1205,
      "BUILD_VARIANT": 1,
      "COMPILE_VAR": 458,
      "FIELD": 854,
      "FILE": 47,
      "FUNCTION": 1241,
      "INPUT": 40,
      "KERNEL": 1,
      "MACRO": 158,
      "METHOD": 3053,
      "OUTPUT": 7,
      "PREDICATE": 648,
      "TEMPLATE": 1,
      "TEMPLATE_ARG": 39,
      "TILING_DATA": 11,
      "TILING_FIELD": 146,
      "TILING_KEY": 19,
      "TYPE": 49,
      "VARIABLE": 409
    },
    "relations_by_kind": {
      "ACTIVE_UNDER": 297,
      "AVAILABLE_ON": 47,
      "BINDS": 19,
      "CALLS": 5353,
      "CONTROLS": 1654,
      "DECLARES": 918,
      "DEFINES": 1,
      "DERIVES": 2009,
      "FLOWS_TO": 260,
      "GUARDED_BY": 411,
      "READS": 552,
      "REFERENCES": 5,
      "SELECTS": 84,
      "WRITES": 151
    },
    "has_host": true,
    "has_kernel": true,
    "has_host_kernel_path": true,
    "has_input_tilingkey_kernel_path": true,
    "has_tilingdata_kernel_path": true,
    "has_input_output_path": true,
    "tiling_key_root_coverage": "17/19",
    "tiling_key_host_packing_coverage": "19/19"
  }
}

----- resolve -----
uo_root=/mnt/d/TEST/ops-transformer/attention/flash_attention_score_grad/.ascendc-pilot/arch35/uo unresolved_exists=True
blocker_count: 1
blockers:
- audit_code: UNROOTED_TILING_KEYS
  code: unrooted_tiling_keys
  message: 2/19 source-declared TilingKeys have no API/compile root
  unrooted:
  - IsNzOut
  - IsTndSwizzle
derivation_blocker_count: 0
non_goals:
- global_tilingkey_value_derivation
- global_key_reachability_sat
- container_cardinality_proofs
- read_coverage_implication_proofs
schema: codemap-structural-gaps/v1
scope: structural_source_extraction
status: unresolved

{
  "ok": true,
  "engine": "resolve_gaps"
}

----- apply_gap_patch -----
{
  "ok": true,
  "engine": "apply_gap_patch"
}

----- commit -----
{
  "ok": true,
  "engine": "commit",
  "path": "/mnt/d/TEST/ops-transformer/attention/flash_attention_score_grad/.ascendc-pilot/uo/flash_attention_score_grad.arch35.uo",
  "summary": {
    "op_name": "flash_attention_score_grad",
    "architecture": "arch35",
    "entity_count": 8388,
    "relation_count": 11761,
    "entities_by_kind": {
      "ARCH": 1,
      "BRANCH": 1205,
      "BUILD_VARIANT": 1,
      "COMPILE_VAR": 458,
      "FIELD": 854,
      "FILE": 47,
      "FUNCTION": 1241,
      "INPUT": 40,
      "KERNEL": 1,
      "MACRO": 158,
      "METHOD": 3053,
      "OUTPUT": 7,
      "PREDICATE": 648,
      "TEMPLATE": 1,
      "TEMPLATE_ARG": 39,
      "TILING_DATA": 11,
      "TILING_FIELD": 146,
      "TILING_KEY": 19,
      "TYPE": 49,
      "VARIABLE": 409
    },
    "relations_by_kind": {
      "ACTIVE_UNDER": 297,
      "AVAILABLE_ON": 47,
      "BINDS": 19,
      "CALLS": 5353,
      "CONTROLS": 1654,
      "DECLARES": 918,
      "DEFINES": 1,
      "DERIVES": 2009,
      "FLOWS_TO": 260,
      "GUARDED_BY": 411,
      "READS": 552,
      "REFERENCES": 5,
      "SELECTS": 84,
      "WRITES": 151
    },
    "has_host": true,
    "has_kernel": true,
    "has_host_kernel_path": true,
    "has_input_tilingkey_kernel_path": true,
    "has_tilingdata_kernel_path": true,
    "has_input_output_path": true,
    "tiling_key_root_coverage": "17/19",
    "tiling_key_host_packing_coverage": "19/19"
  },
  "uo_product": {
    "ok": true,
    "path": "/mnt/d/TEST/ops-transformer/attention/flash_attention_score_grad/.ascendc-pilot/uo/flash_attention_score_grad.arch35.uo",
    "summary": {
      "op_name": "flash_attention_score_grad",
      "architecture": "arch35",
      "entity_count": 8388,
      "relation_count": 11761,
      "entities_by_kind": {
        "ARCH": 1,
        "BRANCH": 1205,
        "BUILD_VARIANT": 1,
        "COMPILE_VAR": 458,
        "FIELD": 854,
        "FILE": 47,
        "FUNCTION": 1241,
        "INPUT": 40,
        "KERNEL": 1,
        "MACRO": 158,
        "METHOD": 3053,
        "OUTPUT": 7,
        "PREDICATE": 648,
        "TEMPLATE": 1,
        "TEMPLATE_ARG": 39,
        "TILING_DATA": 11,
        "TILING_FIELD": 146,
        "TILING_KEY": 19,
        "TYPE": 49,
        "VARIABLE": 409
      },
      "relations_by_kind": {
        "ACTIVE_UNDER": 297,
        "AVAILABLE_ON": 47,
        "BINDS": 19,
        "CALLS": 5353,
        "CONTROLS": 1654,
        "DECLARES": 918,
        "DEFINES": 1,
        "DERIVES": 2009,
        "FLOWS_TO": 260,
        "GUARDED_BY": 411,
        "READS": 552,
        "REFERENCES": 5,
        "SELECTS": 84,
        "WRITES": 151
      },
      "has_host": true,
      "has_kernel": true,
      "has_host_kernel_path": true,
      "has_input_tilingkey_kernel_path": true,
      "has_tilingdata_kernel_path": true,
      "has_input_output_path": true,
      "tiling_key_root_coverage": "17/19",
      "tiling_key_host_packing_coverage": "19/19"
    },
    "audit": {
      "ok": false,
      "op_name": "flash_attention_score_grad",
      "architecture": "arch35",
      "summary": {
        "op_name": "flash_attention_score_grad",
        "architecture": "arch35",
        "entity_count": 8388,
        "relation_count": 11761,
        "entities_by_kind": {
          "ARCH": 1,
          "BRANCH": 1205,
          "BUILD_VARIANT": 1,
          "COMPILE_VAR": 458,
          "FIELD": 854,
          "FILE": 47,
          "FUNCTION": 1241,
          "INPUT": 40,
          "KERNEL": 1,
          "MACRO": 158,
          "METHOD": 3053,
          "OUTPUT": 7,
          "PREDICATE": 648,
          "TEMPLATE": 1,
          "TEMPLATE_ARG": 39,
          "TILING_DATA": 11,
          "TILING_FIELD": 146,
          "TILING_KEY": 19,
          "TYPE": 49,
          "VARIABLE": 409
        },
        "relations_by_kind": {
          "ACTIVE_UNDER": 297,
          "AVAILABLE_ON": 47,
          "BINDS": 19,
          "CALLS": 5353,
          "CONTROLS": 1654,
          "DECLARES": 918,
   

----- review -----
{
  "ok": false,
  "engine": "review",
  "path": "/mnt/d/TEST/ops-transformer/attention/flash_attention_score_grad/.ascendc-pilot/uo/flash_attention_score_grad.arch35.uo"
}
STOP at review
